=== RUN   TestAllInSeries
=== RUN   TestAllInSeries/fixtures
=== RUN   TestAllInSeries/fixtures/networkconnectivityinternalrange-full-ipcidrrange
    unified_test.go:250: not yet using SSA for create of resources in group "networkconnectivity.cnrm.cloud.google.com"
    harness.go:243: starting envtest apiserver
    harness.go:461: targeting real GCP
2025/09/28 10:45:22 [INFO] Authenticating using DefaultClient...
2025/09/28 10:45:22 [INFO]   -- Scopes: [https://www.googleapis.com/auth/cloud-platform https://www.googleapis.com/auth/userinfo.email https://www.googleapis.com/auth/drive.readonly]
2025/09/28 10:45:22 [INFO] Authenticating using DefaultClient...
2025/09/28 10:45:22 [INFO]   -- Scopes: [https://www.googleapis.com/auth/cloud-platform https://www.googleapis.com/auth/userinfo.email https://www.googleapis.com/auth/drive.readonly]
2025/09/28 10:45:22 [DEBUG] Waiting for state to become: [success]
2025/09/28 10:45:22 [INFO] Terraform is using this identity: katriel@google.com
{"severity":"info","timestamp":"2025-09-28T10:45:22.953Z","logger":"controller-runtime.webhook","msg":"Registering webhook","path":"/deny-unknown-fields"}
{"severity":"info","timestamp":"2025-09-28T10:45:22.953Z","logger":"controller-runtime.webhook","msg":"Registering webhook","path":"/iam-validation"}
{"severity":"info","timestamp":"2025-09-28T10:45:22.953Z","logger":"controller-runtime.webhook","msg":"Registering webhook","path":"/iam-defaulter"}
{"severity":"info","timestamp":"2025-09-28T10:45:22.953Z","logger":"controller-runtime.webhook","msg":"Registering webhook","path":"/container-annotation-handler"}
{"severity":"info","timestamp":"2025-09-28T10:45:22.969Z","logger":"controller-runtime.webhook","msg":"Registering webhook","path":"/management-conflict-annotation-defaulter"}
{"severity":"info","timestamp":"2025-09-28T10:45:22.969Z","logger":"controller-runtime.webhook","msg":"Registering webhook","path":"/generic-defaulter"}
{"severity":"info","timestamp":"2025-09-28T10:45:22.969Z","logger":"controller-runtime.webhook","msg":"Registering webhook","path":"/resource-validation"}
{"severity":"info","timestamp":"2025-09-28T10:45:22.970Z","logger":"controller-runtime.webhook","msg":"Registering webhook","path":"/state-into-spec-validation"}
    harness.go:762: waiting for webhook to start (webhook server has not been started yet)
{"severity":"info","timestamp":"2025-09-28T10:45:22.970Z","logger":"controller-runtime.webhook","msg":"Starting webhook server"}
{"severity":"info","timestamp":"2025-09-28T10:45:22.970Z","logger":"controller-runtime.certwatcher","msg":"Updated current TLS certificate"}
{"severity":"info","timestamp":"2025-09-28T10:45:22.971Z","logger":"controller-runtime.webhook","msg":"Serving webhook server","host":"127.0.0.1","port":36115}
{"severity":"info","timestamp":"2025-09-28T10:45:22.971Z","logger":"controller-runtime.certwatcher","msg":"Starting certificate poll+watcher","interval":"10s"}
    unified_test.go:250: not yet using SSA for create of resources in group "networkconnectivity.cnrm.cloud.google.com"
    samples.go:132: using legacy create to create object (should ideally use server-side apply) GVK compute.cnrm.cloud.google.com/v1beta1, Kind=ComputeNetwork name computenetwork-5nl5kohz4w6slty
{"severity":"info","timestamp":"2025-09-28T10:45:23.205Z","msg":"processing request","operation":"CREATE","handler":"container annotation handler","kind":"ComputeNetwork","resource":{"name":"computenetwork-5nl5kohz4w6slty","namespace":"5nl5kohz4w6slty"}}
{"severity":"info","timestamp":"2025-09-28T10:45:23.215Z","msg":"done processing request","operation":"CREATE","handler":"container annotation handler","kind":"ComputeNetwork","resource":{"name":"computenetwork-5nl5kohz4w6slty","namespace":"5nl5kohz4w6slty"}}
{"severity":"info","timestamp":"2025-09-28T10:45:23.222Z","msg":"processing request","operation":"CREATE","handler":"generic defaulter","kind":"ComputeNetwork","resource":{"name":"computenetwork-5nl5kohz4w6slty","namespace":"5nl5kohz4w6slty"}}
{"severity":"info","timestamp":"2025-09-28T10:45:23.222Z","msg":"done processing request","operation":"CREATE","handler":"generic defaulter","kind":"ComputeNetwork","resource":{"name":"computenetwork-5nl5kohz4w6slty","namespace":"5nl5kohz4w6slty"},"result-code":200,"result-reason":""}
{"severity":"info","timestamp":"2025-09-28T10:45:23.224Z","msg":"processing request","operation":"CREATE","handler":"management conflict annotation defaulter","kind":"ComputeNetwork","resource":{"name":"computenetwork-5nl5kohz4w6slty","namespace":"5nl5kohz4w6slty"}}
{"severity":"info","timestamp":"2025-09-28T10:45:23.228Z","msg":"done processing request","operation":"CREATE","handler":"management conflict annotation defaulter","kind":"ComputeNetwork","resource":{"name":"computenetwork-5nl5kohz4w6slty","namespace":"5nl5kohz4w6slty"}}
{"severity":"info","timestamp":"2025-09-28T10:45:23.234Z","msg":"processing request","operation":"CREATE","handler":"state-into-spec validation","kind":"ComputeNetwork","resource":{"name":"computenetwork-5nl5kohz4w6slty","namespace":"5nl5kohz4w6slty"}}
{"severity":"info","timestamp":"2025-09-28T10:45:23.235Z","msg":"done processing request","operation":"CREATE","handler":"state-into-spec validation","kind":"ComputeNetwork","resource":{"name":"computenetwork-5nl5kohz4w6slty","namespace":"5nl5kohz4w6slty"},"result-code":200,"result-reason":""}
{"severity":"info","timestamp":"2025-09-28T10:45:23.236Z","msg":"processing request","operation":"CREATE","handler":"unknown fields validation","kind":"ComputeNetwork","resource":{"name":"computenetwork-5nl5kohz4w6slty","namespace":"5nl5kohz4w6slty"}}
{"severity":"info","timestamp":"2025-09-28T10:45:23.236Z","msg":"done processing request","operation":"CREATE","handler":"unknown fields validation","kind":"ComputeNetwork","resource":{"name":"computenetwork-5nl5kohz4w6slty","namespace":"5nl5kohz4w6slty"},"result-code":200,"result-reason":""}
    samples.go:132: using legacy create to create object (should ideally use server-side apply) GVK networkconnectivity.cnrm.cloud.google.com/v1alpha1, Kind=NetworkConnectivityInternalRange name networkconnectivityinternalrange-full-ipcidrrange-5nl5kohz4w6slty
{"severity":"info","timestamp":"2025-09-28T10:45:23.254Z","msg":"processing request","operation":"CREATE","handler":"unknown fields validation","kind":"NetworkConnectivityInternalRange","resource":{"name":"networkconnectivityinternalrange-full-ipcidrrange-5nl5kohz4w6slty","namespace":"5nl5kohz4w6slty"}}
{"severity":"info","timestamp":"2025-09-28T10:45:23.254Z","msg":"done processing request","operation":"CREATE","handler":"unknown fields validation","kind":"NetworkConnectivityInternalRange","resource":{"name":"networkconnectivityinternalrange-full-ipcidrrange-5nl5kohz4w6slty","namespace":"5nl5kohz4w6slty"},"result-code":200,"result-reason":""}
{"severity":"info","timestamp":"2025-09-28T10:45:23.255Z","msg":"processing request","operation":"CREATE","handler":"state-into-spec validation","kind":"NetworkConnectivityInternalRange","resource":{"name":"networkconnectivityinternalrange-full-ipcidrrange-5nl5kohz4w6slty","namespace":"5nl5kohz4w6slty"}}
{"severity":"info","timestamp":"2025-09-28T10:45:23.255Z","msg":"done processing request","operation":"CREATE","handler":"state-into-spec validation","kind":"NetworkConnectivityInternalRange","resource":{"name":"networkconnectivityinternalrange-full-ipcidrrange-5nl5kohz4w6slty","namespace":"5nl5kohz4w6slty"},"result-code":200,"result-reason":""}
{"severity":"info","timestamp":"2025-09-28T10:45:23.267Z","msg":"resource does not yet have status","kind":"ComputeNetwork","name":"computenetwork-5nl5kohz4w6slty"}
{"severity":"info","timestamp":"2025-09-28T10:45:23.267Z","msg":"resource does not yet have status","kind":"NetworkConnectivityInternalRange","name":"networkconnectivityinternalrange-full-ipcidrrange-5nl5kohz4w6slty"}
{"severity":"info","timestamp":"2025-09-28T10:45:23.278Z","msg":"parent reconciler starting","controller":"networkconnectivityinternalrange-parent-controller","controllerGroup":"networkconnectivity.cnrm.cloud.google.com","controllerKind":"NetworkConnectivityInternalRange","NetworkConnectivityInternalRange":{"name":"networkconnectivityinternalrange-full-ipcidrrange-5nl5kohz4w6slty","namespace":"5nl5kohz4w6slty"},"namespace":"5nl5kohz4w6slty","name":"networkconnectivityinternalrange-full-ipcidrrange-5nl5kohz4w6slty","reconcileID":"025bc7ff-ab16-4897-9a21-5bee1a9a9aef","resource":{"name":"networkconnectivityinternalrange-full-ipcidrrange-5nl5kohz4w6slty","namespace":"5nl5kohz4w6slty"}}
{"severity":"info","timestamp":"2025-09-28T10:45:23.279Z","msg":"parent reconciler starting","controller":"computenetwork-parent-controller","controllerGroup":"compute.cnrm.cloud.google.com","controllerKind":"ComputeNetwork","ComputeNetwork":{"name":"computenetwork-5nl5kohz4w6slty","namespace":"5nl5kohz4w6slty"},"namespace":"5nl5kohz4w6slty","name":"computenetwork-5nl5kohz4w6slty","reconcileID":"93eb3870-6db6-4429-b7ec-07f986bcf12b","resource":{"name":"computenetwork-5nl5kohz4w6slty","namespace":"5nl5kohz4w6slty"}}
I0928 10:45:23.386469 1461598 kccstate.go:38] configconnector.core.cnrm.cloud.google.com object is not found
I0928 10:45:23.386516 1461598 kccstate.go:38] configconnector.core.cnrm.cloud.google.com object is not found
{"severity":"info","timestamp":"2025-09-28T10:45:23.386Z","msg":"routing to controller","controller":"networkconnectivityinternalrange-parent-controller","controllerGroup":"networkconnectivity.cnrm.cloud.google.com","controllerKind":"NetworkConnectivityInternalRange","NetworkConnectivityInternalRange":{"name":"networkconnectivityinternalrange-full-ipcidrrange-5nl5kohz4w6slty","namespace":"5nl5kohz4w6slty"},"namespace":"5nl5kohz4w6slty","name":"networkconnectivityinternalrange-full-ipcidrrange-5nl5kohz4w6slty","reconcileID":"025bc7ff-ab16-4897-9a21-5bee1a9a9aef","type":"direct"}
{"severity":"info","timestamp":"2025-09-28T10:45:23.386Z","msg":"routing to Direct reconciler","controller":"networkconnectivityinternalrange-parent-controller","controllerGroup":"networkconnectivity.cnrm.cloud.google.com","controllerKind":"NetworkConnectivityInternalRange","NetworkConnectivityInternalRange":{"name":"networkconnectivityinternalrange-full-ipcidrrange-5nl5kohz4w6slty","namespace":"5nl5kohz4w6slty"},"namespace":"5nl5kohz4w6slty","name":"networkconnectivityinternalrange-full-ipcidrrange-5nl5kohz4w6slty","reconcileID":"025bc7ff-ab16-4897-9a21-5bee1a9a9aef"}
{"severity":"info","timestamp":"2025-09-28T10:45:23.386Z","msg":"Running reconcile","controller":"networkconnectivityinternalrange-parent-controller","controllerGroup":"networkconnectivity.cnrm.cloud.google.com","controllerKind":"NetworkConnectivityInternalRange","NetworkConnectivityInternalRange":{"name":"networkconnectivityinternalrange-full-ipcidrrange-5nl5kohz4w6slty","namespace":"5nl5kohz4w6slty"},"namespace":"5nl5kohz4w6slty","name":"networkconnectivityinternalrange-full-ipcidrrange-5nl5kohz4w6slty","reconcileID":"025bc7ff-ab16-4897-9a21-5bee1a9a9aef","resource":{"name":"networkconnectivityinternalrange-full-ipcidrrange-5nl5kohz4w6slty","namespace":"5nl5kohz4w6slty"}}
{"severity":"info","timestamp":"2025-09-28T10:45:23.386Z","msg":"routing to controller","controller":"computenetwork-parent-controller","controllerGroup":"compute.cnrm.cloud.google.com","controllerKind":"ComputeNetwork","ComputeNetwork":{"name":"computenetwork-5nl5kohz4w6slty","namespace":"5nl5kohz4w6slty"},"namespace":"5nl5kohz4w6slty","name":"computenetwork-5nl5kohz4w6slty","reconcileID":"93eb3870-6db6-4429-b7ec-07f986bcf12b","type":"tf"}
{"severity":"info","timestamp":"2025-09-28T10:45:23.386Z","msg":"routing to TF reconciler","controller":"computenetwork-parent-controller","controllerGroup":"compute.cnrm.cloud.google.com","controllerKind":"ComputeNetwork","ComputeNetwork":{"name":"computenetwork-5nl5kohz4w6slty","namespace":"5nl5kohz4w6slty"},"namespace":"5nl5kohz4w6slty","name":"computenetwork-5nl5kohz4w6slty","reconcileID":"93eb3870-6db6-4429-b7ec-07f986bcf12b"}
{"severity":"info","timestamp":"2025-09-28T10:45:23.386Z","logger":"computenetwork-controller","msg":"starting reconcile","controllerType":"terraform","resource":{"name":"computenetwork-5nl5kohz4w6slty","namespace":"5nl5kohz4w6slty"}}
{"severity":"info","timestamp":"2025-09-28T10:45:23.392Z","msg":"structuredreporting OnReconcileStart","controller":"computenetwork-parent-controller","controllerGroup":"compute.cnrm.cloud.google.com","controllerKind":"ComputeNetwork","ComputeNetwork":{"name":"computenetwork-5nl5kohz4w6slty","namespace":"5nl5kohz4w6slty"},"namespace":"5nl5kohz4w6slty","name":"computenetwork-5nl5kohz4w6slty","reconcileID":"93eb3870-6db6-4429-b7ec-07f986bcf12b","object.kind":"ComputeNetwork","object.name":"computenetwork-5nl5kohz4w6slty"}
I0928 10:45:23.392897 1461598 kccstate.go:38] configconnector.core.cnrm.cloud.google.com object is not found
{"severity":"info","timestamp":"2025-09-28T10:45:23.393Z","msg":"structuredreporting OnReconcileStart","controller":"networkconnectivityinternalrange-parent-controller","controllerGroup":"networkconnectivity.cnrm.cloud.google.com","controllerKind":"NetworkConnectivityInternalRange","NetworkConnectivityInternalRange":{"name":"networkconnectivityinternalrange-full-ipcidrrange-5nl5kohz4w6slty","namespace":"5nl5kohz4w6slty"},"namespace":"5nl5kohz4w6slty","name":"networkconnectivityinternalrange-full-ipcidrrange-5nl5kohz4w6slty","reconcileID":"025bc7ff-ab16-4897-9a21-5bee1a9a9aef","object.kind":"NetworkConnectivityInternalRange","object.name":"networkconnectivityinternalrange-full-ipcidrrange-5nl5kohz4w6slty"}
I0928 10:45:23.393311 1461598 kccstate.go:38] configconnector.core.cnrm.cloud.google.com object is not found
{"severity":"info","timestamp":"2025-09-28T10:45:23.399Z","msg":"processing request","operation":"UPDATE","handler":"state-into-spec validation","kind":"ComputeNetwork","resource":{"name":"computenetwork-5nl5kohz4w6slty","namespace":"5nl5kohz4w6slty"}}
{"severity":"info","timestamp":"2025-09-28T10:45:23.399Z","msg":"processing request","operation":"UPDATE","handler":"unknown fields validation","kind":"ComputeNetwork","resource":{"name":"computenetwork-5nl5kohz4w6slty","namespace":"5nl5kohz4w6slty"}}
{"severity":"info","timestamp":"2025-09-28T10:45:23.399Z","msg":"done processing request","operation":"UPDATE","handler":"state-into-spec validation","kind":"ComputeNetwork","resource":{"name":"computenetwork-5nl5kohz4w6slty","namespace":"5nl5kohz4w6slty"},"result-code":200,"result-reason":""}
{"severity":"info","timestamp":"2025-09-28T10:45:23.401Z","msg":"done processing request","operation":"UPDATE","handler":"unknown fields validation","kind":"ComputeNetwork","resource":{"name":"computenetwork-5nl5kohz4w6slty","namespace":"5nl5kohz4w6slty"},"result-code":200,"result-reason":""}
I0928 10:45:23.412873 1461598 kccstate.go:38] configconnector.core.cnrm.cloud.google.com object is not found
2025/09/28 10:45:23 [DEBUG] matching ID projects/cnrm-katriel/global/networks/computenetwork-5nl5kohz4w6slty to regex projects/(?P<project>[^/]+)/global/networks/(?P<name>[^/]+).
2025/09/28 10:45:23 [DEBUG] importing project = cnrm-katriel
2025/09/28 10:45:23 [DEBUG] importing name = computenetwork-5nl5kohz4w6slty
2025/09/28 10:45:23 [DEBUG] Waiting for state to become: [success]
2025/09/28 10:45:23 [DEBUG] Retry Transport: starting RoundTrip retry loop
2025/09/28 10:45:23 [DEBUG] Retry Transport: request attempt 0
2025/09/28 10:45:23 [DEBUG] Retry Transport: Stopping retries, last request failed with non-retryable error: googleapi: got HTTP response code 404 with body: HTTP/2.0 404 Not Found
Content-Type: application/json; charset=UTF-8
Date: Sun, 28 Sep 2025 10:45:23 GMT
Server: ESF
Vary: Origin
Vary: X-Origin
Vary: Referer
X-Content-Type-Options: nosniff
X-Frame-Options: SAMEORIGIN
X-Xss-Protection: 0

{
  "error": {
    "code": 404,
    "message": "The resource 'projects/cnrm-katriel/global/networks/computenetwork-5nl5kohz4w6slty' was not found",
    "errors": [
      {
        "message": "The resource 'projects/cnrm-katriel/global/networks/computenetwork-5nl5kohz4w6slty' was not found",
        "domain": "global",
        "reason": "notFound",
        "debugInfo": "java.lang.Exception\n\tat com.google.cloud.control.common.publicerrors.PublicErrorProtoUtils.newErrorBuilder(PublicErrorProtoUtils.java:2281)\n\tat com.google.cloud.control.common.publicerrors.PublicErrorProtoUtils.newErrorBuilder(PublicErrorProtoUtils.java:2273)\n\tat com.google.cloud.control.common.publicerrors.PublicErrorProtoUtils.createResourceNotFoundError(PublicErrorProtoUtils.java:200)\n\tat com.google.cloud.control.frontend.PublicResourceRepository.getEntityKeyOrThrow(PublicResourceRepository.java:242)\n\tat com.google.cloud.control.frontend.PublicResourceRepository.loadResource(PublicResourceRepository.java:185)\n\tat com.google.cloud.control.frontend.action.SimpleCustomMixerGetActionHandler.getTargetEntity(SimpleCustomMixerGetActionHandler.java:97)\n\tat com.google.cloud.control.frontend.action.SimpleCustomMixerGetActionHandler.performRead(SimpleCustomMixerGetActionHandler.java:113)\n\tat com.google.cloud.control.frontend.action.CustomMixerReadActionExecutor$InnerHandler.runAttempt(CustomMixerReadActionExecutor.java:355)\n\tat com.google.cloud.control.frontend.action.CustomMixerReadActionExecutor$InnerHandler.runAttempt(CustomMixerReadActionExecutor.java:258)\n\tat com.google.cloud.cluster.metastore.RetryingMetastoreTransactionExecutor$1.runAttempt(RetryingMetastoreTransactionExecutor.java:94)\n\tat com.google.cloud.cluster.metastore.MetastoreRetryLoop.runHandler(MetastoreRetryLoop.java:524)\n\t...Stack trace is shortened.\n"
      }
    ]
  }
}
2025/09/28 10:45:23 [DEBUG] Retry Transport: Returning after 1 attempts
2025/09/28 10:45:23 [WARN] Removing ComputeNetwork "projects/cnrm-katriel/global/networks/computenetwork-5nl5kohz4w6slty" because it's gone
{"severity":"info","timestamp":"2025-09-28T10:45:23.773Z","msg":"processing request","operation":"UPDATE","handler":"state-into-spec validation","kind":"ComputeNetwork","resource":{"name":"computenetwork-5nl5kohz4w6slty","namespace":"5nl5kohz4w6slty"}}
{"severity":"info","timestamp":"2025-09-28T10:45:23.773Z","msg":"done processing request","operation":"UPDATE","handler":"state-into-spec validation","kind":"ComputeNetwork","resource":{"name":"computenetwork-5nl5kohz4w6slty","namespace":"5nl5kohz4w6slty"},"result-code":200,"result-reason":""}
{"severity":"info","timestamp":"2025-09-28T10:45:23.773Z","msg":"processing request","operation":"UPDATE","handler":"unknown fields validation","kind":"ComputeNetwork","resource":{"name":"computenetwork-5nl5kohz4w6slty","namespace":"5nl5kohz4w6slty"}}
{"severity":"info","timestamp":"2025-09-28T10:45:23.774Z","msg":"done processing request","operation":"UPDATE","handler":"unknown fields validation","kind":"ComputeNetwork","resource":{"name":"computenetwork-5nl5kohz4w6slty","namespace":"5nl5kohz4w6slty"},"result-code":200,"result-reason":""}
{"severity":"info","timestamp":"2025-09-28T10:45:23.792Z","msg":"structuredreporting OnDiff","controller":"computenetwork-parent-controller","controllerGroup":"compute.cnrm.cloud.google.com","controllerKind":"ComputeNetwork","ComputeNetwork":{"name":"computenetwork-5nl5kohz4w6slty","namespace":"5nl5kohz4w6slty"},"namespace":"5nl5kohz4w6slty","name":"computenetwork-5nl5kohz4w6slty","reconcileID":"93eb3870-6db6-4429-b7ec-07f986bcf12b","diff.fields":[{"ID":"routing_mode","Old":"","New":""},{"ID":"self_link","Old":"","New":""},{"ID":"network_firewall_policy_enforcement_order","Old":"","New":"AFTER_CLASSIC_FIREWALL"},{"ID":"gateway_ipv4","Old":"","New":""},{"ID":"auto_create_subnetworks","Old":"","New":"false"},{"ID":"internal_ipv6_range","Old":"","New":""},{"ID":"mtu","Old":"","New":""},{"ID":"delete_default_routes_on_create","Old":"","New":"false"},{"ID":"project","Old":"","New":"cnrm-katriel"},{"ID":"name","Old":"","New":"computenetwork-5nl5kohz4w6slty"}],"diff.isNewObject":true}
{"severity":"info","timestamp":"2025-09-28T10:45:23.792Z","logger":"computenetwork-controller","msg":"creating/updating underlying resource","controllerType":"terraform","resource":{"name":"computenetwork-5nl5kohz4w6slty","namespace":"5nl5kohz4w6slty"}}
2025/09/28 10:45:23 [DEBUG] Creating new Network: map[string]interface {}{"autoCreateSubnetworks":false, "name":"computenetwork-5nl5kohz4w6slty", "networkFirewallPolicyEnforcementOrder":"AFTER_CLASSIC_FIREWALL"}
2025/09/28 10:45:23 [DEBUG] Waiting for state to become: [success]
2025/09/28 10:45:23 [DEBUG] Retry Transport: starting RoundTrip retry loop
2025/09/28 10:45:23 [DEBUG] Retry Transport: request attempt 0
{"severity":"info","timestamp":"2025-09-28T10:45:24.208Z","msg":"processing request","operation":"UPDATE","handler":"state-into-spec validation","kind":"NetworkConnectivityInternalRange","resource":{"name":"networkconnectivityinternalrange-full-ipcidrrange-5nl5kohz4w6slty","namespace":"5nl5kohz4w6slty"}}
{"severity":"info","timestamp":"2025-09-28T10:45:24.208Z","msg":"processing request","operation":"UPDATE","handler":"unknown fields validation","kind":"NetworkConnectivityInternalRange","resource":{"name":"networkconnectivityinternalrange-full-ipcidrrange-5nl5kohz4w6slty","namespace":"5nl5kohz4w6slty"}}
{"severity":"info","timestamp":"2025-09-28T10:45:24.209Z","msg":"done processing request","operation":"UPDATE","handler":"unknown fields validation","kind":"NetworkConnectivityInternalRange","resource":{"name":"networkconnectivityinternalrange-full-ipcidrrange-5nl5kohz4w6slty","namespace":"5nl5kohz4w6slty"},"result-code":200,"result-reason":""}
{"severity":"info","timestamp":"2025-09-28T10:45:24.209Z","msg":"done processing request","operation":"UPDATE","handler":"state-into-spec validation","kind":"NetworkConnectivityInternalRange","resource":{"name":"networkconnectivityinternalrange-full-ipcidrrange-5nl5kohz4w6slty","namespace":"5nl5kohz4w6slty"},"result-code":200,"result-reason":""}
{"severity":"info","timestamp":"2025-09-28T10:45:24.274Z","msg":"resource is not ready","kind":"ComputeNetwork","name":"computenetwork-5nl5kohz4w6slty","conditions":[{"lastTransitionTime":"2025-09-28T10:45:23Z","message":"Update in progress","reason":"Updating","status":"False","type":"Ready"}]}
{"severity":"info","timestamp":"2025-09-28T10:45:24.275Z","msg":"resource does not yet have status","kind":"NetworkConnectivityInternalRange","name":"networkconnectivityinternalrange-full-ipcidrrange-5nl5kohz4w6slty"}
2025/09/28 10:45:24 [DEBUG] Retry Transport: Stopping retries, last request was successful
2025/09/28 10:45:24 [DEBUG] Retry Transport: Returning after 1 attempts
2025/09/28 10:45:24 [INFO] Instantiating GCE client for path https://compute.googleapis.com/compute/beta/
2025/09/28 10:45:24 [DEBUG] Waiting for state to become: [DONE]
2025/09/28 10:45:24 [DEBUG] Retry Transport: starting RoundTrip retry loop
2025/09/28 10:45:24 [DEBUG] Retry Transport: request attempt 0
2025/09/28 10:45:24 [DEBUG] Retry Transport: Stopping retries, last request was successful
2025/09/28 10:45:24 [DEBUG] Retry Transport: Returning after 1 attempts
2025/09/28 10:45:24 [DEBUG] Got RUNNING while polling for operation operation-1759056323856-63fda3752ca1f-adc136f5-92869154's status
2025/09/28 10:45:24 [TRACE] Waiting 10s before next try
{"severity":"info","timestamp":"2025-09-28T10:45:25.273Z","msg":"resource is not ready","kind":"ComputeNetwork","name":"computenetwork-5nl5kohz4w6slty","conditions":[{"lastTransitionTime":"2025-09-28T10:45:23Z","message":"Update in progress","reason":"Updating","status":"False","type":"Ready"}]}
{"severity":"info","timestamp":"2025-09-28T10:45:25.273Z","msg":"resource does not yet have status","kind":"NetworkConnectivityInternalRange","name":"networkconnectivityinternalrange-full-ipcidrrange-5nl5kohz4w6slty"}
{"severity":"info","timestamp":"2025-09-28T10:45:26.274Z","msg":"resource does not yet have status","kind":"NetworkConnectivityInternalRange","name":"networkconnectivityinternalrange-full-ipcidrrange-5nl5kohz4w6slty"}
{"severity":"info","timestamp":"2025-09-28T10:45:26.274Z","msg":"resource is not ready","kind":"ComputeNetwork","name":"computenetwork-5nl5kohz4w6slty","conditions":[{"lastTransitionTime":"2025-09-28T10:45:23Z","message":"Update in progress","reason":"Updating","status":"False","type":"Ready"}]}
{"severity":"info","timestamp":"2025-09-28T10:45:27.272Z","msg":"resource is not ready","kind":"ComputeNetwork","name":"computenetwork-5nl5kohz4w6slty","conditions":[{"lastTransitionTime":"2025-09-28T10:45:23Z","message":"Update in progress","reason":"Updating","status":"False","type":"Ready"}]}
{"severity":"info","timestamp":"2025-09-28T10:45:27.273Z","msg":"resource does not yet have status","kind":"NetworkConnectivityInternalRange","name":"networkconnectivityinternalrange-full-ipcidrrange-5nl5kohz4w6slty"}
{"severity":"info","timestamp":"2025-09-28T10:45:28.275Z","msg":"resource is not ready","kind":"ComputeNetwork","name":"computenetwork-5nl5kohz4w6slty","conditions":[{"lastTransitionTime":"2025-09-28T10:45:23Z","message":"Update in progress","reason":"Updating","status":"False","type":"Ready"}]}
{"severity":"info","timestamp":"2025-09-28T10:45:28.277Z","msg":"resource does not yet have status","kind":"NetworkConnectivityInternalRange","name":"networkconnectivityinternalrange-full-ipcidrrange-5nl5kohz4w6slty"}
{"severity":"info","timestamp":"2025-09-28T10:45:29.273Z","msg":"resource does not yet have status","kind":"NetworkConnectivityInternalRange","name":"networkconnectivityinternalrange-full-ipcidrrange-5nl5kohz4w6slty"}
{"severity":"info","timestamp":"2025-09-28T10:45:29.274Z","msg":"resource is not ready","kind":"ComputeNetwork","name":"computenetwork-5nl5kohz4w6slty","conditions":[{"lastTransitionTime":"2025-09-28T10:45:23Z","message":"Update in progress","reason":"Updating","status":"False","type":"Ready"}]}
{"severity":"info","timestamp":"2025-09-28T10:45:29.689Z","msg":"processing request","operation":"UPDATE","handler":"unknown fields validation","kind":"NetworkConnectivityInternalRange","resource":{"name":"networkconnectivityinternalrange-full-ipcidrrange-5nl5kohz4w6slty","namespace":"5nl5kohz4w6slty"}}
{"severity":"info","timestamp":"2025-09-28T10:45:29.689Z","msg":"processing request","operation":"UPDATE","handler":"state-into-spec validation","kind":"NetworkConnectivityInternalRange","resource":{"name":"networkconnectivityinternalrange-full-ipcidrrange-5nl5kohz4w6slty","namespace":"5nl5kohz4w6slty"}}
{"severity":"info","timestamp":"2025-09-28T10:45:29.689Z","msg":"done processing request","operation":"UPDATE","handler":"state-into-spec validation","kind":"NetworkConnectivityInternalRange","resource":{"name":"networkconnectivityinternalrange-full-ipcidrrange-5nl5kohz4w6slty","namespace":"5nl5kohz4w6slty"},"result-code":200,"result-reason":""}
{"severity":"info","timestamp":"2025-09-28T10:45:29.690Z","msg":"done processing request","operation":"UPDATE","handler":"unknown fields validation","kind":"NetworkConnectivityInternalRange","resource":{"name":"networkconnectivityinternalrange-full-ipcidrrange-5nl5kohz4w6slty","namespace":"5nl5kohz4w6slty"},"result-code":200,"result-reason":""}
{"severity":"info","timestamp":"2025-09-28T10:45:29.709Z","msg":"successfully finished reconcile","controller":"networkconnectivityinternalrange-parent-controller","controllerGroup":"networkconnectivity.cnrm.cloud.google.com","controllerKind":"NetworkConnectivityInternalRange","NetworkConnectivityInternalRange":{"name":"networkconnectivityinternalrange-full-ipcidrrange-5nl5kohz4w6slty","namespace":"5nl5kohz4w6slty"},"namespace":"5nl5kohz4w6slty","name":"networkconnectivityinternalrange-full-ipcidrrange-5nl5kohz4w6slty","reconcileID":"025bc7ff-ab16-4897-9a21-5bee1a9a9aef","resource":{"name":"networkconnectivityinternalrange-full-ipcidrrange-5nl5kohz4w6slty","namespace":"5nl5kohz4w6slty"},"time to next reconciliation":"7m20.226491305s"}
{"severity":"info","timestamp":"2025-09-28T10:45:29.709Z","msg":"structuredreporting OnReconcileEnd","controller":"networkconnectivityinternalrange-parent-controller","controllerGroup":"networkconnectivity.cnrm.cloud.google.com","controllerKind":"NetworkConnectivityInternalRange","NetworkConnectivityInternalRange":{"name":"networkconnectivityinternalrange-full-ipcidrrange-5nl5kohz4w6slty","namespace":"5nl5kohz4w6slty"},"namespace":"5nl5kohz4w6slty","name":"networkconnectivityinternalrange-full-ipcidrrange-5nl5kohz4w6slty","reconcileID":"025bc7ff-ab16-4897-9a21-5bee1a9a9aef","object.kind":"NetworkConnectivityInternalRange","object.name":"networkconnectivityinternalrange-full-ipcidrrange-5nl5kohz4w6slty","result":{"Requeue":false,"RequeueAfter":0},"error":null}
{"severity":"info","timestamp":"2025-09-28T10:45:30.273Z","msg":"resource is not ready","kind":"ComputeNetwork","name":"computenetwork-5nl5kohz4w6slty","conditions":[{"lastTransitionTime":"2025-09-28T10:45:23Z","message":"Update in progress","reason":"Updating","status":"False","type":"Ready"}]}
{"severity":"info","timestamp":"2025-09-28T10:45:30.273Z","msg":"resource is ready","kind":"NetworkConnectivityInternalRange","name":"networkconnectivityinternalrange-full-ipcidrrange-5nl5kohz4w6slty"}
{"severity":"info","timestamp":"2025-09-28T10:45:31.274Z","msg":"resource is not ready","kind":"ComputeNetwork","name":"computenetwork-5nl5kohz4w6slty","conditions":[{"lastTransitionTime":"2025-09-28T10:45:23Z","message":"Update in progress","reason":"Updating","status":"False","type":"Ready"}]}
{"severity":"info","timestamp":"2025-09-28T10:45:32.275Z","msg":"resource is not ready","kind":"ComputeNetwork","name":"computenetwork-5nl5kohz4w6slty","conditions":[{"lastTransitionTime":"2025-09-28T10:45:23Z","message":"Update in progress","reason":"Updating","status":"False","type":"Ready"}]}
{"severity":"info","timestamp":"2025-09-28T10:45:33.273Z","msg":"resource is not ready","kind":"ComputeNetwork","name":"computenetwork-5nl5kohz4w6slty","conditions":[{"lastTransitionTime":"2025-09-28T10:45:23Z","message":"Update in progress","reason":"Updating","status":"False","type":"Ready"}]}
{"severity":"info","timestamp":"2025-09-28T10:45:34.276Z","msg":"resource is not ready","kind":"ComputeNetwork","name":"computenetwork-5nl5kohz4w6slty","conditions":[{"lastTransitionTime":"2025-09-28T10:45:23Z","message":"Update in progress","reason":"Updating","status":"False","type":"Ready"}]}
2025/09/28 10:45:34 [DEBUG] Retry Transport: starting RoundTrip retry loop
2025/09/28 10:45:34 [DEBUG] Retry Transport: request attempt 0
{"severity":"info","timestamp":"2025-09-28T10:45:35.291Z","msg":"resource is not ready","kind":"ComputeNetwork","name":"computenetwork-5nl5kohz4w6slty","conditions":[{"lastTransitionTime":"2025-09-28T10:45:23Z","message":"Update in progress","reason":"Updating","status":"False","type":"Ready"}]}
2025/09/28 10:45:35 [DEBUG] Retry Transport: Stopping retries, last request was successful
2025/09/28 10:45:35 [DEBUG] Retry Transport: Returning after 1 attempts
2025/09/28 10:45:35 [DEBUG] Got RUNNING while polling for operation operation-1759056323856-63fda3752ca1f-adc136f5-92869154's status
2025/09/28 10:45:35 [TRACE] Waiting 10s before next try
{"severity":"info","timestamp":"2025-09-28T10:45:36.280Z","msg":"resource is not ready","kind":"ComputeNetwork","name":"computenetwork-5nl5kohz4w6slty","conditions":[{"lastTransitionTime":"2025-09-28T10:45:23Z","message":"Update in progress","reason":"Updating","status":"False","type":"Ready"}]}
{"severity":"info","timestamp":"2025-09-28T10:45:37.297Z","msg":"resource is not ready","kind":"ComputeNetwork","name":"computenetwork-5nl5kohz4w6slty","conditions":[{"lastTransitionTime":"2025-09-28T10:45:23Z","message":"Update in progress","reason":"Updating","status":"False","type":"Ready"}]}
{"severity":"info","timestamp":"2025-09-28T10:45:38.275Z","msg":"resource is not ready","kind":"ComputeNetwork","name":"computenetwork-5nl5kohz4w6slty","conditions":[{"lastTransitionTime":"2025-09-28T10:45:23Z","message":"Update in progress","reason":"Updating","status":"False","type":"Ready"}]}
{"severity":"info","timestamp":"2025-09-28T10:45:39.275Z","msg":"resource is not ready","kind":"ComputeNetwork","name":"computenetwork-5nl5kohz4w6slty","conditions":[{"lastTransitionTime":"2025-09-28T10:45:23Z","message":"Update in progress","reason":"Updating","status":"False","type":"Ready"}]}
{"severity":"info","timestamp":"2025-09-28T10:45:40.276Z","msg":"resource is not ready","kind":"ComputeNetwork","name":"computenetwork-5nl5kohz4w6slty","conditions":[{"lastTransitionTime":"2025-09-28T10:45:23Z","message":"Update in progress","reason":"Updating","status":"False","type":"Ready"}]}
{"severity":"info","timestamp":"2025-09-28T10:45:41.295Z","msg":"resource is not ready","kind":"ComputeNetwork","name":"computenetwork-5nl5kohz4w6slty","conditions":[{"lastTransitionTime":"2025-09-28T10:45:23Z","message":"Update in progress","reason":"Updating","status":"False","type":"Ready"}]}
{"severity":"info","timestamp":"2025-09-28T10:45:42.274Z","msg":"resource is not ready","kind":"ComputeNetwork","name":"computenetwork-5nl5kohz4w6slty","conditions":[{"lastTransitionTime":"2025-09-28T10:45:23Z","message":"Update in progress","reason":"Updating","status":"False","type":"Ready"}]}
{"severity":"info","timestamp":"2025-09-28T10:45:43.274Z","msg":"resource is not ready","kind":"ComputeNetwork","name":"computenetwork-5nl5kohz4w6slty","conditions":[{"lastTransitionTime":"2025-09-28T10:45:23Z","message":"Update in progress","reason":"Updating","status":"False","type":"Ready"}]}
{"severity":"info","timestamp":"2025-09-28T10:45:44.276Z","msg":"resource is not ready","kind":"ComputeNetwork","name":"computenetwork-5nl5kohz4w6slty","conditions":[{"lastTransitionTime":"2025-09-28T10:45:23Z","message":"Update in progress","reason":"Updating","status":"False","type":"Ready"}]}
{"severity":"info","timestamp":"2025-09-28T10:45:45.275Z","msg":"resource is not ready","kind":"ComputeNetwork","name":"computenetwork-5nl5kohz4w6slty","conditions":[{"lastTransitionTime":"2025-09-28T10:45:23Z","message":"Update in progress","reason":"Updating","status":"False","type":"Ready"}]}
2025/09/28 10:45:45 [DEBUG] Retry Transport: starting RoundTrip retry loop
2025/09/28 10:45:45 [DEBUG] Retry Transport: request attempt 0
2025/09/28 10:45:45 [DEBUG] Retry Transport: Stopping retries, last request was successful
2025/09/28 10:45:45 [DEBUG] Retry Transport: Returning after 1 attempts
2025/09/28 10:45:45 [DEBUG] Got DONE while polling for operation operation-1759056323856-63fda3752ca1f-adc136f5-92869154's status
2025/09/28 10:45:45 [DEBUG] Finished creating Network "projects/cnrm-katriel/global/networks/computenetwork-5nl5kohz4w6slty": map[string]interface {}{"id":"4094110997390077739", "insertTime":"2025-09-28T03:45:24.211-07:00", "kind":"compute#operation", "name":"operation-1759056323856-63fda3752ca1f-adc136f5-92869154", "operationType":"insert", "progress":0, "selfLink":"https://www.googleapis.com/compute/beta/projects/cnrm-katriel/global/operations/operation-1759056323856-63fda3752ca1f-adc136f5-92869154", "startTime":"2025-09-28T03:45:24.214-07:00", "status":"RUNNING", "targetId":"607584691141521195", "targetLink":"https://www.googleapis.com/compute/beta/projects/cnrm-katriel/global/networks/computenetwork-5nl5kohz4w6slty", "user":"katriel@google.com"}
2025/09/28 10:45:45 [DEBUG] Waiting for state to become: [success]
2025/09/28 10:45:45 [DEBUG] Retry Transport: starting RoundTrip retry loop
2025/09/28 10:45:45 [DEBUG] Retry Transport: request attempt 0
2025/09/28 10:45:45 [DEBUG] Retry Transport: Stopping retries, last request was successful
2025/09/28 10:45:45 [DEBUG] Retry Transport: Returning after 1 attempts
{"severity":"info","timestamp":"2025-09-28T10:45:45.898Z","msg":"processing request","operation":"UPDATE","handler":"state-into-spec validation","kind":"ComputeNetwork","resource":{"name":"computenetwork-5nl5kohz4w6slty","namespace":"5nl5kohz4w6slty"}}
{"severity":"info","timestamp":"2025-09-28T10:45:45.898Z","msg":"processing request","operation":"UPDATE","handler":"unknown fields validation","kind":"ComputeNetwork","resource":{"name":"computenetwork-5nl5kohz4w6slty","namespace":"5nl5kohz4w6slty"}}
{"severity":"info","timestamp":"2025-09-28T10:45:45.898Z","msg":"done processing request","operation":"UPDATE","handler":"state-into-spec validation","kind":"ComputeNetwork","resource":{"name":"computenetwork-5nl5kohz4w6slty","namespace":"5nl5kohz4w6slty"},"result-code":200,"result-reason":""}
{"severity":"info","timestamp":"2025-09-28T10:45:45.899Z","msg":"done processing request","operation":"UPDATE","handler":"unknown fields validation","kind":"ComputeNetwork","resource":{"name":"computenetwork-5nl5kohz4w6slty","namespace":"5nl5kohz4w6slty"},"result-code":200,"result-reason":""}
{"severity":"info","timestamp":"2025-09-28T10:45:45.916Z","logger":"computenetwork-controller","msg":"successfully finished reconcile","controllerType":"terraform","resource":{"name":"computenetwork-5nl5kohz4w6slty","namespace":"5nl5kohz4w6slty"},"time to next reconciliation":"6m35.638183089s"}
{"severity":"info","timestamp":"2025-09-28T10:45:45.916Z","msg":"structuredreporting OnReconcileEnd","controller":"computenetwork-parent-controller","controllerGroup":"compute.cnrm.cloud.google.com","controllerKind":"ComputeNetwork","ComputeNetwork":{"name":"computenetwork-5nl5kohz4w6slty","namespace":"5nl5kohz4w6slty"},"namespace":"5nl5kohz4w6slty","name":"computenetwork-5nl5kohz4w6slty","reconcileID":"93eb3870-6db6-4429-b7ec-07f986bcf12b","object.kind":"ComputeNetwork","object.name":"computenetwork-5nl5kohz4w6slty","result":{"Requeue":false,"RequeueAfter":0},"error":null}
{"severity":"info","timestamp":"2025-09-28T10:45:45.917Z","msg":"parent reconciler starting","controller":"computenetwork-parent-controller","controllerGroup":"compute.cnrm.cloud.google.com","controllerKind":"ComputeNetwork","ComputeNetwork":{"name":"computenetwork-5nl5kohz4w6slty","namespace":"5nl5kohz4w6slty"},"namespace":"5nl5kohz4w6slty","name":"computenetwork-5nl5kohz4w6slty","reconcileID":"d3b3ad3d-9a42-4097-a6ae-8a3a9c2b909b","resource":{"name":"computenetwork-5nl5kohz4w6slty","namespace":"5nl5kohz4w6slty"}}
I0928 10:45:45.922289 1461598 kccstate.go:38] configconnector.core.cnrm.cloud.google.com object is not found
{"severity":"info","timestamp":"2025-09-28T10:45:45.922Z","msg":"routing to controller","controller":"computenetwork-parent-controller","controllerGroup":"compute.cnrm.cloud.google.com","controllerKind":"ComputeNetwork","ComputeNetwork":{"name":"computenetwork-5nl5kohz4w6slty","namespace":"5nl5kohz4w6slty"},"namespace":"5nl5kohz4w6slty","name":"computenetwork-5nl5kohz4w6slty","reconcileID":"d3b3ad3d-9a42-4097-a6ae-8a3a9c2b909b","type":"tf"}
{"severity":"info","timestamp":"2025-09-28T10:45:45.922Z","msg":"routing to TF reconciler","controller":"computenetwork-parent-controller","controllerGroup":"compute.cnrm.cloud.google.com","controllerKind":"ComputeNetwork","ComputeNetwork":{"name":"computenetwork-5nl5kohz4w6slty","namespace":"5nl5kohz4w6slty"},"namespace":"5nl5kohz4w6slty","name":"computenetwork-5nl5kohz4w6slty","reconcileID":"d3b3ad3d-9a42-4097-a6ae-8a3a9c2b909b"}
{"severity":"info","timestamp":"2025-09-28T10:45:45.922Z","logger":"computenetwork-controller","msg":"starting reconcile","controllerType":"terraform","resource":{"name":"computenetwork-5nl5kohz4w6slty","namespace":"5nl5kohz4w6slty"}}
{"severity":"info","timestamp":"2025-09-28T10:45:45.928Z","msg":"structuredreporting OnReconcileStart","controller":"computenetwork-parent-controller","controllerGroup":"compute.cnrm.cloud.google.com","controllerKind":"ComputeNetwork","ComputeNetwork":{"name":"computenetwork-5nl5kohz4w6slty","namespace":"5nl5kohz4w6slty"},"namespace":"5nl5kohz4w6slty","name":"computenetwork-5nl5kohz4w6slty","reconcileID":"d3b3ad3d-9a42-4097-a6ae-8a3a9c2b909b","object.kind":"ComputeNetwork","object.name":"computenetwork-5nl5kohz4w6slty"}
I0928 10:45:45.932507 1461598 kccstate.go:38] configconnector.core.cnrm.cloud.google.com object is not found
2025/09/28 10:45:45 [DEBUG] matching ID projects/cnrm-katriel/global/networks/computenetwork-5nl5kohz4w6slty to regex projects/(?P<project>[^/]+)/global/networks/(?P<name>[^/]+).
2025/09/28 10:45:45 [DEBUG] importing project = cnrm-katriel
2025/09/28 10:45:45 [DEBUG] importing name = computenetwork-5nl5kohz4w6slty
2025/09/28 10:45:45 [DEBUG] Waiting for state to become: [success]
2025/09/28 10:45:45 [DEBUG] Retry Transport: starting RoundTrip retry loop
2025/09/28 10:45:45 [DEBUG] Retry Transport: request attempt 0
2025/09/28 10:45:46 [DEBUG] Retry Transport: Stopping retries, last request was successful
2025/09/28 10:45:46 [DEBUG] Retry Transport: Returning after 1 attempts
{"severity":"info","timestamp":"2025-09-28T10:45:46.235Z","logger":"computenetwork-controller","msg":"underlying resource already up to date","controllerType":"terraform","resource":{"name":"computenetwork-5nl5kohz4w6slty","namespace":"5nl5kohz4w6slty"}}
{"severity":"info","timestamp":"2025-09-28T10:45:46.244Z","msg":"processing request","operation":"UPDATE","handler":"state-into-spec validation","kind":"ComputeNetwork","resource":{"name":"computenetwork-5nl5kohz4w6slty","namespace":"5nl5kohz4w6slty"}}
{"severity":"info","timestamp":"2025-09-28T10:45:46.244Z","msg":"done processing request","operation":"UPDATE","handler":"state-into-spec validation","kind":"ComputeNetwork","resource":{"name":"computenetwork-5nl5kohz4w6slty","namespace":"5nl5kohz4w6slty"},"result-code":200,"result-reason":""}
{"severity":"info","timestamp":"2025-09-28T10:45:46.244Z","msg":"processing request","operation":"UPDATE","handler":"unknown fields validation","kind":"ComputeNetwork","resource":{"name":"computenetwork-5nl5kohz4w6slty","namespace":"5nl5kohz4w6slty"}}
{"severity":"info","timestamp":"2025-09-28T10:45:46.245Z","msg":"done processing request","operation":"UPDATE","handler":"unknown fields validation","kind":"ComputeNetwork","resource":{"name":"computenetwork-5nl5kohz4w6slty","namespace":"5nl5kohz4w6slty"},"result-code":200,"result-reason":""}
{"severity":"info","timestamp":"2025-09-28T10:45:46.262Z","logger":"computenetwork-controller","msg":"successfully finished reconcile","controllerType":"terraform","resource":{"name":"computenetwork-5nl5kohz4w6slty","namespace":"5nl5kohz4w6slty"},"time to next reconciliation":"5m57.539485362s"}
{"severity":"info","timestamp":"2025-09-28T10:45:46.262Z","msg":"structuredreporting OnReconcileEnd","controller":"computenetwork-parent-controller","controllerGroup":"compute.cnrm.cloud.google.com","controllerKind":"ComputeNetwork","ComputeNetwork":{"name":"computenetwork-5nl5kohz4w6slty","namespace":"5nl5kohz4w6slty"},"namespace":"5nl5kohz4w6slty","name":"computenetwork-5nl5kohz4w6slty","reconcileID":"d3b3ad3d-9a42-4097-a6ae-8a3a9c2b909b","object.kind":"ComputeNetwork","object.name":"computenetwork-5nl5kohz4w6slty","result":{"Requeue":false,"RequeueAfter":0},"error":null}
{"severity":"info","timestamp":"2025-09-28T10:45:46.274Z","msg":"resource is ready","kind":"ComputeNetwork","name":"computenetwork-5nl5kohz4w6slty"}
    samples.go:154: using server-side apply to update object
{"severity":"info","timestamp":"2025-09-28T10:45:46.283Z","msg":"processing request","operation":"UPDATE","handler":"unknown fields validation","kind":"NetworkConnectivityInternalRange","resource":{"name":"networkconnectivityinternalrange-full-ipcidrrange-5nl5kohz4w6slty","namespace":"5nl5kohz4w6slty"}}
{"severity":"info","timestamp":"2025-09-28T10:45:46.283Z","msg":"processing request","operation":"UPDATE","handler":"state-into-spec validation","kind":"NetworkConnectivityInternalRange","resource":{"name":"networkconnectivityinternalrange-full-ipcidrrange-5nl5kohz4w6slty","namespace":"5nl5kohz4w6slty"}}
{"severity":"info","timestamp":"2025-09-28T10:45:46.284Z","msg":"done processing request","operation":"UPDATE","handler":"state-into-spec validation","kind":"NetworkConnectivityInternalRange","resource":{"name":"networkconnectivityinternalrange-full-ipcidrrange-5nl5kohz4w6slty","namespace":"5nl5kohz4w6slty"},"result-code":200,"result-reason":""}
{"severity":"info","timestamp":"2025-09-28T10:45:46.284Z","msg":"done processing request","operation":"UPDATE","handler":"unknown fields validation","kind":"NetworkConnectivityInternalRange","resource":{"name":"networkconnectivityinternalrange-full-ipcidrrange-5nl5kohz4w6slty","namespace":"5nl5kohz4w6slty"},"result-code":200,"result-reason":""}
{"severity":"info","timestamp":"2025-09-28T10:45:46.291Z","msg":"parent reconciler starting","controller":"networkconnectivityinternalrange-parent-controller","controllerGroup":"networkconnectivity.cnrm.cloud.google.com","controllerKind":"NetworkConnectivityInternalRange","NetworkConnectivityInternalRange":{"name":"networkconnectivityinternalrange-full-ipcidrrange-5nl5kohz4w6slty","namespace":"5nl5kohz4w6slty"},"namespace":"5nl5kohz4w6slty","name":"networkconnectivityinternalrange-full-ipcidrrange-5nl5kohz4w6slty","reconcileID":"eb32d46f-156a-4172-b8d2-14fd781f819c","resource":{"name":"networkconnectivityinternalrange-full-ipcidrrange-5nl5kohz4w6slty","namespace":"5nl5kohz4w6slty"}}
I0928 10:45:46.296869 1461598 kccstate.go:38] configconnector.core.cnrm.cloud.google.com object is not found
{"severity":"info","timestamp":"2025-09-28T10:45:46.296Z","msg":"resource status.observedGeneration is behind current generation","kind":"NetworkConnectivityInternalRange","name":"networkconnectivityinternalrange-full-ipcidrrange-5nl5kohz4w6slty","status.observedGeneration":1,"generation":2}
{"severity":"info","timestamp":"2025-09-28T10:45:46.296Z","msg":"routing to controller","controller":"networkconnectivityinternalrange-parent-controller","controllerGroup":"networkconnectivity.cnrm.cloud.google.com","controllerKind":"NetworkConnectivityInternalRange","NetworkConnectivityInternalRange":{"name":"networkconnectivityinternalrange-full-ipcidrrange-5nl5kohz4w6slty","namespace":"5nl5kohz4w6slty"},"namespace":"5nl5kohz4w6slty","name":"networkconnectivityinternalrange-full-ipcidrrange-5nl5kohz4w6slty","reconcileID":"eb32d46f-156a-4172-b8d2-14fd781f819c","type":"direct"}
{"severity":"info","timestamp":"2025-09-28T10:45:46.296Z","msg":"routing to Direct reconciler","controller":"networkconnectivityinternalrange-parent-controller","controllerGroup":"networkconnectivity.cnrm.cloud.google.com","controllerKind":"NetworkConnectivityInternalRange","NetworkConnectivityInternalRange":{"name":"networkconnectivityinternalrange-full-ipcidrrange-5nl5kohz4w6slty","namespace":"5nl5kohz4w6slty"},"namespace":"5nl5kohz4w6slty","name":"networkconnectivityinternalrange-full-ipcidrrange-5nl5kohz4w6slty","reconcileID":"eb32d46f-156a-4172-b8d2-14fd781f819c"}
{"severity":"info","timestamp":"2025-09-28T10:45:46.297Z","msg":"Running reconcile","controller":"networkconnectivityinternalrange-parent-controller","controllerGroup":"networkconnectivity.cnrm.cloud.google.com","controllerKind":"NetworkConnectivityInternalRange","NetworkConnectivityInternalRange":{"name":"networkconnectivityinternalrange-full-ipcidrrange-5nl5kohz4w6slty","namespace":"5nl5kohz4w6slty"},"namespace":"5nl5kohz4w6slty","name":"networkconnectivityinternalrange-full-ipcidrrange-5nl5kohz4w6slty","reconcileID":"eb32d46f-156a-4172-b8d2-14fd781f819c","resource":{"name":"networkconnectivityinternalrange-full-ipcidrrange-5nl5kohz4w6slty","namespace":"5nl5kohz4w6slty"}}
{"severity":"info","timestamp":"2025-09-28T10:45:46.302Z","msg":"structuredreporting OnReconcileStart","controller":"networkconnectivityinternalrange-parent-controller","controllerGroup":"networkconnectivity.cnrm.cloud.google.com","controllerKind":"NetworkConnectivityInternalRange","NetworkConnectivityInternalRange":{"name":"networkconnectivityinternalrange-full-ipcidrrange-5nl5kohz4w6slty","namespace":"5nl5kohz4w6slty"},"namespace":"5nl5kohz4w6slty","name":"networkconnectivityinternalrange-full-ipcidrrange-5nl5kohz4w6slty","reconcileID":"eb32d46f-156a-4172-b8d2-14fd781f819c","object.kind":"NetworkConnectivityInternalRange","object.name":"networkconnectivityinternalrange-full-ipcidrrange-5nl5kohz4w6slty"}
I0928 10:45:46.302923 1461598 kccstate.go:38] configconnector.core.cnrm.cloud.google.com object is not found
{"severity":"info","timestamp":"2025-09-28T10:45:47.305Z","msg":"resource status.observedGeneration is behind current generation","kind":"NetworkConnectivityInternalRange","name":"networkconnectivityinternalrange-full-ipcidrrange-5nl5kohz4w6slty","status.observedGeneration":1,"generation":2}
{"severity":"info","timestamp":"2025-09-28T10:45:48.307Z","msg":"resource status.observedGeneration is behind current generation","kind":"NetworkConnectivityInternalRange","name":"networkconnectivityinternalrange-full-ipcidrrange-5nl5kohz4w6slty","status.observedGeneration":1,"generation":2}
{"severity":"info","timestamp":"2025-09-28T10:45:49.308Z","msg":"resource status.observedGeneration is behind current generation","kind":"NetworkConnectivityInternalRange","name":"networkconnectivityinternalrange-full-ipcidrrange-5nl5kohz4w6slty","status.observedGeneration":1,"generation":2}
{"severity":"info","timestamp":"2025-09-28T10:45:49.394Z","msg":"processing request","operation":"UPDATE","handler":"state-into-spec validation","kind":"NetworkConnectivityInternalRange","resource":{"name":"networkconnectivityinternalrange-full-ipcidrrange-5nl5kohz4w6slty","namespace":"5nl5kohz4w6slty"}}
{"severity":"info","timestamp":"2025-09-28T10:45:49.394Z","msg":"done processing request","operation":"UPDATE","handler":"state-into-spec validation","kind":"NetworkConnectivityInternalRange","resource":{"name":"networkconnectivityinternalrange-full-ipcidrrange-5nl5kohz4w6slty","namespace":"5nl5kohz4w6slty"},"result-code":200,"result-reason":""}
{"severity":"info","timestamp":"2025-09-28T10:45:49.394Z","msg":"processing request","operation":"UPDATE","handler":"unknown fields validation","kind":"NetworkConnectivityInternalRange","resource":{"name":"networkconnectivityinternalrange-full-ipcidrrange-5nl5kohz4w6slty","namespace":"5nl5kohz4w6slty"}}
{"severity":"info","timestamp":"2025-09-28T10:45:49.395Z","msg":"done processing request","operation":"UPDATE","handler":"unknown fields validation","kind":"NetworkConnectivityInternalRange","resource":{"name":"networkconnectivityinternalrange-full-ipcidrrange-5nl5kohz4w6slty","namespace":"5nl5kohz4w6slty"},"result-code":200,"result-reason":""}
{"severity":"info","timestamp":"2025-09-28T10:45:49.420Z","msg":"successfully finished reconcile","controller":"networkconnectivityinternalrange-parent-controller","controllerGroup":"networkconnectivity.cnrm.cloud.google.com","controllerKind":"NetworkConnectivityInternalRange","NetworkConnectivityInternalRange":{"name":"networkconnectivityinternalrange-full-ipcidrrange-5nl5kohz4w6slty","namespace":"5nl5kohz4w6slty"},"namespace":"5nl5kohz4w6slty","name":"networkconnectivityinternalrange-full-ipcidrrange-5nl5kohz4w6slty","reconcileID":"eb32d46f-156a-4172-b8d2-14fd781f819c","resource":{"name":"networkconnectivityinternalrange-full-ipcidrrange-5nl5kohz4w6slty","namespace":"5nl5kohz4w6slty"},"time to next reconciliation":"12m1.654563977s"}
{"severity":"info","timestamp":"2025-09-28T10:45:49.421Z","msg":"structuredreporting OnReconcileEnd","controller":"networkconnectivityinternalrange-parent-controller","controllerGroup":"networkconnectivity.cnrm.cloud.google.com","controllerKind":"NetworkConnectivityInternalRange","NetworkConnectivityInternalRange":{"name":"networkconnectivityinternalrange-full-ipcidrrange-5nl5kohz4w6slty","namespace":"5nl5kohz4w6slty"},"namespace":"5nl5kohz4w6slty","name":"networkconnectivityinternalrange-full-ipcidrrange-5nl5kohz4w6slty","reconcileID":"eb32d46f-156a-4172-b8d2-14fd781f819c","object.kind":"NetworkConnectivityInternalRange","object.name":"networkconnectivityinternalrange-full-ipcidrrange-5nl5kohz4w6slty","result":{"Requeue":false,"RequeueAfter":0},"error":null}
{"severity":"info","timestamp":"2025-09-28T10:45:50.306Z","msg":"resource is ready","kind":"NetworkConnectivityInternalRange","name":"networkconnectivityinternalrange-full-ipcidrrange-5nl5kohz4w6slty"}
    ratcheting.go:500: skipping re-reconciliation test for gvk networkconnectivity.cnrm.cloud.google.com/v1alpha1, Kind=NetworkConnectivityInternalRange
{"severity":"info","timestamp":"2025-09-28T10:45:50.306Z","msg":"Deleting resource","kind":"NetworkConnectivityInternalRange","name":"networkconnectivityinternalrange-full-ipcidrrange-5nl5kohz4w6slty"}
{"severity":"info","timestamp":"2025-09-28T10:45:50.319Z","msg":"parent reconciler starting","controller":"networkconnectivityinternalrange-parent-controller","controllerGroup":"networkconnectivity.cnrm.cloud.google.com","controllerKind":"NetworkConnectivityInternalRange","NetworkConnectivityInternalRange":{"name":"networkconnectivityinternalrange-full-ipcidrrange-5nl5kohz4w6slty","namespace":"5nl5kohz4w6slty"},"namespace":"5nl5kohz4w6slty","name":"networkconnectivityinternalrange-full-ipcidrrange-5nl5kohz4w6slty","reconcileID":"84c8ab02-3a21-47af-bef6-9ef9f26cf62e","resource":{"name":"networkconnectivityinternalrange-full-ipcidrrange-5nl5kohz4w6slty","namespace":"5nl5kohz4w6slty"}}
{"severity":"info","timestamp":"2025-09-28T10:45:50.320Z","msg":"Deleting resource","kind":"ComputeNetwork","name":"computenetwork-5nl5kohz4w6slty"}
I0928 10:45:50.325915 1461598 kccstate.go:38] configconnector.core.cnrm.cloud.google.com object is not found
{"severity":"info","timestamp":"2025-09-28T10:45:50.325Z","msg":"routing to controller","controller":"networkconnectivityinternalrange-parent-controller","controllerGroup":"networkconnectivity.cnrm.cloud.google.com","controllerKind":"NetworkConnectivityInternalRange","NetworkConnectivityInternalRange":{"name":"networkconnectivityinternalrange-full-ipcidrrange-5nl5kohz4w6slty","namespace":"5nl5kohz4w6slty"},"namespace":"5nl5kohz4w6slty","name":"networkconnectivityinternalrange-full-ipcidrrange-5nl5kohz4w6slty","reconcileID":"84c8ab02-3a21-47af-bef6-9ef9f26cf62e","type":"direct"}
{"severity":"info","timestamp":"2025-09-28T10:45:50.325Z","msg":"routing to Direct reconciler","controller":"networkconnectivityinternalrange-parent-controller","controllerGroup":"networkconnectivity.cnrm.cloud.google.com","controllerKind":"NetworkConnectivityInternalRange","NetworkConnectivityInternalRange":{"name":"networkconnectivityinternalrange-full-ipcidrrange-5nl5kohz4w6slty","namespace":"5nl5kohz4w6slty"},"namespace":"5nl5kohz4w6slty","name":"networkconnectivityinternalrange-full-ipcidrrange-5nl5kohz4w6slty","reconcileID":"84c8ab02-3a21-47af-bef6-9ef9f26cf62e"}
{"severity":"info","timestamp":"2025-09-28T10:45:50.326Z","msg":"Running reconcile","controller":"networkconnectivityinternalrange-parent-controller","controllerGroup":"networkconnectivity.cnrm.cloud.google.com","controllerKind":"NetworkConnectivityInternalRange","NetworkConnectivityInternalRange":{"name":"networkconnectivityinternalrange-full-ipcidrrange-5nl5kohz4w6slty","namespace":"5nl5kohz4w6slty"},"namespace":"5nl5kohz4w6slty","name":"networkconnectivityinternalrange-full-ipcidrrange-5nl5kohz4w6slty","reconcileID":"84c8ab02-3a21-47af-bef6-9ef9f26cf62e","resource":{"name":"networkconnectivityinternalrange-full-ipcidrrange-5nl5kohz4w6slty","namespace":"5nl5kohz4w6slty"}}
{"severity":"info","timestamp":"2025-09-28T10:45:50.331Z","msg":"parent reconciler starting","controller":"computenetwork-parent-controller","controllerGroup":"compute.cnrm.cloud.google.com","controllerKind":"ComputeNetwork","ComputeNetwork":{"name":"computenetwork-5nl5kohz4w6slty","namespace":"5nl5kohz4w6slty"},"namespace":"5nl5kohz4w6slty","name":"computenetwork-5nl5kohz4w6slty","reconcileID":"a451e091-6c70-4b8b-ba21-09a1df3c1dfa","resource":{"name":"computenetwork-5nl5kohz4w6slty","namespace":"5nl5kohz4w6slty"}}
{"severity":"info","timestamp":"2025-09-28T10:45:50.331Z","logger":"networkconnectivityinternalrange-deletion-defender-controller","msg":"starting deletion defender finalization","resource":{"name":"networkconnectivityinternalrange-full-ipcidrrange-5nl5kohz4w6slty","namespace":"5nl5kohz4w6slty"}}
{"severity":"info","timestamp":"2025-09-28T10:45:50.334Z","msg":"structuredreporting OnReconcileStart","controller":"networkconnectivityinternalrange-parent-controller","controllerGroup":"networkconnectivity.cnrm.cloud.google.com","controllerKind":"NetworkConnectivityInternalRange","NetworkConnectivityInternalRange":{"name":"networkconnectivityinternalrange-full-ipcidrrange-5nl5kohz4w6slty","namespace":"5nl5kohz4w6slty"},"namespace":"5nl5kohz4w6slty","name":"networkconnectivityinternalrange-full-ipcidrrange-5nl5kohz4w6slty","reconcileID":"84c8ab02-3a21-47af-bef6-9ef9f26cf62e","object.kind":"NetworkConnectivityInternalRange","object.name":"networkconnectivityinternalrange-full-ipcidrrange-5nl5kohz4w6slty"}
I0928 10:45:50.335144 1461598 kccstate.go:38] configconnector.core.cnrm.cloud.google.com object is not found
I0928 10:45:50.337898 1461598 kccstate.go:38] configconnector.core.cnrm.cloud.google.com object is not found
{"severity":"info","timestamp":"2025-09-28T10:45:50.337Z","msg":"routing to controller","controller":"computenetwork-parent-controller","controllerGroup":"compute.cnrm.cloud.google.com","controllerKind":"ComputeNetwork","ComputeNetwork":{"name":"computenetwork-5nl5kohz4w6slty","namespace":"5nl5kohz4w6slty"},"namespace":"5nl5kohz4w6slty","name":"computenetwork-5nl5kohz4w6slty","reconcileID":"a451e091-6c70-4b8b-ba21-09a1df3c1dfa","type":"tf"}
{"severity":"info","timestamp":"2025-09-28T10:45:50.337Z","msg":"routing to TF reconciler","controller":"computenetwork-parent-controller","controllerGroup":"compute.cnrm.cloud.google.com","controllerKind":"ComputeNetwork","ComputeNetwork":{"name":"computenetwork-5nl5kohz4w6slty","namespace":"5nl5kohz4w6slty"},"namespace":"5nl5kohz4w6slty","name":"computenetwork-5nl5kohz4w6slty","reconcileID":"a451e091-6c70-4b8b-ba21-09a1df3c1dfa"}
{"severity":"info","timestamp":"2025-09-28T10:45:50.337Z","logger":"computenetwork-controller","msg":"starting reconcile","controllerType":"terraform","resource":{"name":"computenetwork-5nl5kohz4w6slty","namespace":"5nl5kohz4w6slty"}}
{"severity":"info","timestamp":"2025-09-28T10:45:50.341Z","logger":"computenetwork-deletion-defender-controller","msg":"starting deletion defender finalization","resource":{"name":"computenetwork-5nl5kohz4w6slty","namespace":"5nl5kohz4w6slty"}}
{"severity":"info","timestamp":"2025-09-28T10:45:50.347Z","msg":"structuredreporting OnReconcileStart","controller":"computenetwork-parent-controller","controllerGroup":"compute.cnrm.cloud.google.com","controllerKind":"ComputeNetwork","ComputeNetwork":{"name":"computenetwork-5nl5kohz4w6slty","namespace":"5nl5kohz4w6slty"},"namespace":"5nl5kohz4w6slty","name":"computenetwork-5nl5kohz4w6slty","reconcileID":"a451e091-6c70-4b8b-ba21-09a1df3c1dfa","object.kind":"ComputeNetwork","object.name":"computenetwork-5nl5kohz4w6slty"}
{"severity":"info","timestamp":"2025-09-28T10:45:50.350Z","msg":"processing request","operation":"UPDATE","handler":"state-into-spec validation","kind":"NetworkConnectivityInternalRange","resource":{"name":"networkconnectivityinternalrange-full-ipcidrrange-5nl5kohz4w6slty","namespace":"5nl5kohz4w6slty"}}
{"severity":"info","timestamp":"2025-09-28T10:45:50.351Z","msg":"done processing request","operation":"UPDATE","handler":"state-into-spec validation","kind":"NetworkConnectivityInternalRange","resource":{"name":"networkconnectivityinternalrange-full-ipcidrrange-5nl5kohz4w6slty","namespace":"5nl5kohz4w6slty"},"result-code":200,"result-reason":""}
{"severity":"info","timestamp":"2025-09-28T10:45:50.353Z","msg":"processing request","operation":"UPDATE","handler":"unknown fields validation","kind":"NetworkConnectivityInternalRange","resource":{"name":"networkconnectivityinternalrange-full-ipcidrrange-5nl5kohz4w6slty","namespace":"5nl5kohz4w6slty"}}
{"severity":"info","timestamp":"2025-09-28T10:45:50.354Z","msg":"done processing request","operation":"UPDATE","handler":"unknown fields validation","kind":"NetworkConnectivityInternalRange","resource":{"name":"networkconnectivityinternalrange-full-ipcidrrange-5nl5kohz4w6slty","namespace":"5nl5kohz4w6slty"},"result-code":200,"result-reason":""}
I0928 10:45:50.358391 1461598 kccstate.go:38] configconnector.core.cnrm.cloud.google.com object is not found
{"severity":"info","timestamp":"2025-09-28T10:45:50.358Z","logger":"computenetwork-controller","msg":"finalizing resource deletion","controllerType":"terraform","resource":{"name":"computenetwork-5nl5kohz4w6slty","namespace":"5nl5kohz4w6slty"}}
{"severity":"info","timestamp":"2025-09-28T10:45:50.358Z","logger":"computenetwork-controller","msg":"deletion defender has not yet been finalized; requeuing","controllerType":"terraform","resource":{"name":"computenetwork-5nl5kohz4w6slty","namespace":"5nl5kohz4w6slty"}}
{"severity":"info","timestamp":"2025-09-28T10:45:50.358Z","msg":"structuredreporting OnReconcileEnd","controller":"computenetwork-parent-controller","controllerGroup":"compute.cnrm.cloud.google.com","controllerKind":"ComputeNetwork","ComputeNetwork":{"name":"computenetwork-5nl5kohz4w6slty","namespace":"5nl5kohz4w6slty"},"namespace":"5nl5kohz4w6slty","name":"computenetwork-5nl5kohz4w6slty","reconcileID":"a451e091-6c70-4b8b-ba21-09a1df3c1dfa","object.kind":"ComputeNetwork","object.name":"computenetwork-5nl5kohz4w6slty","result":{"Requeue":false,"RequeueAfter":0},"error":null}
{"severity":"info","timestamp":"2025-09-28T10:45:50.359Z","msg":"processing request","operation":"UPDATE","handler":"state-into-spec validation","kind":"ComputeNetwork","resource":{"name":"computenetwork-5nl5kohz4w6slty","namespace":"5nl5kohz4w6slty"}}
{"severity":"info","timestamp":"2025-09-28T10:45:50.360Z","msg":"processing request","operation":"UPDATE","handler":"unknown fields validation","kind":"ComputeNetwork","resource":{"name":"computenetwork-5nl5kohz4w6slty","namespace":"5nl5kohz4w6slty"}}
{"severity":"info","timestamp":"2025-09-28T10:45:50.360Z","logger":"networkconnectivityinternalrange-deletion-defender-controller","msg":"successfully finalized deletion defense","resource":{"name":"networkconnectivityinternalrange-full-ipcidrrange-5nl5kohz4w6slty","namespace":"5nl5kohz4w6slty"}}
{"severity":"info","timestamp":"2025-09-28T10:45:50.360Z","msg":"done processing request","operation":"UPDATE","handler":"unknown fields validation","kind":"ComputeNetwork","resource":{"name":"computenetwork-5nl5kohz4w6slty","namespace":"5nl5kohz4w6slty"},"result-code":200,"result-reason":""}
{"severity":"info","timestamp":"2025-09-28T10:45:50.361Z","msg":"done processing request","operation":"UPDATE","handler":"state-into-spec validation","kind":"ComputeNetwork","resource":{"name":"computenetwork-5nl5kohz4w6slty","namespace":"5nl5kohz4w6slty"},"result-code":200,"result-reason":""}
{"severity":"info","timestamp":"2025-09-28T10:45:50.367Z","logger":"computenetwork-deletion-defender-controller","msg":"successfully finalized deletion defense","resource":{"name":"computenetwork-5nl5kohz4w6slty","namespace":"5nl5kohz4w6slty"}}
{"severity":"info","timestamp":"2025-09-28T10:45:50.367Z","msg":"parent reconciler starting","controller":"computenetwork-parent-controller","controllerGroup":"compute.cnrm.cloud.google.com","controllerKind":"ComputeNetwork","ComputeNetwork":{"name":"computenetwork-5nl5kohz4w6slty","namespace":"5nl5kohz4w6slty"},"namespace":"5nl5kohz4w6slty","name":"computenetwork-5nl5kohz4w6slty","reconcileID":"dd351e9f-93c4-498c-9bd6-93041479fa47","resource":{"name":"computenetwork-5nl5kohz4w6slty","namespace":"5nl5kohz4w6slty"}}
I0928 10:45:50.374223 1461598 kccstate.go:38] configconnector.core.cnrm.cloud.google.com object is not found
{"severity":"info","timestamp":"2025-09-28T10:45:50.374Z","msg":"routing to controller","controller":"computenetwork-parent-controller","controllerGroup":"compute.cnrm.cloud.google.com","controllerKind":"ComputeNetwork","ComputeNetwork":{"name":"computenetwork-5nl5kohz4w6slty","namespace":"5nl5kohz4w6slty"},"namespace":"5nl5kohz4w6slty","name":"computenetwork-5nl5kohz4w6slty","reconcileID":"dd351e9f-93c4-498c-9bd6-93041479fa47","type":"tf"}
{"severity":"info","timestamp":"2025-09-28T10:45:50.374Z","msg":"routing to TF reconciler","controller":"computenetwork-parent-controller","controllerGroup":"compute.cnrm.cloud.google.com","controllerKind":"ComputeNetwork","ComputeNetwork":{"name":"computenetwork-5nl5kohz4w6slty","namespace":"5nl5kohz4w6slty"},"namespace":"5nl5kohz4w6slty","name":"computenetwork-5nl5kohz4w6slty","reconcileID":"dd351e9f-93c4-498c-9bd6-93041479fa47"}
{"severity":"info","timestamp":"2025-09-28T10:45:50.374Z","logger":"computenetwork-controller","msg":"starting reconcile","controllerType":"terraform","resource":{"name":"computenetwork-5nl5kohz4w6slty","namespace":"5nl5kohz4w6slty"}}
{"severity":"info","timestamp":"2025-09-28T10:45:50.380Z","msg":"structuredreporting OnReconcileStart","controller":"computenetwork-parent-controller","controllerGroup":"compute.cnrm.cloud.google.com","controllerKind":"ComputeNetwork","ComputeNetwork":{"name":"computenetwork-5nl5kohz4w6slty","namespace":"5nl5kohz4w6slty"},"namespace":"5nl5kohz4w6slty","name":"computenetwork-5nl5kohz4w6slty","reconcileID":"dd351e9f-93c4-498c-9bd6-93041479fa47","object.kind":"ComputeNetwork","object.name":"computenetwork-5nl5kohz4w6slty"}
I0928 10:45:50.385559 1461598 kccstate.go:38] configconnector.core.cnrm.cloud.google.com object is not found
{"severity":"info","timestamp":"2025-09-28T10:45:50.385Z","logger":"computenetwork-controller","msg":"finalizing resource deletion","controllerType":"terraform","resource":{"name":"computenetwork-5nl5kohz4w6slty","namespace":"5nl5kohz4w6slty"}}
2025/09/28 10:45:50 [DEBUG] matching ID projects/cnrm-katriel/global/networks/computenetwork-5nl5kohz4w6slty to regex projects/(?P<project>[^/]+)/global/networks/(?P<name>[^/]+).
2025/09/28 10:45:50 [DEBUG] importing project = cnrm-katriel
2025/09/28 10:45:50 [DEBUG] importing name = computenetwork-5nl5kohz4w6slty
2025/09/28 10:45:50 [DEBUG] Waiting for state to become: [success]
2025/09/28 10:45:50 [DEBUG] Retry Transport: starting RoundTrip retry loop
2025/09/28 10:45:50 [DEBUG] Retry Transport: request attempt 0
2025/09/28 10:45:50 [DEBUG] Retry Transport: Stopping retries, last request was successful
2025/09/28 10:45:50 [DEBUG] Retry Transport: Returning after 1 attempts
{"severity":"info","timestamp":"2025-09-28T10:45:50.733Z","logger":"computenetwork-controller","msg":"deleting underlying resource","controllerType":"terraform","resource":{"name":"computenetwork-5nl5kohz4w6slty","namespace":"5nl5kohz4w6slty"}}
2025/09/28 10:45:50 [DEBUG] Deleting Network "projects/cnrm-katriel/global/networks/computenetwork-5nl5kohz4w6slty"
2025/09/28 10:45:50 [DEBUG] Waiting for state to become: [success]
2025/09/28 10:45:50 [DEBUG] Retry Transport: starting RoundTrip retry loop
2025/09/28 10:45:50 [DEBUG] Retry Transport: request attempt 0
{"severity":"info","timestamp":"2025-09-28T10:45:51.058Z","msg":"finalizing resource deletion","controller":"networkconnectivityinternalrange-parent-controller","controllerGroup":"networkconnectivity.cnrm.cloud.google.com","controllerKind":"NetworkConnectivityInternalRange","NetworkConnectivityInternalRange":{"name":"networkconnectivityinternalrange-full-ipcidrrange-5nl5kohz4w6slty","namespace":"5nl5kohz4w6slty"},"namespace":"5nl5kohz4w6slty","name":"networkconnectivityinternalrange-full-ipcidrrange-5nl5kohz4w6slty","reconcileID":"84c8ab02-3a21-47af-bef6-9ef9f26cf62e","resource":{"name":"networkconnectivityinternalrange-full-ipcidrrange-5nl5kohz4w6slty","namespace":"5nl5kohz4w6slty"}}
{"severity":"info","timestamp":"2025-09-28T10:45:51.058Z","msg":"deletion defender has not yet finalized; cannot delete yet","controller":"networkconnectivityinternalrange-parent-controller","controllerGroup":"networkconnectivity.cnrm.cloud.google.com","controllerKind":"NetworkConnectivityInternalRange","NetworkConnectivityInternalRange":{"name":"networkconnectivityinternalrange-full-ipcidrrange-5nl5kohz4w6slty","namespace":"5nl5kohz4w6slty"},"namespace":"5nl5kohz4w6slty","name":"networkconnectivityinternalrange-full-ipcidrrange-5nl5kohz4w6slty","reconcileID":"84c8ab02-3a21-47af-bef6-9ef9f26cf62e","resource":{"name":"networkconnectivityinternalrange-full-ipcidrrange-5nl5kohz4w6slty","namespace":"5nl5kohz4w6slty"}}
{"severity":"info","timestamp":"2025-09-28T10:45:51.058Z","msg":"structuredreporting OnReconcileEnd","controller":"networkconnectivityinternalrange-parent-controller","controllerGroup":"networkconnectivity.cnrm.cloud.google.com","controllerKind":"NetworkConnectivityInternalRange","NetworkConnectivityInternalRange":{"name":"networkconnectivityinternalrange-full-ipcidrrange-5nl5kohz4w6slty","namespace":"5nl5kohz4w6slty"},"namespace":"5nl5kohz4w6slty","name":"networkconnectivityinternalrange-full-ipcidrrange-5nl5kohz4w6slty","reconcileID":"84c8ab02-3a21-47af-bef6-9ef9f26cf62e","object.kind":"NetworkConnectivityInternalRange","object.name":"networkconnectivityinternalrange-full-ipcidrrange-5nl5kohz4w6slty","result":{"Requeue":false,"RequeueAfter":0},"error":null}
{"severity":"info","timestamp":"2025-09-28T10:45:51.059Z","msg":"parent reconciler starting","controller":"networkconnectivityinternalrange-parent-controller","controllerGroup":"networkconnectivity.cnrm.cloud.google.com","controllerKind":"NetworkConnectivityInternalRange","NetworkConnectivityInternalRange":{"name":"networkconnectivityinternalrange-full-ipcidrrange-5nl5kohz4w6slty","namespace":"5nl5kohz4w6slty"},"namespace":"5nl5kohz4w6slty","name":"networkconnectivityinternalrange-full-ipcidrrange-5nl5kohz4w6slty","reconcileID":"6eae3de7-5c81-4557-a791-f55a17fd5161","resource":{"name":"networkconnectivityinternalrange-full-ipcidrrange-5nl5kohz4w6slty","namespace":"5nl5kohz4w6slty"}}
I0928 10:45:51.065502 1461598 kccstate.go:38] configconnector.core.cnrm.cloud.google.com object is not found
{"severity":"info","timestamp":"2025-09-28T10:45:51.065Z","msg":"routing to controller","controller":"networkconnectivityinternalrange-parent-controller","controllerGroup":"networkconnectivity.cnrm.cloud.google.com","controllerKind":"NetworkConnectivityInternalRange","NetworkConnectivityInternalRange":{"name":"networkconnectivityinternalrange-full-ipcidrrange-5nl5kohz4w6slty","namespace":"5nl5kohz4w6slty"},"namespace":"5nl5kohz4w6slty","name":"networkconnectivityinternalrange-full-ipcidrrange-5nl5kohz4w6slty","reconcileID":"6eae3de7-5c81-4557-a791-f55a17fd5161","type":"direct"}
{"severity":"info","timestamp":"2025-09-28T10:45:51.065Z","msg":"routing to Direct reconciler","controller":"networkconnectivityinternalrange-parent-controller","controllerGroup":"networkconnectivity.cnrm.cloud.google.com","controllerKind":"NetworkConnectivityInternalRange","NetworkConnectivityInternalRange":{"name":"networkconnectivityinternalrange-full-ipcidrrange-5nl5kohz4w6slty","namespace":"5nl5kohz4w6slty"},"namespace":"5nl5kohz4w6slty","name":"networkconnectivityinternalrange-full-ipcidrrange-5nl5kohz4w6slty","reconcileID":"6eae3de7-5c81-4557-a791-f55a17fd5161"}
{"severity":"info","timestamp":"2025-09-28T10:45:51.065Z","msg":"Running reconcile","controller":"networkconnectivityinternalrange-parent-controller","controllerGroup":"networkconnectivity.cnrm.cloud.google.com","controllerKind":"NetworkConnectivityInternalRange","NetworkConnectivityInternalRange":{"name":"networkconnectivityinternalrange-full-ipcidrrange-5nl5kohz4w6slty","namespace":"5nl5kohz4w6slty"},"namespace":"5nl5kohz4w6slty","name":"networkconnectivityinternalrange-full-ipcidrrange-5nl5kohz4w6slty","reconcileID":"6eae3de7-5c81-4557-a791-f55a17fd5161","resource":{"name":"networkconnectivityinternalrange-full-ipcidrrange-5nl5kohz4w6slty","namespace":"5nl5kohz4w6slty"}}
{"severity":"info","timestamp":"2025-09-28T10:45:51.071Z","msg":"structuredreporting OnReconcileStart","controller":"networkconnectivityinternalrange-parent-controller","controllerGroup":"networkconnectivity.cnrm.cloud.google.com","controllerKind":"NetworkConnectivityInternalRange","NetworkConnectivityInternalRange":{"name":"networkconnectivityinternalrange-full-ipcidrrange-5nl5kohz4w6slty","namespace":"5nl5kohz4w6slty"},"namespace":"5nl5kohz4w6slty","name":"networkconnectivityinternalrange-full-ipcidrrange-5nl5kohz4w6slty","reconcileID":"6eae3de7-5c81-4557-a791-f55a17fd5161","object.kind":"NetworkConnectivityInternalRange","object.name":"networkconnectivityinternalrange-full-ipcidrrange-5nl5kohz4w6slty"}
I0928 10:45:51.071439 1461598 kccstate.go:38] configconnector.core.cnrm.cloud.google.com object is not found
{"severity":"info","timestamp":"2025-09-28T10:45:51.307Z","msg":"finalizing resource deletion","controller":"networkconnectivityinternalrange-parent-controller","controllerGroup":"networkconnectivity.cnrm.cloud.google.com","controllerKind":"NetworkConnectivityInternalRange","NetworkConnectivityInternalRange":{"name":"networkconnectivityinternalrange-full-ipcidrrange-5nl5kohz4w6slty","namespace":"5nl5kohz4w6slty"},"namespace":"5nl5kohz4w6slty","name":"networkconnectivityinternalrange-full-ipcidrrange-5nl5kohz4w6slty","reconcileID":"6eae3de7-5c81-4557-a791-f55a17fd5161","resource":{"name":"networkconnectivityinternalrange-full-ipcidrrange-5nl5kohz4w6slty","namespace":"5nl5kohz4w6slty"}}
{"severity":"info","timestamp":"2025-09-28T10:45:51.307Z","msg":"deleting underlying resource","controller":"networkconnectivityinternalrange-parent-controller","controllerGroup":"networkconnectivity.cnrm.cloud.google.com","controllerKind":"NetworkConnectivityInternalRange","NetworkConnectivityInternalRange":{"name":"networkconnectivityinternalrange-full-ipcidrrange-5nl5kohz4w6slty","namespace":"5nl5kohz4w6slty"},"namespace":"5nl5kohz4w6slty","name":"networkconnectivityinternalrange-full-ipcidrrange-5nl5kohz4w6slty","reconcileID":"6eae3de7-5c81-4557-a791-f55a17fd5161","resource":{"name":"networkconnectivityinternalrange-full-ipcidrrange-5nl5kohz4w6slty","namespace":"5nl5kohz4w6slty"}}
2025/09/28 10:45:51 [DEBUG] Retry Transport: Stopping retries, last request was successful
2025/09/28 10:45:51 [DEBUG] Retry Transport: Returning after 1 attempts
2025/09/28 10:45:51 [INFO] Instantiating GCE client for path https://compute.googleapis.com/compute/beta/
2025/09/28 10:45:51 [DEBUG] Waiting for state to become: [DONE]
2025/09/28 10:45:51 [DEBUG] Retry Transport: starting RoundTrip retry loop
2025/09/28 10:45:51 [DEBUG] Retry Transport: request attempt 0
2025/09/28 10:45:51 [DEBUG] Retry Transport: Stopping retries, last request was successful
2025/09/28 10:45:51 [DEBUG] Retry Transport: Returning after 1 attempts
2025/09/28 10:45:51 [DEBUG] Got RUNNING while polling for operation operation-1759056350788-63fda38edbd48-fbd564b4-a3f4383a's status
2025/09/28 10:45:51 [TRACE] Waiting 10s before next try
{"severity":"info","timestamp":"2025-09-28T10:45:53.033Z","msg":"processing request","operation":"UPDATE","handler":"state-into-spec validation","kind":"NetworkConnectivityInternalRange","resource":{"name":"networkconnectivityinternalrange-full-ipcidrrange-5nl5kohz4w6slty","namespace":"5nl5kohz4w6slty"}}
{"severity":"info","timestamp":"2025-09-28T10:45:53.033Z","msg":"processing request","operation":"UPDATE","handler":"unknown fields validation","kind":"NetworkConnectivityInternalRange","resource":{"name":"networkconnectivityinternalrange-full-ipcidrrange-5nl5kohz4w6slty","namespace":"5nl5kohz4w6slty"}}
{"severity":"info","timestamp":"2025-09-28T10:45:53.033Z","msg":"done processing request","operation":"UPDATE","handler":"state-into-spec validation","kind":"NetworkConnectivityInternalRange","resource":{"name":"networkconnectivityinternalrange-full-ipcidrrange-5nl5kohz4w6slty","namespace":"5nl5kohz4w6slty"},"result-code":200,"result-reason":""}
{"severity":"info","timestamp":"2025-09-28T10:45:53.033Z","msg":"done processing request","operation":"UPDATE","handler":"unknown fields validation","kind":"NetworkConnectivityInternalRange","resource":{"name":"networkconnectivityinternalrange-full-ipcidrrange-5nl5kohz4w6slty","namespace":"5nl5kohz4w6slty"},"result-code":200,"result-reason":""}
{"severity":"info","timestamp":"2025-09-28T10:45:53.041Z","msg":"processing request","operation":"UPDATE","handler":"unknown fields validation","kind":"NetworkConnectivityInternalRange","resource":{"name":"networkconnectivityinternalrange-full-ipcidrrange-5nl5kohz4w6slty","namespace":"5nl5kohz4w6slty"}}
{"severity":"info","timestamp":"2025-09-28T10:45:53.041Z","msg":"processing request","operation":"UPDATE","handler":"state-into-spec validation","kind":"NetworkConnectivityInternalRange","resource":{"name":"networkconnectivityinternalrange-full-ipcidrrange-5nl5kohz4w6slty","namespace":"5nl5kohz4w6slty"}}
{"severity":"info","timestamp":"2025-09-28T10:45:53.041Z","msg":"done processing request","operation":"UPDATE","handler":"state-into-spec validation","kind":"NetworkConnectivityInternalRange","resource":{"name":"networkconnectivityinternalrange-full-ipcidrrange-5nl5kohz4w6slty","namespace":"5nl5kohz4w6slty"},"result-code":200,"result-reason":""}
{"severity":"info","timestamp":"2025-09-28T10:45:53.041Z","msg":"done processing request","operation":"UPDATE","handler":"unknown fields validation","kind":"NetworkConnectivityInternalRange","resource":{"name":"networkconnectivityinternalrange-full-ipcidrrange-5nl5kohz4w6slty","namespace":"5nl5kohz4w6slty"},"result-code":200,"result-reason":""}
{"severity":"info","timestamp":"2025-09-28T10:45:53.050Z","msg":"successfully finished reconcile","controller":"networkconnectivityinternalrange-parent-controller","controllerGroup":"networkconnectivity.cnrm.cloud.google.com","controllerKind":"NetworkConnectivityInternalRange","NetworkConnectivityInternalRange":{"name":"networkconnectivityinternalrange-full-ipcidrrange-5nl5kohz4w6slty","namespace":"5nl5kohz4w6slty"},"namespace":"5nl5kohz4w6slty","name":"networkconnectivityinternalrange-full-ipcidrrange-5nl5kohz4w6slty","reconcileID":"6eae3de7-5c81-4557-a791-f55a17fd5161","resource":{"name":"networkconnectivityinternalrange-full-ipcidrrange-5nl5kohz4w6slty","namespace":"5nl5kohz4w6slty"},"time to next reconciliation":"10m41.394871801s"}
{"severity":"info","timestamp":"2025-09-28T10:45:53.050Z","msg":"structuredreporting OnReconcileEnd","controller":"networkconnectivityinternalrange-parent-controller","controllerGroup":"networkconnectivity.cnrm.cloud.google.com","controllerKind":"NetworkConnectivityInternalRange","NetworkConnectivityInternalRange":{"name":"networkconnectivityinternalrange-full-ipcidrrange-5nl5kohz4w6slty","namespace":"5nl5kohz4w6slty"},"namespace":"5nl5kohz4w6slty","name":"networkconnectivityinternalrange-full-ipcidrrange-5nl5kohz4w6slty","reconcileID":"6eae3de7-5c81-4557-a791-f55a17fd5161","object.kind":"NetworkConnectivityInternalRange","object.name":"networkconnectivityinternalrange-full-ipcidrrange-5nl5kohz4w6slty","result":{"Requeue":false,"RequeueAfter":0},"error":null}
{"severity":"info","timestamp":"2025-09-28T10:45:53.054Z","logger":"networkconnectivityinternalrange-deletion-defender-controller","msg":"resource not found in API server; finishing reconcile","resource":{"name":"networkconnectivityinternalrange-full-ipcidrrange-5nl5kohz4w6slty","namespace":"5nl5kohz4w6slty"}}
{"severity":"info","timestamp":"2025-09-28T10:45:53.348Z","msg":"Done waiting for resource to delete","kind":"NetworkConnectivityInternalRange","name":"networkconnectivityinternalrange-full-ipcidrrange-5nl5kohz4w6slty"}
2025/09/28 10:46:01 [DEBUG] Retry Transport: starting RoundTrip retry loop
2025/09/28 10:46:01 [DEBUG] Retry Transport: request attempt 0
2025/09/28 10:46:01 [DEBUG] Retry Transport: Stopping retries, last request was successful
2025/09/28 10:46:01 [DEBUG] Retry Transport: Returning after 1 attempts
2025/09/28 10:46:01 [DEBUG] Got RUNNING while polling for operation operation-1759056350788-63fda38edbd48-fbd564b4-a3f4383a's status
2025/09/28 10:46:01 [TRACE] Waiting 10s before next try
2025/09/28 10:46:11 [DEBUG] Retry Transport: starting RoundTrip retry loop
2025/09/28 10:46:11 [DEBUG] Retry Transport: request attempt 0
2025/09/28 10:46:12 [DEBUG] Retry Transport: Stopping retries, last request was successful
2025/09/28 10:46:12 [DEBUG] Retry Transport: Returning after 1 attempts
2025/09/28 10:46:12 [DEBUG] Got DONE while polling for operation operation-1759056350788-63fda38edbd48-fbd564b4-a3f4383a's status
2025/09/28 10:46:12 [DEBUG] Finished deleting Network "projects/cnrm-katriel/global/networks/computenetwork-5nl5kohz4w6slty": map[string]interface {}{"id":"7104373525556014896", "insertTime":"2025-09-28T03:45:51.066-07:00", "kind":"compute#operation", "name":"operation-1759056350788-63fda38edbd48-fbd564b4-a3f4383a", "operationType":"delete", "progress":0, "selfLink":"https://www.googleapis.com/compute/beta/projects/cnrm-katriel/global/operations/operation-1759056350788-63fda38edbd48-fbd564b4-a3f4383a", "startTime":"2025-09-28T03:45:51.068-07:00", "status":"RUNNING", "targetId":"607584691141521195", "targetLink":"https://www.googleapis.com/compute/beta/projects/cnrm-katriel/global/networks/computenetwork-5nl5kohz4w6slty", "user":"katriel@google.com"}
{"severity":"info","timestamp":"2025-09-28T10:46:12.281Z","msg":"processing request","operation":"UPDATE","handler":"unknown fields validation","kind":"ComputeNetwork","resource":{"name":"computenetwork-5nl5kohz4w6slty","namespace":"5nl5kohz4w6slty"}}
{"severity":"info","timestamp":"2025-09-28T10:46:12.281Z","msg":"processing request","operation":"UPDATE","handler":"state-into-spec validation","kind":"ComputeNetwork","resource":{"name":"computenetwork-5nl5kohz4w6slty","namespace":"5nl5kohz4w6slty"}}
{"severity":"info","timestamp":"2025-09-28T10:46:12.281Z","msg":"done processing request","operation":"UPDATE","handler":"unknown fields validation","kind":"ComputeNetwork","resource":{"name":"computenetwork-5nl5kohz4w6slty","namespace":"5nl5kohz4w6slty"},"result-code":200,"result-reason":""}
{"severity":"info","timestamp":"2025-09-28T10:46:12.284Z","msg":"done processing request","operation":"UPDATE","handler":"state-into-spec validation","kind":"ComputeNetwork","resource":{"name":"computenetwork-5nl5kohz4w6slty","namespace":"5nl5kohz4w6slty"},"result-code":200,"result-reason":""}
{"severity":"info","timestamp":"2025-09-28T10:46:12.295Z","msg":"processing request","operation":"UPDATE","handler":"unknown fields validation","kind":"ComputeNetwork","resource":{"name":"computenetwork-5nl5kohz4w6slty","namespace":"5nl5kohz4w6slty"}}
{"severity":"info","timestamp":"2025-09-28T10:46:12.295Z","msg":"processing request","operation":"UPDATE","handler":"state-into-spec validation","kind":"ComputeNetwork","resource":{"name":"computenetwork-5nl5kohz4w6slty","namespace":"5nl5kohz4w6slty"}}
{"severity":"info","timestamp":"2025-09-28T10:46:12.295Z","msg":"done processing request","operation":"UPDATE","handler":"state-into-spec validation","kind":"ComputeNetwork","resource":{"name":"computenetwork-5nl5kohz4w6slty","namespace":"5nl5kohz4w6slty"},"result-code":200,"result-reason":""}
{"severity":"info","timestamp":"2025-09-28T10:46:12.296Z","msg":"done processing request","operation":"UPDATE","handler":"unknown fields validation","kind":"ComputeNetwork","resource":{"name":"computenetwork-5nl5kohz4w6slty","namespace":"5nl5kohz4w6slty"},"result-code":200,"result-reason":""}
{"severity":"info","timestamp":"2025-09-28T10:46:12.305Z","logger":"computenetwork-controller","msg":"successfully finished reconcile","controllerType":"terraform","resource":{"name":"computenetwork-5nl5kohz4w6slty","namespace":"5nl5kohz4w6slty"},"time to next reconciliation":"11m57.150024933s"}
{"severity":"info","timestamp":"2025-09-28T10:46:12.305Z","msg":"structuredreporting OnReconcileEnd","controller":"computenetwork-parent-controller","controllerGroup":"compute.cnrm.cloud.google.com","controllerKind":"ComputeNetwork","ComputeNetwork":{"name":"computenetwork-5nl5kohz4w6slty","namespace":"5nl5kohz4w6slty"},"namespace":"5nl5kohz4w6slty","name":"computenetwork-5nl5kohz4w6slty","reconcileID":"dd351e9f-93c4-498c-9bd6-93041479fa47","object.kind":"ComputeNetwork","object.name":"computenetwork-5nl5kohz4w6slty","result":{"Requeue":false,"RequeueAfter":0},"error":null}
{"severity":"info","timestamp":"2025-09-28T10:46:12.305Z","msg":"parent reconciler starting","controller":"computenetwork-parent-controller","controllerGroup":"compute.cnrm.cloud.google.com","controllerKind":"ComputeNetwork","ComputeNetwork":{"name":"computenetwork-5nl5kohz4w6slty","namespace":"5nl5kohz4w6slty"},"namespace":"5nl5kohz4w6slty","name":"computenetwork-5nl5kohz4w6slty","reconcileID":"25db2862-377b-4212-862c-69e829a277c9","resource":{"name":"computenetwork-5nl5kohz4w6slty","namespace":"5nl5kohz4w6slty"}}
{"severity":"info","timestamp":"2025-09-28T10:46:12.310Z","logger":"computenetwork-deletion-defender-controller","msg":"resource not found in API server; finishing reconcile","resource":{"name":"computenetwork-5nl5kohz4w6slty","namespace":"5nl5kohz4w6slty"}}
{"severity":"info","timestamp":"2025-09-28T10:46:12.352Z","msg":"Done waiting for resource to delete","kind":"ComputeNetwork","name":"computenetwork-5nl5kohz4w6slty"}
    harness.go:713: waiting for controller-runtime manager shutdown
W0928 10:46:12.353078 1461598 reflector.go:492] pkg/mod/k8s.io/client-go@v0.32.1/tools/cache/reflector.go:251: watch of *v1.CustomResourceDefinition ended with: an error on the server ("unable to decode an event from the watch stream: context canceled") has prevented the request from succeeding
{"severity":"info","timestamp":"2025-09-28T10:46:12.353Z","msg":"Stopping and waiting for non leader election runnables"}
{"severity":"info","timestamp":"2025-09-28T10:46:12.353Z","msg":"Stopping and waiting for leader election runnables"}
2025/09/28 10:46:12 [DEBUG] parent context canceled, cleaning up batcher batches
{"severity":"info","timestamp":"2025-09-28T10:46:12.353Z","logger":"controller-runtime.webhook","msg":"Shutting down webhook server with timeout of 1 minute"}
2025/09/28 10:46:12 [DEBUG] Stopping batcher "Service Usage"
2025/09/28 10:46:12 [DEBUG] parent context canceled, cleaning up batcher batches
W0928 10:46:12.353245 1461598 reflector.go:492] pkg/mod/k8s.io/client-go@v0.32.1/tools/cache/reflector.go:251: watch of *v1beta1.ConfigConnector ended with: an error on the server ("unable to decode an event from the watch stream: context canceled") has prevented the request from succeeding
{"severity":"info","timestamp":"2025-09-28T10:46:12.353Z","msg":"Stopping and waiting for caches"}
{"severity":"info","timestamp":"2025-09-28T10:46:12.353Z","msg":"Stopping and waiting for webhooks"}
{"severity":"info","timestamp":"2025-09-28T10:46:12.353Z","msg":"Stopping and waiting for HTTP servers"}
{"severity":"info","timestamp":"2025-09-28T10:46:12.353Z","msg":"Wait completed, proceeding to shutdown the manager"}
    harness.go:715: controller-runtime manager is shutdown
2025/09/28 10:46:12 [DEBUG] Stopping batcher "IAM"
=== RUN   TestAllInSeries/fixtures/networkconnectivityinternalrange-full-prefix
    unified_test.go:250: not yet using SSA for create of resources in group "networkconnectivity.cnrm.cloud.google.com"
    harness.go:243: starting envtest apiserver
{"severity":"info","timestamp":"2025-09-28T10:46:22.171Z","msg":"env var ARTIFACTS is not set; will not record http log"}
    harness.go:461: targeting real GCP
2025/09/28 10:46:28 [INFO] Authenticating using DefaultClient...
2025/09/28 10:46:28 [INFO]   -- Scopes: [https://www.googleapis.com/auth/cloud-platform https://www.googleapis.com/auth/userinfo.email https://www.googleapis.com/auth/drive.readonly]
2025/09/28 10:46:28 [INFO] Authenticating using DefaultClient...
2025/09/28 10:46:28 [INFO]   -- Scopes: [https://www.googleapis.com/auth/cloud-platform https://www.googleapis.com/auth/userinfo.email https://www.googleapis.com/auth/drive.readonly]
2025/09/28 10:46:28 [DEBUG] Waiting for state to become: [success]
2025/09/28 10:46:28 [INFO] Terraform is using this identity: katriel@google.com
{"severity":"info","timestamp":"2025-09-28T10:46:28.543Z","logger":"controller-runtime.webhook","msg":"Registering webhook","path":"/deny-unknown-fields"}
{"severity":"info","timestamp":"2025-09-28T10:46:28.543Z","logger":"controller-runtime.webhook","msg":"Registering webhook","path":"/iam-validation"}
{"severity":"info","timestamp":"2025-09-28T10:46:28.543Z","logger":"controller-runtime.webhook","msg":"Registering webhook","path":"/iam-defaulter"}
{"severity":"info","timestamp":"2025-09-28T10:46:28.543Z","logger":"controller-runtime.webhook","msg":"Registering webhook","path":"/container-annotation-handler"}
{"severity":"info","timestamp":"2025-09-28T10:46:28.549Z","logger":"controller-runtime.webhook","msg":"Registering webhook","path":"/management-conflict-annotation-defaulter"}
{"severity":"info","timestamp":"2025-09-28T10:46:28.549Z","logger":"controller-runtime.webhook","msg":"Registering webhook","path":"/generic-defaulter"}
{"severity":"info","timestamp":"2025-09-28T10:46:28.549Z","logger":"controller-runtime.webhook","msg":"Registering webhook","path":"/resource-validation"}
{"severity":"info","timestamp":"2025-09-28T10:46:28.549Z","logger":"controller-runtime.webhook","msg":"Registering webhook","path":"/state-into-spec-validation"}
    harness.go:762: waiting for webhook to start (webhook server has not been started yet)
{"severity":"info","timestamp":"2025-09-28T10:46:28.549Z","logger":"controller-runtime.webhook","msg":"Starting webhook server"}
{"severity":"info","timestamp":"2025-09-28T10:46:28.550Z","logger":"controller-runtime.certwatcher","msg":"Updated current TLS certificate"}
{"severity":"info","timestamp":"2025-09-28T10:46:28.550Z","logger":"controller-runtime.certwatcher","msg":"Starting certificate poll+watcher","interval":"10s"}
{"severity":"info","timestamp":"2025-09-28T10:46:28.550Z","logger":"controller-runtime.webhook","msg":"Serving webhook server","host":"127.0.0.1","port":33695}
    unified_test.go:250: not yet using SSA for create of resources in group "networkconnectivity.cnrm.cloud.google.com"
    samples.go:132: using legacy create to create object (should ideally use server-side apply) GVK compute.cnrm.cloud.google.com/v1beta1, Kind=ComputeNetwork name computenetwork-y2ahqwjdyidky3i
{"severity":"info","timestamp":"2025-09-28T10:46:28.723Z","msg":"processing request","operation":"CREATE","handler":"container annotation handler","kind":"ComputeNetwork","resource":{"name":"computenetwork-y2ahqwjdyidky3i","namespace":"y2ahqwjdyidky3i"}}
{"severity":"info","timestamp":"2025-09-28T10:46:28.728Z","msg":"done processing request","operation":"CREATE","handler":"container annotation handler","kind":"ComputeNetwork","resource":{"name":"computenetwork-y2ahqwjdyidky3i","namespace":"y2ahqwjdyidky3i"}}
{"severity":"info","timestamp":"2025-09-28T10:46:28.731Z","msg":"processing request","operation":"CREATE","handler":"generic defaulter","kind":"ComputeNetwork","resource":{"name":"computenetwork-y2ahqwjdyidky3i","namespace":"y2ahqwjdyidky3i"}}
{"severity":"info","timestamp":"2025-09-28T10:46:28.731Z","msg":"done processing request","operation":"CREATE","handler":"generic defaulter","kind":"ComputeNetwork","resource":{"name":"computenetwork-y2ahqwjdyidky3i","namespace":"y2ahqwjdyidky3i"},"result-code":200,"result-reason":""}
{"severity":"info","timestamp":"2025-09-28T10:46:28.732Z","msg":"processing request","operation":"CREATE","handler":"management conflict annotation defaulter","kind":"ComputeNetwork","resource":{"name":"computenetwork-y2ahqwjdyidky3i","namespace":"y2ahqwjdyidky3i"}}
{"severity":"info","timestamp":"2025-09-28T10:46:28.735Z","msg":"done processing request","operation":"CREATE","handler":"management conflict annotation defaulter","kind":"ComputeNetwork","resource":{"name":"computenetwork-y2ahqwjdyidky3i","namespace":"y2ahqwjdyidky3i"}}
{"severity":"info","timestamp":"2025-09-28T10:46:28.737Z","msg":"processing request","operation":"CREATE","handler":"state-into-spec validation","kind":"ComputeNetwork","resource":{"name":"computenetwork-y2ahqwjdyidky3i","namespace":"y2ahqwjdyidky3i"}}
{"severity":"info","timestamp":"2025-09-28T10:46:28.737Z","msg":"done processing request","operation":"CREATE","handler":"state-into-spec validation","kind":"ComputeNetwork","resource":{"name":"computenetwork-y2ahqwjdyidky3i","namespace":"y2ahqwjdyidky3i"},"result-code":200,"result-reason":""}
{"severity":"info","timestamp":"2025-09-28T10:46:28.738Z","msg":"processing request","operation":"CREATE","handler":"unknown fields validation","kind":"ComputeNetwork","resource":{"name":"computenetwork-y2ahqwjdyidky3i","namespace":"y2ahqwjdyidky3i"}}
{"severity":"info","timestamp":"2025-09-28T10:46:28.738Z","msg":"done processing request","operation":"CREATE","handler":"unknown fields validation","kind":"ComputeNetwork","resource":{"name":"computenetwork-y2ahqwjdyidky3i","namespace":"y2ahqwjdyidky3i"},"result-code":200,"result-reason":""}
    samples.go:132: using legacy create to create object (should ideally use server-side apply) GVK networkconnectivity.cnrm.cloud.google.com/v1alpha1, Kind=NetworkConnectivityInternalRange name networkconnectivityinternalrange-full-prefix-y2ahqwjdyidky3i
{"severity":"info","timestamp":"2025-09-28T10:46:28.749Z","msg":"processing request","operation":"CREATE","handler":"state-into-spec validation","kind":"NetworkConnectivityInternalRange","resource":{"name":"networkconnectivityinternalrange-full-prefix-y2ahqwjdyidky3i","namespace":"y2ahqwjdyidky3i"}}
{"severity":"info","timestamp":"2025-09-28T10:46:28.750Z","msg":"processing request","operation":"CREATE","handler":"unknown fields validation","kind":"NetworkConnectivityInternalRange","resource":{"name":"networkconnectivityinternalrange-full-prefix-y2ahqwjdyidky3i","namespace":"y2ahqwjdyidky3i"}}
{"severity":"info","timestamp":"2025-09-28T10:46:28.750Z","msg":"done processing request","operation":"CREATE","handler":"state-into-spec validation","kind":"NetworkConnectivityInternalRange","resource":{"name":"networkconnectivityinternalrange-full-prefix-y2ahqwjdyidky3i","namespace":"y2ahqwjdyidky3i"},"result-code":200,"result-reason":""}
{"severity":"info","timestamp":"2025-09-28T10:46:28.750Z","msg":"done processing request","operation":"CREATE","handler":"unknown fields validation","kind":"NetworkConnectivityInternalRange","resource":{"name":"networkconnectivityinternalrange-full-prefix-y2ahqwjdyidky3i","namespace":"y2ahqwjdyidky3i"},"result-code":200,"result-reason":""}
{"severity":"info","timestamp":"2025-09-28T10:46:28.753Z","msg":"parent reconciler starting","controller":"computenetwork-parent-controller","controllerGroup":"compute.cnrm.cloud.google.com","controllerKind":"ComputeNetwork","ComputeNetwork":{"name":"computenetwork-y2ahqwjdyidky3i","namespace":"y2ahqwjdyidky3i"},"namespace":"y2ahqwjdyidky3i","name":"computenetwork-y2ahqwjdyidky3i","reconcileID":"e8bd4990-5bdf-4593-ba4c-89fe2a955052","resource":{"name":"computenetwork-y2ahqwjdyidky3i","namespace":"y2ahqwjdyidky3i"}}
{"severity":"info","timestamp":"2025-09-28T10:46:28.754Z","msg":"parent reconciler starting","controller":"networkconnectivityinternalrange-parent-controller","controllerGroup":"networkconnectivity.cnrm.cloud.google.com","controllerKind":"NetworkConnectivityInternalRange","NetworkConnectivityInternalRange":{"name":"networkconnectivityinternalrange-full-prefix-y2ahqwjdyidky3i","namespace":"y2ahqwjdyidky3i"},"namespace":"y2ahqwjdyidky3i","name":"networkconnectivityinternalrange-full-prefix-y2ahqwjdyidky3i","reconcileID":"fad56bd7-4b86-4294-9833-0040ba0ae47a","resource":{"name":"networkconnectivityinternalrange-full-prefix-y2ahqwjdyidky3i","namespace":"y2ahqwjdyidky3i"}}
{"severity":"info","timestamp":"2025-09-28T10:46:28.758Z","msg":"resource does not yet have status","kind":"NetworkConnectivityInternalRange","name":"networkconnectivityinternalrange-full-prefix-y2ahqwjdyidky3i"}
{"severity":"info","timestamp":"2025-09-28T10:46:28.758Z","msg":"resource does not yet have status","kind":"ComputeNetwork","name":"computenetwork-y2ahqwjdyidky3i"}
I0928 10:46:28.860986 1461598 kccstate.go:38] configconnector.core.cnrm.cloud.google.com object is not found
I0928 10:46:28.861067 1461598 kccstate.go:38] configconnector.core.cnrm.cloud.google.com object is not found
{"severity":"info","timestamp":"2025-09-28T10:46:28.861Z","msg":"routing to controller","controller":"computenetwork-parent-controller","controllerGroup":"compute.cnrm.cloud.google.com","controllerKind":"ComputeNetwork","ComputeNetwork":{"name":"computenetwork-y2ahqwjdyidky3i","namespace":"y2ahqwjdyidky3i"},"namespace":"y2ahqwjdyidky3i","name":"computenetwork-y2ahqwjdyidky3i","reconcileID":"e8bd4990-5bdf-4593-ba4c-89fe2a955052","type":"tf"}
{"severity":"info","timestamp":"2025-09-28T10:46:28.861Z","msg":"routing to TF reconciler","controller":"computenetwork-parent-controller","controllerGroup":"compute.cnrm.cloud.google.com","controllerKind":"ComputeNetwork","ComputeNetwork":{"name":"computenetwork-y2ahqwjdyidky3i","namespace":"y2ahqwjdyidky3i"},"namespace":"y2ahqwjdyidky3i","name":"computenetwork-y2ahqwjdyidky3i","reconcileID":"e8bd4990-5bdf-4593-ba4c-89fe2a955052"}
{"severity":"info","timestamp":"2025-09-28T10:46:28.861Z","logger":"computenetwork-controller","msg":"starting reconcile","controllerType":"terraform","resource":{"name":"computenetwork-y2ahqwjdyidky3i","namespace":"y2ahqwjdyidky3i"}}
{"severity":"info","timestamp":"2025-09-28T10:46:28.861Z","msg":"routing to controller","controller":"networkconnectivityinternalrange-parent-controller","controllerGroup":"networkconnectivity.cnrm.cloud.google.com","controllerKind":"NetworkConnectivityInternalRange","NetworkConnectivityInternalRange":{"name":"networkconnectivityinternalrange-full-prefix-y2ahqwjdyidky3i","namespace":"y2ahqwjdyidky3i"},"namespace":"y2ahqwjdyidky3i","name":"networkconnectivityinternalrange-full-prefix-y2ahqwjdyidky3i","reconcileID":"fad56bd7-4b86-4294-9833-0040ba0ae47a","type":"direct"}
{"severity":"info","timestamp":"2025-09-28T10:46:28.861Z","msg":"routing to Direct reconciler","controller":"networkconnectivityinternalrange-parent-controller","controllerGroup":"networkconnectivity.cnrm.cloud.google.com","controllerKind":"NetworkConnectivityInternalRange","NetworkConnectivityInternalRange":{"name":"networkconnectivityinternalrange-full-prefix-y2ahqwjdyidky3i","namespace":"y2ahqwjdyidky3i"},"namespace":"y2ahqwjdyidky3i","name":"networkconnectivityinternalrange-full-prefix-y2ahqwjdyidky3i","reconcileID":"fad56bd7-4b86-4294-9833-0040ba0ae47a"}
{"severity":"info","timestamp":"2025-09-28T10:46:28.861Z","msg":"Running reconcile","controller":"networkconnectivityinternalrange-parent-controller","controllerGroup":"networkconnectivity.cnrm.cloud.google.com","controllerKind":"NetworkConnectivityInternalRange","NetworkConnectivityInternalRange":{"name":"networkconnectivityinternalrange-full-prefix-y2ahqwjdyidky3i","namespace":"y2ahqwjdyidky3i"},"namespace":"y2ahqwjdyidky3i","name":"networkconnectivityinternalrange-full-prefix-y2ahqwjdyidky3i","reconcileID":"fad56bd7-4b86-4294-9833-0040ba0ae47a","resource":{"name":"networkconnectivityinternalrange-full-prefix-y2ahqwjdyidky3i","namespace":"y2ahqwjdyidky3i"}}
{"severity":"info","timestamp":"2025-09-28T10:46:28.867Z","msg":"structuredreporting OnReconcileStart","controller":"computenetwork-parent-controller","controllerGroup":"compute.cnrm.cloud.google.com","controllerKind":"ComputeNetwork","ComputeNetwork":{"name":"computenetwork-y2ahqwjdyidky3i","namespace":"y2ahqwjdyidky3i"},"namespace":"y2ahqwjdyidky3i","name":"computenetwork-y2ahqwjdyidky3i","reconcileID":"e8bd4990-5bdf-4593-ba4c-89fe2a955052","object.kind":"ComputeNetwork","object.name":"computenetwork-y2ahqwjdyidky3i"}
I0928 10:46:28.867167 1461598 kccstate.go:38] configconnector.core.cnrm.cloud.google.com object is not found
{"severity":"info","timestamp":"2025-09-28T10:46:28.868Z","msg":"structuredreporting OnReconcileStart","controller":"networkconnectivityinternalrange-parent-controller","controllerGroup":"networkconnectivity.cnrm.cloud.google.com","controllerKind":"NetworkConnectivityInternalRange","NetworkConnectivityInternalRange":{"name":"networkconnectivityinternalrange-full-prefix-y2ahqwjdyidky3i","namespace":"y2ahqwjdyidky3i"},"namespace":"y2ahqwjdyidky3i","name":"networkconnectivityinternalrange-full-prefix-y2ahqwjdyidky3i","reconcileID":"fad56bd7-4b86-4294-9833-0040ba0ae47a","object.kind":"NetworkConnectivityInternalRange","object.name":"networkconnectivityinternalrange-full-prefix-y2ahqwjdyidky3i"}
I0928 10:46:28.868470 1461598 kccstate.go:38] configconnector.core.cnrm.cloud.google.com object is not found
{"severity":"info","timestamp":"2025-09-28T10:46:28.870Z","msg":"processing request","operation":"UPDATE","handler":"unknown fields validation","kind":"ComputeNetwork","resource":{"name":"computenetwork-y2ahqwjdyidky3i","namespace":"y2ahqwjdyidky3i"}}
{"severity":"info","timestamp":"2025-09-28T10:46:28.870Z","msg":"processing request","operation":"UPDATE","handler":"state-into-spec validation","kind":"ComputeNetwork","resource":{"name":"computenetwork-y2ahqwjdyidky3i","namespace":"y2ahqwjdyidky3i"}}
{"severity":"info","timestamp":"2025-09-28T10:46:28.870Z","msg":"done processing request","operation":"UPDATE","handler":"unknown fields validation","kind":"ComputeNetwork","resource":{"name":"computenetwork-y2ahqwjdyidky3i","namespace":"y2ahqwjdyidky3i"},"result-code":200,"result-reason":""}
{"severity":"info","timestamp":"2025-09-28T10:46:28.870Z","msg":"done processing request","operation":"UPDATE","handler":"state-into-spec validation","kind":"ComputeNetwork","resource":{"name":"computenetwork-y2ahqwjdyidky3i","namespace":"y2ahqwjdyidky3i"},"result-code":200,"result-reason":""}
I0928 10:46:28.876667 1461598 kccstate.go:38] configconnector.core.cnrm.cloud.google.com object is not found
2025/09/28 10:46:28 [DEBUG] matching ID projects/cnrm-katriel/global/networks/computenetwork-y2ahqwjdyidky3i to regex projects/(?P<project>[^/]+)/global/networks/(?P<name>[^/]+).
2025/09/28 10:46:28 [DEBUG] importing project = cnrm-katriel
2025/09/28 10:46:28 [DEBUG] importing name = computenetwork-y2ahqwjdyidky3i
2025/09/28 10:46:28 [DEBUG] Waiting for state to become: [success]
2025/09/28 10:46:28 [DEBUG] Retry Transport: starting RoundTrip retry loop
2025/09/28 10:46:28 [DEBUG] Retry Transport: request attempt 0
2025/09/28 10:46:29 [DEBUG] Retry Transport: Stopping retries, last request failed with non-retryable error: googleapi: got HTTP response code 404 with body: HTTP/2.0 404 Not Found
Content-Type: application/json; charset=UTF-8
Date: Sun, 28 Sep 2025 10:46:29 GMT
Server: ESF
Vary: Origin
Vary: X-Origin
Vary: Referer
X-Content-Type-Options: nosniff
X-Frame-Options: SAMEORIGIN
X-Xss-Protection: 0

{
  "error": {
    "code": 404,
    "message": "The resource 'projects/cnrm-katriel/global/networks/computenetwork-y2ahqwjdyidky3i' was not found",
    "errors": [
      {
        "message": "The resource 'projects/cnrm-katriel/global/networks/computenetwork-y2ahqwjdyidky3i' was not found",
        "domain": "global",
        "reason": "notFound",
        "debugInfo": "java.lang.Exception\n\tat com.google.cloud.control.common.publicerrors.PublicErrorProtoUtils.newErrorBuilder(PublicErrorProtoUtils.java:2292)\n\tat com.google.cloud.control.common.publicerrors.PublicErrorProtoUtils.newErrorBuilder(PublicErrorProtoUtils.java:2284)\n\tat com.google.cloud.control.common.publicerrors.PublicErrorProtoUtils.createResourceNotFoundError(PublicErrorProtoUtils.java:203)\n\tat com.google.cloud.control.frontend.PublicResourceRepository.getEntityKeyOrThrow(PublicResourceRepository.java:242)\n\tat com.google.cloud.control.frontend.PublicResourceRepository.loadResource(PublicResourceRepository.java:185)\n\tat com.google.cloud.control.frontend.action.SimpleCustomMixerGetActionHandler.getTargetEntity(SimpleCustomMixerGetActionHandler.java:97)\n\tat com.google.cloud.control.frontend.action.SimpleCustomMixerGetActionHandler.performRead(SimpleCustomMixerGetActionHandler.java:113)\n\tat com.google.cloud.control.frontend.action.CustomMixerReadActionExecutor$InnerHandler.runAttempt(CustomMixerReadActionExecutor.java:355)\n\tat com.google.cloud.control.frontend.action.CustomMixerReadActionExecutor$InnerHandler.runAttempt(CustomMixerReadActionExecutor.java:258)\n\tat com.google.cloud.cluster.metastore.RetryingMetastoreTransactionExecutor$1.runAttempt(RetryingMetastoreTransactionExecutor.java:94)\n\tat com.google.cloud.cluster.metastore.MetastoreRetryLoop.runHandler(MetastoreRetryLoop.java:524)\n\t...Stack trace is shortened.\n"
      }
    ]
  }
}
2025/09/28 10:46:29 [DEBUG] Retry Transport: Returning after 1 attempts
2025/09/28 10:46:29 [WARN] Removing ComputeNetwork "projects/cnrm-katriel/global/networks/computenetwork-y2ahqwjdyidky3i" because it's gone
{"severity":"info","timestamp":"2025-09-28T10:46:29.229Z","msg":"processing request","operation":"UPDATE","handler":"unknown fields validation","kind":"ComputeNetwork","resource":{"name":"computenetwork-y2ahqwjdyidky3i","namespace":"y2ahqwjdyidky3i"}}
{"severity":"info","timestamp":"2025-09-28T10:46:29.229Z","msg":"processing request","operation":"UPDATE","handler":"state-into-spec validation","kind":"ComputeNetwork","resource":{"name":"computenetwork-y2ahqwjdyidky3i","namespace":"y2ahqwjdyidky3i"}}
{"severity":"info","timestamp":"2025-09-28T10:46:29.229Z","msg":"done processing request","operation":"UPDATE","handler":"unknown fields validation","kind":"ComputeNetwork","resource":{"name":"computenetwork-y2ahqwjdyidky3i","namespace":"y2ahqwjdyidky3i"},"result-code":200,"result-reason":""}
{"severity":"info","timestamp":"2025-09-28T10:46:29.230Z","msg":"done processing request","operation":"UPDATE","handler":"state-into-spec validation","kind":"ComputeNetwork","resource":{"name":"computenetwork-y2ahqwjdyidky3i","namespace":"y2ahqwjdyidky3i"},"result-code":200,"result-reason":""}
{"severity":"info","timestamp":"2025-09-28T10:46:29.239Z","msg":"structuredreporting OnDiff","controller":"computenetwork-parent-controller","controllerGroup":"compute.cnrm.cloud.google.com","controllerKind":"ComputeNetwork","ComputeNetwork":{"name":"computenetwork-y2ahqwjdyidky3i","namespace":"y2ahqwjdyidky3i"},"namespace":"y2ahqwjdyidky3i","name":"computenetwork-y2ahqwjdyidky3i","reconcileID":"e8bd4990-5bdf-4593-ba4c-89fe2a955052","diff.fields":[{"ID":"auto_create_subnetworks","Old":"","New":"false"},{"ID":"internal_ipv6_range","Old":"","New":""},{"ID":"routing_mode","Old":"","New":""},{"ID":"gateway_ipv4","Old":"","New":""},{"ID":"delete_default_routes_on_create","Old":"","New":"false"},{"ID":"self_link","Old":"","New":""},{"ID":"name","Old":"","New":"computenetwork-y2ahqwjdyidky3i"},{"ID":"network_firewall_policy_enforcement_order","Old":"","New":"AFTER_CLASSIC_FIREWALL"},{"ID":"mtu","Old":"","New":""},{"ID":"project","Old":"","New":"cnrm-katriel"}],"diff.isNewObject":true}
{"severity":"info","timestamp":"2025-09-28T10:46:29.239Z","logger":"computenetwork-controller","msg":"creating/updating underlying resource","controllerType":"terraform","resource":{"name":"computenetwork-y2ahqwjdyidky3i","namespace":"y2ahqwjdyidky3i"}}
2025/09/28 10:46:29 [DEBUG] Creating new Network: map[string]interface {}{"autoCreateSubnetworks":false, "name":"computenetwork-y2ahqwjdyidky3i", "networkFirewallPolicyEnforcementOrder":"AFTER_CLASSIC_FIREWALL"}
2025/09/28 10:46:29 [DEBUG] Waiting for state to become: [success]
2025/09/28 10:46:29 [DEBUG] Retry Transport: starting RoundTrip retry loop
2025/09/28 10:46:29 [DEBUG] Retry Transport: request attempt 0
{"severity":"info","timestamp":"2025-09-28T10:46:29.605Z","msg":"processing request","operation":"UPDATE","handler":"unknown fields validation","kind":"NetworkConnectivityInternalRange","resource":{"name":"networkconnectivityinternalrange-full-prefix-y2ahqwjdyidky3i","namespace":"y2ahqwjdyidky3i"}}
{"severity":"info","timestamp":"2025-09-28T10:46:29.605Z","msg":"processing request","operation":"UPDATE","handler":"state-into-spec validation","kind":"NetworkConnectivityInternalRange","resource":{"name":"networkconnectivityinternalrange-full-prefix-y2ahqwjdyidky3i","namespace":"y2ahqwjdyidky3i"}}
{"severity":"info","timestamp":"2025-09-28T10:46:29.605Z","msg":"done processing request","operation":"UPDATE","handler":"unknown fields validation","kind":"NetworkConnectivityInternalRange","resource":{"name":"networkconnectivityinternalrange-full-prefix-y2ahqwjdyidky3i","namespace":"y2ahqwjdyidky3i"},"result-code":200,"result-reason":""}
{"severity":"info","timestamp":"2025-09-28T10:46:29.605Z","msg":"done processing request","operation":"UPDATE","handler":"state-into-spec validation","kind":"NetworkConnectivityInternalRange","resource":{"name":"networkconnectivityinternalrange-full-prefix-y2ahqwjdyidky3i","namespace":"y2ahqwjdyidky3i"},"result-code":200,"result-reason":""}
{"severity":"info","timestamp":"2025-09-28T10:46:29.762Z","msg":"resource does not yet have status","kind":"NetworkConnectivityInternalRange","name":"networkconnectivityinternalrange-full-prefix-y2ahqwjdyidky3i"}
{"severity":"info","timestamp":"2025-09-28T10:46:29.762Z","msg":"resource is not ready","kind":"ComputeNetwork","name":"computenetwork-y2ahqwjdyidky3i","conditions":[{"lastTransitionTime":"2025-09-28T10:46:29Z","message":"Update in progress","reason":"Updating","status":"False","type":"Ready"}]}
2025/09/28 10:46:29 [DEBUG] Retry Transport: Stopping retries, last request was successful
2025/09/28 10:46:29 [DEBUG] Retry Transport: Returning after 1 attempts
2025/09/28 10:46:29 [INFO] Instantiating GCE client for path https://compute.googleapis.com/compute/beta/
2025/09/28 10:46:29 [DEBUG] Waiting for state to become: [DONE]
2025/09/28 10:46:29 [DEBUG] Retry Transport: starting RoundTrip retry loop
2025/09/28 10:46:29 [DEBUG] Retry Transport: request attempt 0
2025/09/28 10:46:30 [DEBUG] Retry Transport: Stopping retries, last request was successful
2025/09/28 10:46:30 [DEBUG] Retry Transport: Returning after 1 attempts
2025/09/28 10:46:30 [DEBUG] Got RUNNING while polling for operation operation-1759056389297-63fda3b39560b-3a6cdfc3-b6b17bd4's status
2025/09/28 10:46:30 [TRACE] Waiting 10s before next try
{"severity":"info","timestamp":"2025-09-28T10:46:30.762Z","msg":"resource does not yet have status","kind":"NetworkConnectivityInternalRange","name":"networkconnectivityinternalrange-full-prefix-y2ahqwjdyidky3i"}
{"severity":"info","timestamp":"2025-09-28T10:46:30.762Z","msg":"resource is not ready","kind":"ComputeNetwork","name":"computenetwork-y2ahqwjdyidky3i","conditions":[{"lastTransitionTime":"2025-09-28T10:46:29Z","message":"Update in progress","reason":"Updating","status":"False","type":"Ready"}]}
{"severity":"info","timestamp":"2025-09-28T10:46:31.762Z","msg":"resource does not yet have status","kind":"NetworkConnectivityInternalRange","name":"networkconnectivityinternalrange-full-prefix-y2ahqwjdyidky3i"}
{"severity":"info","timestamp":"2025-09-28T10:46:31.763Z","msg":"resource is not ready","kind":"ComputeNetwork","name":"computenetwork-y2ahqwjdyidky3i","conditions":[{"lastTransitionTime":"2025-09-28T10:46:29Z","message":"Update in progress","reason":"Updating","status":"False","type":"Ready"}]}
{"severity":"info","timestamp":"2025-09-28T10:46:32.763Z","msg":"resource does not yet have status","kind":"NetworkConnectivityInternalRange","name":"networkconnectivityinternalrange-full-prefix-y2ahqwjdyidky3i"}
{"severity":"info","timestamp":"2025-09-28T10:46:32.763Z","msg":"resource is not ready","kind":"ComputeNetwork","name":"computenetwork-y2ahqwjdyidky3i","conditions":[{"lastTransitionTime":"2025-09-28T10:46:29Z","message":"Update in progress","reason":"Updating","status":"False","type":"Ready"}]}
{"severity":"info","timestamp":"2025-09-28T10:46:33.762Z","msg":"resource does not yet have status","kind":"NetworkConnectivityInternalRange","name":"networkconnectivityinternalrange-full-prefix-y2ahqwjdyidky3i"}
{"severity":"info","timestamp":"2025-09-28T10:46:33.763Z","msg":"resource is not ready","kind":"ComputeNetwork","name":"computenetwork-y2ahqwjdyidky3i","conditions":[{"lastTransitionTime":"2025-09-28T10:46:29Z","message":"Update in progress","reason":"Updating","status":"False","type":"Ready"}]}
{"severity":"info","timestamp":"2025-09-28T10:46:34.763Z","msg":"resource is not ready","kind":"ComputeNetwork","name":"computenetwork-y2ahqwjdyidky3i","conditions":[{"lastTransitionTime":"2025-09-28T10:46:29Z","message":"Update in progress","reason":"Updating","status":"False","type":"Ready"}]}
{"severity":"info","timestamp":"2025-09-28T10:46:34.764Z","msg":"resource does not yet have status","kind":"NetworkConnectivityInternalRange","name":"networkconnectivityinternalrange-full-prefix-y2ahqwjdyidky3i"}
{"severity":"info","timestamp":"2025-09-28T10:46:34.962Z","msg":"processing request","operation":"UPDATE","handler":"unknown fields validation","kind":"NetworkConnectivityInternalRange","resource":{"name":"networkconnectivityinternalrange-full-prefix-y2ahqwjdyidky3i","namespace":"y2ahqwjdyidky3i"}}
{"severity":"info","timestamp":"2025-09-28T10:46:34.962Z","msg":"processing request","operation":"UPDATE","handler":"state-into-spec validation","kind":"NetworkConnectivityInternalRange","resource":{"name":"networkconnectivityinternalrange-full-prefix-y2ahqwjdyidky3i","namespace":"y2ahqwjdyidky3i"}}
{"severity":"info","timestamp":"2025-09-28T10:46:34.962Z","msg":"done processing request","operation":"UPDATE","handler":"state-into-spec validation","kind":"NetworkConnectivityInternalRange","resource":{"name":"networkconnectivityinternalrange-full-prefix-y2ahqwjdyidky3i","namespace":"y2ahqwjdyidky3i"},"result-code":200,"result-reason":""}
{"severity":"info","timestamp":"2025-09-28T10:46:34.962Z","msg":"done processing request","operation":"UPDATE","handler":"unknown fields validation","kind":"NetworkConnectivityInternalRange","resource":{"name":"networkconnectivityinternalrange-full-prefix-y2ahqwjdyidky3i","namespace":"y2ahqwjdyidky3i"},"result-code":200,"result-reason":""}
{"severity":"info","timestamp":"2025-09-28T10:46:34.973Z","msg":"successfully finished reconcile","controller":"networkconnectivityinternalrange-parent-controller","controllerGroup":"networkconnectivity.cnrm.cloud.google.com","controllerKind":"NetworkConnectivityInternalRange","NetworkConnectivityInternalRange":{"name":"networkconnectivityinternalrange-full-prefix-y2ahqwjdyidky3i","namespace":"y2ahqwjdyidky3i"},"namespace":"y2ahqwjdyidky3i","name":"networkconnectivityinternalrange-full-prefix-y2ahqwjdyidky3i","reconcileID":"fad56bd7-4b86-4294-9833-0040ba0ae47a","resource":{"name":"networkconnectivityinternalrange-full-prefix-y2ahqwjdyidky3i","namespace":"y2ahqwjdyidky3i"},"time to next reconciliation":"5m38.323862007s"}
{"severity":"info","timestamp":"2025-09-28T10:46:34.973Z","msg":"structuredreporting OnReconcileEnd","controller":"networkconnectivityinternalrange-parent-controller","controllerGroup":"networkconnectivity.cnrm.cloud.google.com","controllerKind":"NetworkConnectivityInternalRange","NetworkConnectivityInternalRange":{"name":"networkconnectivityinternalrange-full-prefix-y2ahqwjdyidky3i","namespace":"y2ahqwjdyidky3i"},"namespace":"y2ahqwjdyidky3i","name":"networkconnectivityinternalrange-full-prefix-y2ahqwjdyidky3i","reconcileID":"fad56bd7-4b86-4294-9833-0040ba0ae47a","object.kind":"NetworkConnectivityInternalRange","object.name":"networkconnectivityinternalrange-full-prefix-y2ahqwjdyidky3i","result":{"Requeue":false,"RequeueAfter":0},"error":null}
{"severity":"info","timestamp":"2025-09-28T10:46:35.762Z","msg":"resource is ready","kind":"NetworkConnectivityInternalRange","name":"networkconnectivityinternalrange-full-prefix-y2ahqwjdyidky3i"}
{"severity":"info","timestamp":"2025-09-28T10:46:35.763Z","msg":"resource is not ready","kind":"ComputeNetwork","name":"computenetwork-y2ahqwjdyidky3i","conditions":[{"lastTransitionTime":"2025-09-28T10:46:29Z","message":"Update in progress","reason":"Updating","status":"False","type":"Ready"}]}
{"severity":"info","timestamp":"2025-09-28T10:46:36.762Z","msg":"resource is not ready","kind":"ComputeNetwork","name":"computenetwork-y2ahqwjdyidky3i","conditions":[{"lastTransitionTime":"2025-09-28T10:46:29Z","message":"Update in progress","reason":"Updating","status":"False","type":"Ready"}]}
{"severity":"info","timestamp":"2025-09-28T10:46:37.763Z","msg":"resource is not ready","kind":"ComputeNetwork","name":"computenetwork-y2ahqwjdyidky3i","conditions":[{"lastTransitionTime":"2025-09-28T10:46:29Z","message":"Update in progress","reason":"Updating","status":"False","type":"Ready"}]}
{"severity":"info","timestamp":"2025-09-28T10:46:38.763Z","msg":"resource is not ready","kind":"ComputeNetwork","name":"computenetwork-y2ahqwjdyidky3i","conditions":[{"lastTransitionTime":"2025-09-28T10:46:29Z","message":"Update in progress","reason":"Updating","status":"False","type":"Ready"}]}
{"severity":"info","timestamp":"2025-09-28T10:46:39.763Z","msg":"resource is not ready","kind":"ComputeNetwork","name":"computenetwork-y2ahqwjdyidky3i","conditions":[{"lastTransitionTime":"2025-09-28T10:46:29Z","message":"Update in progress","reason":"Updating","status":"False","type":"Ready"}]}
2025/09/28 10:46:40 [DEBUG] Retry Transport: starting RoundTrip retry loop
2025/09/28 10:46:40 [DEBUG] Retry Transport: request attempt 0
2025/09/28 10:46:40 [DEBUG] Retry Transport: Stopping retries, last request was successful
2025/09/28 10:46:40 [DEBUG] Retry Transport: Returning after 1 attempts
2025/09/28 10:46:40 [DEBUG] Got RUNNING while polling for operation operation-1759056389297-63fda3b39560b-3a6cdfc3-b6b17bd4's status
2025/09/28 10:46:40 [TRACE] Waiting 10s before next try
{"severity":"info","timestamp":"2025-09-28T10:46:40.763Z","msg":"resource is not ready","kind":"ComputeNetwork","name":"computenetwork-y2ahqwjdyidky3i","conditions":[{"lastTransitionTime":"2025-09-28T10:46:29Z","message":"Update in progress","reason":"Updating","status":"False","type":"Ready"}]}
{"severity":"info","timestamp":"2025-09-28T10:46:41.763Z","msg":"resource is not ready","kind":"ComputeNetwork","name":"computenetwork-y2ahqwjdyidky3i","conditions":[{"lastTransitionTime":"2025-09-28T10:46:29Z","message":"Update in progress","reason":"Updating","status":"False","type":"Ready"}]}
{"severity":"info","timestamp":"2025-09-28T10:46:42.762Z","msg":"resource is not ready","kind":"ComputeNetwork","name":"computenetwork-y2ahqwjdyidky3i","conditions":[{"lastTransitionTime":"2025-09-28T10:46:29Z","message":"Update in progress","reason":"Updating","status":"False","type":"Ready"}]}
{"severity":"info","timestamp":"2025-09-28T10:46:43.764Z","msg":"resource is not ready","kind":"ComputeNetwork","name":"computenetwork-y2ahqwjdyidky3i","conditions":[{"lastTransitionTime":"2025-09-28T10:46:29Z","message":"Update in progress","reason":"Updating","status":"False","type":"Ready"}]}
{"severity":"info","timestamp":"2025-09-28T10:46:44.763Z","msg":"resource is not ready","kind":"ComputeNetwork","name":"computenetwork-y2ahqwjdyidky3i","conditions":[{"lastTransitionTime":"2025-09-28T10:46:29Z","message":"Update in progress","reason":"Updating","status":"False","type":"Ready"}]}
{"severity":"info","timestamp":"2025-09-28T10:46:45.763Z","msg":"resource is not ready","kind":"ComputeNetwork","name":"computenetwork-y2ahqwjdyidky3i","conditions":[{"lastTransitionTime":"2025-09-28T10:46:29Z","message":"Update in progress","reason":"Updating","status":"False","type":"Ready"}]}
{"severity":"info","timestamp":"2025-09-28T10:46:46.764Z","msg":"resource is not ready","kind":"ComputeNetwork","name":"computenetwork-y2ahqwjdyidky3i","conditions":[{"lastTransitionTime":"2025-09-28T10:46:29Z","message":"Update in progress","reason":"Updating","status":"False","type":"Ready"}]}
{"severity":"info","timestamp":"2025-09-28T10:46:47.763Z","msg":"resource is not ready","kind":"ComputeNetwork","name":"computenetwork-y2ahqwjdyidky3i","conditions":[{"lastTransitionTime":"2025-09-28T10:46:29Z","message":"Update in progress","reason":"Updating","status":"False","type":"Ready"}]}
{"severity":"info","timestamp":"2025-09-28T10:46:48.763Z","msg":"resource is not ready","kind":"ComputeNetwork","name":"computenetwork-y2ahqwjdyidky3i","conditions":[{"lastTransitionTime":"2025-09-28T10:46:29Z","message":"Update in progress","reason":"Updating","status":"False","type":"Ready"}]}
{"severity":"info","timestamp":"2025-09-28T10:46:49.764Z","msg":"resource is not ready","kind":"ComputeNetwork","name":"computenetwork-y2ahqwjdyidky3i","conditions":[{"lastTransitionTime":"2025-09-28T10:46:29Z","message":"Update in progress","reason":"Updating","status":"False","type":"Ready"}]}
2025/09/28 10:46:50 [DEBUG] Retry Transport: starting RoundTrip retry loop
2025/09/28 10:46:50 [DEBUG] Retry Transport: request attempt 0
{"severity":"info","timestamp":"2025-09-28T10:46:50.763Z","msg":"resource is not ready","kind":"ComputeNetwork","name":"computenetwork-y2ahqwjdyidky3i","conditions":[{"lastTransitionTime":"2025-09-28T10:46:29Z","message":"Update in progress","reason":"Updating","status":"False","type":"Ready"}]}
2025/09/28 10:46:50 [DEBUG] Retry Transport: Stopping retries, last request was successful
2025/09/28 10:46:50 [DEBUG] Retry Transport: Returning after 1 attempts
2025/09/28 10:46:50 [DEBUG] Got DONE while polling for operation operation-1759056389297-63fda3b39560b-3a6cdfc3-b6b17bd4's status
2025/09/28 10:46:50 [DEBUG] Finished creating Network "projects/cnrm-katriel/global/networks/computenetwork-y2ahqwjdyidky3i": map[string]interface {}{"id":"5345707348397960426", "insertTime":"2025-09-28T03:46:29.600-07:00", "kind":"compute#operation", "name":"operation-1759056389297-63fda3b39560b-3a6cdfc3-b6b17bd4", "operationType":"insert", "progress":0, "selfLink":"https://www.googleapis.com/compute/beta/projects/cnrm-katriel/global/operations/operation-1759056389297-63fda3b39560b-3a6cdfc3-b6b17bd4", "startTime":"2025-09-28T03:46:29.604-07:00", "status":"RUNNING", "targetId":"656817686507203818", "targetLink":"https://www.googleapis.com/compute/beta/projects/cnrm-katriel/global/networks/computenetwork-y2ahqwjdyidky3i", "user":"katriel@google.com"}
2025/09/28 10:46:50 [DEBUG] Waiting for state to become: [success]
2025/09/28 10:46:50 [DEBUG] Retry Transport: starting RoundTrip retry loop
2025/09/28 10:46:50 [DEBUG] Retry Transport: request attempt 0
2025/09/28 10:46:51 [DEBUG] Retry Transport: Stopping retries, last request was successful
2025/09/28 10:46:51 [DEBUG] Retry Transport: Returning after 1 attempts
{"severity":"info","timestamp":"2025-09-28T10:46:51.226Z","msg":"processing request","operation":"UPDATE","handler":"state-into-spec validation","kind":"ComputeNetwork","resource":{"name":"computenetwork-y2ahqwjdyidky3i","namespace":"y2ahqwjdyidky3i"}}
{"severity":"info","timestamp":"2025-09-28T10:46:51.226Z","msg":"processing request","operation":"UPDATE","handler":"unknown fields validation","kind":"ComputeNetwork","resource":{"name":"computenetwork-y2ahqwjdyidky3i","namespace":"y2ahqwjdyidky3i"}}
{"severity":"info","timestamp":"2025-09-28T10:46:51.226Z","msg":"done processing request","operation":"UPDATE","handler":"state-into-spec validation","kind":"ComputeNetwork","resource":{"name":"computenetwork-y2ahqwjdyidky3i","namespace":"y2ahqwjdyidky3i"},"result-code":200,"result-reason":""}
{"severity":"info","timestamp":"2025-09-28T10:46:51.227Z","msg":"done processing request","operation":"UPDATE","handler":"unknown fields validation","kind":"ComputeNetwork","resource":{"name":"computenetwork-y2ahqwjdyidky3i","namespace":"y2ahqwjdyidky3i"},"result-code":200,"result-reason":""}
{"severity":"info","timestamp":"2025-09-28T10:46:51.237Z","logger":"computenetwork-controller","msg":"successfully finished reconcile","controllerType":"terraform","resource":{"name":"computenetwork-y2ahqwjdyidky3i","namespace":"y2ahqwjdyidky3i"},"time to next reconciliation":"12m4.811897335s"}
{"severity":"info","timestamp":"2025-09-28T10:46:51.238Z","msg":"structuredreporting OnReconcileEnd","controller":"computenetwork-parent-controller","controllerGroup":"compute.cnrm.cloud.google.com","controllerKind":"ComputeNetwork","ComputeNetwork":{"name":"computenetwork-y2ahqwjdyidky3i","namespace":"y2ahqwjdyidky3i"},"namespace":"y2ahqwjdyidky3i","name":"computenetwork-y2ahqwjdyidky3i","reconcileID":"e8bd4990-5bdf-4593-ba4c-89fe2a955052","object.kind":"ComputeNetwork","object.name":"computenetwork-y2ahqwjdyidky3i","result":{"Requeue":false,"RequeueAfter":0},"error":null}
{"severity":"info","timestamp":"2025-09-28T10:46:51.238Z","msg":"parent reconciler starting","controller":"computenetwork-parent-controller","controllerGroup":"compute.cnrm.cloud.google.com","controllerKind":"ComputeNetwork","ComputeNetwork":{"name":"computenetwork-y2ahqwjdyidky3i","namespace":"y2ahqwjdyidky3i"},"namespace":"y2ahqwjdyidky3i","name":"computenetwork-y2ahqwjdyidky3i","reconcileID":"c694e2df-963f-4090-afc3-91b7059aea14","resource":{"name":"computenetwork-y2ahqwjdyidky3i","namespace":"y2ahqwjdyidky3i"}}
I0928 10:46:51.242495 1461598 kccstate.go:38] configconnector.core.cnrm.cloud.google.com object is not found
{"severity":"info","timestamp":"2025-09-28T10:46:51.242Z","msg":"routing to controller","controller":"computenetwork-parent-controller","controllerGroup":"compute.cnrm.cloud.google.com","controllerKind":"ComputeNetwork","ComputeNetwork":{"name":"computenetwork-y2ahqwjdyidky3i","namespace":"y2ahqwjdyidky3i"},"namespace":"y2ahqwjdyidky3i","name":"computenetwork-y2ahqwjdyidky3i","reconcileID":"c694e2df-963f-4090-afc3-91b7059aea14","type":"tf"}
{"severity":"info","timestamp":"2025-09-28T10:46:51.242Z","msg":"routing to TF reconciler","controller":"computenetwork-parent-controller","controllerGroup":"compute.cnrm.cloud.google.com","controllerKind":"ComputeNetwork","ComputeNetwork":{"name":"computenetwork-y2ahqwjdyidky3i","namespace":"y2ahqwjdyidky3i"},"namespace":"y2ahqwjdyidky3i","name":"computenetwork-y2ahqwjdyidky3i","reconcileID":"c694e2df-963f-4090-afc3-91b7059aea14"}
{"severity":"info","timestamp":"2025-09-28T10:46:51.242Z","logger":"computenetwork-controller","msg":"starting reconcile","controllerType":"terraform","resource":{"name":"computenetwork-y2ahqwjdyidky3i","namespace":"y2ahqwjdyidky3i"}}
{"severity":"info","timestamp":"2025-09-28T10:46:51.245Z","msg":"structuredreporting OnReconcileStart","controller":"computenetwork-parent-controller","controllerGroup":"compute.cnrm.cloud.google.com","controllerKind":"ComputeNetwork","ComputeNetwork":{"name":"computenetwork-y2ahqwjdyidky3i","namespace":"y2ahqwjdyidky3i"},"namespace":"y2ahqwjdyidky3i","name":"computenetwork-y2ahqwjdyidky3i","reconcileID":"c694e2df-963f-4090-afc3-91b7059aea14","object.kind":"ComputeNetwork","object.name":"computenetwork-y2ahqwjdyidky3i"}
I0928 10:46:51.248526 1461598 kccstate.go:38] configconnector.core.cnrm.cloud.google.com object is not found
2025/09/28 10:46:51 [DEBUG] matching ID projects/cnrm-katriel/global/networks/computenetwork-y2ahqwjdyidky3i to regex projects/(?P<project>[^/]+)/global/networks/(?P<name>[^/]+).
2025/09/28 10:46:51 [DEBUG] importing project = cnrm-katriel
2025/09/28 10:46:51 [DEBUG] importing name = computenetwork-y2ahqwjdyidky3i
2025/09/28 10:46:51 [DEBUG] Waiting for state to become: [success]
2025/09/28 10:46:51 [DEBUG] Retry Transport: starting RoundTrip retry loop
2025/09/28 10:46:51 [DEBUG] Retry Transport: request attempt 0
2025/09/28 10:46:51 [DEBUG] Retry Transport: Stopping retries, last request was successful
2025/09/28 10:46:51 [DEBUG] Retry Transport: Returning after 1 attempts
{"severity":"info","timestamp":"2025-09-28T10:46:51.547Z","logger":"computenetwork-controller","msg":"underlying resource already up to date","controllerType":"terraform","resource":{"name":"computenetwork-y2ahqwjdyidky3i","namespace":"y2ahqwjdyidky3i"}}
{"severity":"info","timestamp":"2025-09-28T10:46:51.553Z","msg":"processing request","operation":"UPDATE","handler":"unknown fields validation","kind":"ComputeNetwork","resource":{"name":"computenetwork-y2ahqwjdyidky3i","namespace":"y2ahqwjdyidky3i"}}
{"severity":"info","timestamp":"2025-09-28T10:46:51.553Z","msg":"processing request","operation":"UPDATE","handler":"state-into-spec validation","kind":"ComputeNetwork","resource":{"name":"computenetwork-y2ahqwjdyidky3i","namespace":"y2ahqwjdyidky3i"}}
{"severity":"info","timestamp":"2025-09-28T10:46:51.553Z","msg":"done processing request","operation":"UPDATE","handler":"state-into-spec validation","kind":"ComputeNetwork","resource":{"name":"computenetwork-y2ahqwjdyidky3i","namespace":"y2ahqwjdyidky3i"},"result-code":200,"result-reason":""}
{"severity":"info","timestamp":"2025-09-28T10:46:51.553Z","msg":"done processing request","operation":"UPDATE","handler":"unknown fields validation","kind":"ComputeNetwork","resource":{"name":"computenetwork-y2ahqwjdyidky3i","namespace":"y2ahqwjdyidky3i"},"result-code":200,"result-reason":""}
{"severity":"info","timestamp":"2025-09-28T10:46:51.563Z","logger":"computenetwork-controller","msg":"successfully finished reconcile","controllerType":"terraform","resource":{"name":"computenetwork-y2ahqwjdyidky3i","namespace":"y2ahqwjdyidky3i"},"time to next reconciliation":"5m11.799022038s"}
{"severity":"info","timestamp":"2025-09-28T10:46:51.563Z","msg":"structuredreporting OnReconcileEnd","controller":"computenetwork-parent-controller","controllerGroup":"compute.cnrm.cloud.google.com","controllerKind":"ComputeNetwork","ComputeNetwork":{"name":"computenetwork-y2ahqwjdyidky3i","namespace":"y2ahqwjdyidky3i"},"namespace":"y2ahqwjdyidky3i","name":"computenetwork-y2ahqwjdyidky3i","reconcileID":"c694e2df-963f-4090-afc3-91b7059aea14","object.kind":"ComputeNetwork","object.name":"computenetwork-y2ahqwjdyidky3i","result":{"Requeue":false,"RequeueAfter":0},"error":null}
{"severity":"info","timestamp":"2025-09-28T10:46:51.762Z","msg":"resource is ready","kind":"ComputeNetwork","name":"computenetwork-y2ahqwjdyidky3i"}
    samples.go:154: using server-side apply to update object
{"severity":"info","timestamp":"2025-09-28T10:46:51.767Z","msg":"processing request","operation":"UPDATE","handler":"state-into-spec validation","kind":"NetworkConnectivityInternalRange","resource":{"name":"networkconnectivityinternalrange-full-prefix-y2ahqwjdyidky3i","namespace":"y2ahqwjdyidky3i"}}
{"severity":"info","timestamp":"2025-09-28T10:46:51.767Z","msg":"processing request","operation":"UPDATE","handler":"unknown fields validation","kind":"NetworkConnectivityInternalRange","resource":{"name":"networkconnectivityinternalrange-full-prefix-y2ahqwjdyidky3i","namespace":"y2ahqwjdyidky3i"}}
{"severity":"info","timestamp":"2025-09-28T10:46:51.767Z","msg":"done processing request","operation":"UPDATE","handler":"state-into-spec validation","kind":"NetworkConnectivityInternalRange","resource":{"name":"networkconnectivityinternalrange-full-prefix-y2ahqwjdyidky3i","namespace":"y2ahqwjdyidky3i"},"result-code":200,"result-reason":""}
{"severity":"info","timestamp":"2025-09-28T10:46:51.768Z","msg":"done processing request","operation":"UPDATE","handler":"unknown fields validation","kind":"NetworkConnectivityInternalRange","resource":{"name":"networkconnectivityinternalrange-full-prefix-y2ahqwjdyidky3i","namespace":"y2ahqwjdyidky3i"},"result-code":200,"result-reason":""}
{"severity":"info","timestamp":"2025-09-28T10:46:51.772Z","msg":"parent reconciler starting","controller":"networkconnectivityinternalrange-parent-controller","controllerGroup":"networkconnectivity.cnrm.cloud.google.com","controllerKind":"NetworkConnectivityInternalRange","NetworkConnectivityInternalRange":{"name":"networkconnectivityinternalrange-full-prefix-y2ahqwjdyidky3i","namespace":"y2ahqwjdyidky3i"},"namespace":"y2ahqwjdyidky3i","name":"networkconnectivityinternalrange-full-prefix-y2ahqwjdyidky3i","reconcileID":"6c9f4a68-5ff6-46cb-9b3d-cb76c16a9cf2","resource":{"name":"networkconnectivityinternalrange-full-prefix-y2ahqwjdyidky3i","namespace":"y2ahqwjdyidky3i"}}
{"severity":"info","timestamp":"2025-09-28T10:46:51.777Z","msg":"resource status.observedGeneration is behind current generation","kind":"NetworkConnectivityInternalRange","name":"networkconnectivityinternalrange-full-prefix-y2ahqwjdyidky3i","status.observedGeneration":1,"generation":2}
I0928 10:46:51.777227 1461598 kccstate.go:38] configconnector.core.cnrm.cloud.google.com object is not found
{"severity":"info","timestamp":"2025-09-28T10:46:51.777Z","msg":"routing to controller","controller":"networkconnectivityinternalrange-parent-controller","controllerGroup":"networkconnectivity.cnrm.cloud.google.com","controllerKind":"NetworkConnectivityInternalRange","NetworkConnectivityInternalRange":{"name":"networkconnectivityinternalrange-full-prefix-y2ahqwjdyidky3i","namespace":"y2ahqwjdyidky3i"},"namespace":"y2ahqwjdyidky3i","name":"networkconnectivityinternalrange-full-prefix-y2ahqwjdyidky3i","reconcileID":"6c9f4a68-5ff6-46cb-9b3d-cb76c16a9cf2","type":"direct"}
{"severity":"info","timestamp":"2025-09-28T10:46:51.777Z","msg":"routing to Direct reconciler","controller":"networkconnectivityinternalrange-parent-controller","controllerGroup":"networkconnectivity.cnrm.cloud.google.com","controllerKind":"NetworkConnectivityInternalRange","NetworkConnectivityInternalRange":{"name":"networkconnectivityinternalrange-full-prefix-y2ahqwjdyidky3i","namespace":"y2ahqwjdyidky3i"},"namespace":"y2ahqwjdyidky3i","name":"networkconnectivityinternalrange-full-prefix-y2ahqwjdyidky3i","reconcileID":"6c9f4a68-5ff6-46cb-9b3d-cb76c16a9cf2"}
{"severity":"info","timestamp":"2025-09-28T10:46:51.777Z","msg":"Running reconcile","controller":"networkconnectivityinternalrange-parent-controller","controllerGroup":"networkconnectivity.cnrm.cloud.google.com","controllerKind":"NetworkConnectivityInternalRange","NetworkConnectivityInternalRange":{"name":"networkconnectivityinternalrange-full-prefix-y2ahqwjdyidky3i","namespace":"y2ahqwjdyidky3i"},"namespace":"y2ahqwjdyidky3i","name":"networkconnectivityinternalrange-full-prefix-y2ahqwjdyidky3i","reconcileID":"6c9f4a68-5ff6-46cb-9b3d-cb76c16a9cf2","resource":{"name":"networkconnectivityinternalrange-full-prefix-y2ahqwjdyidky3i","namespace":"y2ahqwjdyidky3i"}}
{"severity":"info","timestamp":"2025-09-28T10:46:51.780Z","msg":"structuredreporting OnReconcileStart","controller":"networkconnectivityinternalrange-parent-controller","controllerGroup":"networkconnectivity.cnrm.cloud.google.com","controllerKind":"NetworkConnectivityInternalRange","NetworkConnectivityInternalRange":{"name":"networkconnectivityinternalrange-full-prefix-y2ahqwjdyidky3i","namespace":"y2ahqwjdyidky3i"},"namespace":"y2ahqwjdyidky3i","name":"networkconnectivityinternalrange-full-prefix-y2ahqwjdyidky3i","reconcileID":"6c9f4a68-5ff6-46cb-9b3d-cb76c16a9cf2","object.kind":"NetworkConnectivityInternalRange","object.name":"networkconnectivityinternalrange-full-prefix-y2ahqwjdyidky3i"}
I0928 10:46:51.780720 1461598 kccstate.go:38] configconnector.core.cnrm.cloud.google.com object is not found
{"severity":"info","timestamp":"2025-09-28T10:46:52.782Z","msg":"resource status.observedGeneration is behind current generation","kind":"NetworkConnectivityInternalRange","name":"networkconnectivityinternalrange-full-prefix-y2ahqwjdyidky3i","status.observedGeneration":1,"generation":2}
{"severity":"info","timestamp":"2025-09-28T10:46:53.782Z","msg":"resource status.observedGeneration is behind current generation","kind":"NetworkConnectivityInternalRange","name":"networkconnectivityinternalrange-full-prefix-y2ahqwjdyidky3i","status.observedGeneration":1,"generation":2}
{"severity":"info","timestamp":"2025-09-28T10:46:54.782Z","msg":"resource status.observedGeneration is behind current generation","kind":"NetworkConnectivityInternalRange","name":"networkconnectivityinternalrange-full-prefix-y2ahqwjdyidky3i","status.observedGeneration":1,"generation":2}
{"severity":"info","timestamp":"2025-09-28T10:46:55.783Z","msg":"resource status.observedGeneration is behind current generation","kind":"NetworkConnectivityInternalRange","name":"networkconnectivityinternalrange-full-prefix-y2ahqwjdyidky3i","status.observedGeneration":1,"generation":2}
{"severity":"info","timestamp":"2025-09-28T10:46:56.781Z","msg":"resource status.observedGeneration is behind current generation","kind":"NetworkConnectivityInternalRange","name":"networkconnectivityinternalrange-full-prefix-y2ahqwjdyidky3i","status.observedGeneration":1,"generation":2}
{"severity":"info","timestamp":"2025-09-28T10:46:57.567Z","msg":"processing request","operation":"UPDATE","handler":"state-into-spec validation","kind":"NetworkConnectivityInternalRange","resource":{"name":"networkconnectivityinternalrange-full-prefix-y2ahqwjdyidky3i","namespace":"y2ahqwjdyidky3i"}}
{"severity":"info","timestamp":"2025-09-28T10:46:57.567Z","msg":"processing request","operation":"UPDATE","handler":"unknown fields validation","kind":"NetworkConnectivityInternalRange","resource":{"name":"networkconnectivityinternalrange-full-prefix-y2ahqwjdyidky3i","namespace":"y2ahqwjdyidky3i"}}
{"severity":"info","timestamp":"2025-09-28T10:46:57.567Z","msg":"done processing request","operation":"UPDATE","handler":"state-into-spec validation","kind":"NetworkConnectivityInternalRange","resource":{"name":"networkconnectivityinternalrange-full-prefix-y2ahqwjdyidky3i","namespace":"y2ahqwjdyidky3i"},"result-code":200,"result-reason":""}
{"severity":"info","timestamp":"2025-09-28T10:46:57.567Z","msg":"done processing request","operation":"UPDATE","handler":"unknown fields validation","kind":"NetworkConnectivityInternalRange","resource":{"name":"networkconnectivityinternalrange-full-prefix-y2ahqwjdyidky3i","namespace":"y2ahqwjdyidky3i"},"result-code":200,"result-reason":""}
{"severity":"info","timestamp":"2025-09-28T10:46:57.578Z","msg":"successfully finished reconcile","controller":"networkconnectivityinternalrange-parent-controller","controllerGroup":"networkconnectivity.cnrm.cloud.google.com","controllerKind":"NetworkConnectivityInternalRange","NetworkConnectivityInternalRange":{"name":"networkconnectivityinternalrange-full-prefix-y2ahqwjdyidky3i","namespace":"y2ahqwjdyidky3i"},"namespace":"y2ahqwjdyidky3i","name":"networkconnectivityinternalrange-full-prefix-y2ahqwjdyidky3i","reconcileID":"6c9f4a68-5ff6-46cb-9b3d-cb76c16a9cf2","resource":{"name":"networkconnectivityinternalrange-full-prefix-y2ahqwjdyidky3i","namespace":"y2ahqwjdyidky3i"},"time to next reconciliation":"8m12.16005218s"}
{"severity":"info","timestamp":"2025-09-28T10:46:57.578Z","msg":"structuredreporting OnReconcileEnd","controller":"networkconnectivityinternalrange-parent-controller","controllerGroup":"networkconnectivity.cnrm.cloud.google.com","controllerKind":"NetworkConnectivityInternalRange","NetworkConnectivityInternalRange":{"name":"networkconnectivityinternalrange-full-prefix-y2ahqwjdyidky3i","namespace":"y2ahqwjdyidky3i"},"namespace":"y2ahqwjdyidky3i","name":"networkconnectivityinternalrange-full-prefix-y2ahqwjdyidky3i","reconcileID":"6c9f4a68-5ff6-46cb-9b3d-cb76c16a9cf2","object.kind":"NetworkConnectivityInternalRange","object.name":"networkconnectivityinternalrange-full-prefix-y2ahqwjdyidky3i","result":{"Requeue":false,"RequeueAfter":0},"error":null}
{"severity":"info","timestamp":"2025-09-28T10:46:57.782Z","msg":"resource is ready","kind":"NetworkConnectivityInternalRange","name":"networkconnectivityinternalrange-full-prefix-y2ahqwjdyidky3i"}
    ratcheting.go:500: skipping re-reconciliation test for gvk networkconnectivity.cnrm.cloud.google.com/v1alpha1, Kind=NetworkConnectivityInternalRange
{"severity":"info","timestamp":"2025-09-28T10:46:57.782Z","msg":"Deleting resource","kind":"NetworkConnectivityInternalRange","name":"networkconnectivityinternalrange-full-prefix-y2ahqwjdyidky3i"}
{"severity":"info","timestamp":"2025-09-28T10:46:57.789Z","msg":"parent reconciler starting","controller":"networkconnectivityinternalrange-parent-controller","controllerGroup":"networkconnectivity.cnrm.cloud.google.com","controllerKind":"NetworkConnectivityInternalRange","NetworkConnectivityInternalRange":{"name":"networkconnectivityinternalrange-full-prefix-y2ahqwjdyidky3i","namespace":"y2ahqwjdyidky3i"},"namespace":"y2ahqwjdyidky3i","name":"networkconnectivityinternalrange-full-prefix-y2ahqwjdyidky3i","reconcileID":"cffbdc09-662a-49db-bc5d-b07752e23279","resource":{"name":"networkconnectivityinternalrange-full-prefix-y2ahqwjdyidky3i","namespace":"y2ahqwjdyidky3i"}}
{"severity":"info","timestamp":"2025-09-28T10:46:57.789Z","msg":"Deleting resource","kind":"ComputeNetwork","name":"computenetwork-y2ahqwjdyidky3i"}
{"severity":"info","timestamp":"2025-09-28T10:46:57.793Z","logger":"networkconnectivityinternalrange-deletion-defender-controller","msg":"starting deletion defender finalization","resource":{"name":"networkconnectivityinternalrange-full-prefix-y2ahqwjdyidky3i","namespace":"y2ahqwjdyidky3i"}}
I0928 10:46:57.793217 1461598 kccstate.go:38] configconnector.core.cnrm.cloud.google.com object is not found
{"severity":"info","timestamp":"2025-09-28T10:46:57.793Z","msg":"routing to controller","controller":"networkconnectivityinternalrange-parent-controller","controllerGroup":"networkconnectivity.cnrm.cloud.google.com","controllerKind":"NetworkConnectivityInternalRange","NetworkConnectivityInternalRange":{"name":"networkconnectivityinternalrange-full-prefix-y2ahqwjdyidky3i","namespace":"y2ahqwjdyidky3i"},"namespace":"y2ahqwjdyidky3i","name":"networkconnectivityinternalrange-full-prefix-y2ahqwjdyidky3i","reconcileID":"cffbdc09-662a-49db-bc5d-b07752e23279","type":"direct"}
{"severity":"info","timestamp":"2025-09-28T10:46:57.793Z","msg":"routing to Direct reconciler","controller":"networkconnectivityinternalrange-parent-controller","controllerGroup":"networkconnectivity.cnrm.cloud.google.com","controllerKind":"NetworkConnectivityInternalRange","NetworkConnectivityInternalRange":{"name":"networkconnectivityinternalrange-full-prefix-y2ahqwjdyidky3i","namespace":"y2ahqwjdyidky3i"},"namespace":"y2ahqwjdyidky3i","name":"networkconnectivityinternalrange-full-prefix-y2ahqwjdyidky3i","reconcileID":"cffbdc09-662a-49db-bc5d-b07752e23279"}
{"severity":"info","timestamp":"2025-09-28T10:46:57.793Z","msg":"Running reconcile","controller":"networkconnectivityinternalrange-parent-controller","controllerGroup":"networkconnectivity.cnrm.cloud.google.com","controllerKind":"NetworkConnectivityInternalRange","NetworkConnectivityInternalRange":{"name":"networkconnectivityinternalrange-full-prefix-y2ahqwjdyidky3i","namespace":"y2ahqwjdyidky3i"},"namespace":"y2ahqwjdyidky3i","name":"networkconnectivityinternalrange-full-prefix-y2ahqwjdyidky3i","reconcileID":"cffbdc09-662a-49db-bc5d-b07752e23279","resource":{"name":"networkconnectivityinternalrange-full-prefix-y2ahqwjdyidky3i","namespace":"y2ahqwjdyidky3i"}}
{"severity":"info","timestamp":"2025-09-28T10:46:57.794Z","msg":"parent reconciler starting","controller":"computenetwork-parent-controller","controllerGroup":"compute.cnrm.cloud.google.com","controllerKind":"ComputeNetwork","ComputeNetwork":{"name":"computenetwork-y2ahqwjdyidky3i","namespace":"y2ahqwjdyidky3i"},"namespace":"y2ahqwjdyidky3i","name":"computenetwork-y2ahqwjdyidky3i","reconcileID":"171232b2-64cc-43dc-afcb-d90ac3b8c17d","resource":{"name":"computenetwork-y2ahqwjdyidky3i","namespace":"y2ahqwjdyidky3i"}}
{"severity":"info","timestamp":"2025-09-28T10:46:57.796Z","msg":"structuredreporting OnReconcileStart","controller":"networkconnectivityinternalrange-parent-controller","controllerGroup":"networkconnectivity.cnrm.cloud.google.com","controllerKind":"NetworkConnectivityInternalRange","NetworkConnectivityInternalRange":{"name":"networkconnectivityinternalrange-full-prefix-y2ahqwjdyidky3i","namespace":"y2ahqwjdyidky3i"},"namespace":"y2ahqwjdyidky3i","name":"networkconnectivityinternalrange-full-prefix-y2ahqwjdyidky3i","reconcileID":"cffbdc09-662a-49db-bc5d-b07752e23279","object.kind":"NetworkConnectivityInternalRange","object.name":"networkconnectivityinternalrange-full-prefix-y2ahqwjdyidky3i"}
I0928 10:46:57.796904 1461598 kccstate.go:38] configconnector.core.cnrm.cloud.google.com object is not found
{"severity":"info","timestamp":"2025-09-28T10:46:57.799Z","logger":"computenetwork-deletion-defender-controller","msg":"starting deletion defender finalization","resource":{"name":"computenetwork-y2ahqwjdyidky3i","namespace":"y2ahqwjdyidky3i"}}
I0928 10:46:57.799108 1461598 kccstate.go:38] configconnector.core.cnrm.cloud.google.com object is not found
{"severity":"info","timestamp":"2025-09-28T10:46:57.799Z","msg":"routing to controller","controller":"computenetwork-parent-controller","controllerGroup":"compute.cnrm.cloud.google.com","controllerKind":"ComputeNetwork","ComputeNetwork":{"name":"computenetwork-y2ahqwjdyidky3i","namespace":"y2ahqwjdyidky3i"},"namespace":"y2ahqwjdyidky3i","name":"computenetwork-y2ahqwjdyidky3i","reconcileID":"171232b2-64cc-43dc-afcb-d90ac3b8c17d","type":"tf"}
{"severity":"info","timestamp":"2025-09-28T10:46:57.799Z","msg":"routing to TF reconciler","controller":"computenetwork-parent-controller","controllerGroup":"compute.cnrm.cloud.google.com","controllerKind":"ComputeNetwork","ComputeNetwork":{"name":"computenetwork-y2ahqwjdyidky3i","namespace":"y2ahqwjdyidky3i"},"namespace":"y2ahqwjdyidky3i","name":"computenetwork-y2ahqwjdyidky3i","reconcileID":"171232b2-64cc-43dc-afcb-d90ac3b8c17d"}
{"severity":"info","timestamp":"2025-09-28T10:46:57.799Z","logger":"computenetwork-controller","msg":"starting reconcile","controllerType":"terraform","resource":{"name":"computenetwork-y2ahqwjdyidky3i","namespace":"y2ahqwjdyidky3i"}}
{"severity":"info","timestamp":"2025-09-28T10:46:57.802Z","msg":"processing request","operation":"UPDATE","handler":"state-into-spec validation","kind":"NetworkConnectivityInternalRange","resource":{"name":"networkconnectivityinternalrange-full-prefix-y2ahqwjdyidky3i","namespace":"y2ahqwjdyidky3i"}}
{"severity":"info","timestamp":"2025-09-28T10:46:57.802Z","msg":"processing request","operation":"UPDATE","handler":"unknown fields validation","kind":"NetworkConnectivityInternalRange","resource":{"name":"networkconnectivityinternalrange-full-prefix-y2ahqwjdyidky3i","namespace":"y2ahqwjdyidky3i"}}
{"severity":"info","timestamp":"2025-09-28T10:46:57.802Z","msg":"done processing request","operation":"UPDATE","handler":"state-into-spec validation","kind":"NetworkConnectivityInternalRange","resource":{"name":"networkconnectivityinternalrange-full-prefix-y2ahqwjdyidky3i","namespace":"y2ahqwjdyidky3i"},"result-code":200,"result-reason":""}
{"severity":"info","timestamp":"2025-09-28T10:46:57.802Z","msg":"structuredreporting OnReconcileStart","controller":"computenetwork-parent-controller","controllerGroup":"compute.cnrm.cloud.google.com","controllerKind":"ComputeNetwork","ComputeNetwork":{"name":"computenetwork-y2ahqwjdyidky3i","namespace":"y2ahqwjdyidky3i"},"namespace":"y2ahqwjdyidky3i","name":"computenetwork-y2ahqwjdyidky3i","reconcileID":"171232b2-64cc-43dc-afcb-d90ac3b8c17d","object.kind":"ComputeNetwork","object.name":"computenetwork-y2ahqwjdyidky3i"}
{"severity":"info","timestamp":"2025-09-28T10:46:57.802Z","msg":"done processing request","operation":"UPDATE","handler":"unknown fields validation","kind":"NetworkConnectivityInternalRange","resource":{"name":"networkconnectivityinternalrange-full-prefix-y2ahqwjdyidky3i","namespace":"y2ahqwjdyidky3i"},"result-code":200,"result-reason":""}
I0928 10:46:57.805700 1461598 kccstate.go:38] configconnector.core.cnrm.cloud.google.com object is not found
{"severity":"info","timestamp":"2025-09-28T10:46:57.805Z","logger":"computenetwork-controller","msg":"finalizing resource deletion","controllerType":"terraform","resource":{"name":"computenetwork-y2ahqwjdyidky3i","namespace":"y2ahqwjdyidky3i"}}
{"severity":"info","timestamp":"2025-09-28T10:46:57.805Z","logger":"computenetwork-controller","msg":"deletion defender has not yet been finalized; requeuing","controllerType":"terraform","resource":{"name":"computenetwork-y2ahqwjdyidky3i","namespace":"y2ahqwjdyidky3i"}}
{"severity":"info","timestamp":"2025-09-28T10:46:57.805Z","msg":"structuredreporting OnReconcileEnd","controller":"computenetwork-parent-controller","controllerGroup":"compute.cnrm.cloud.google.com","controllerKind":"ComputeNetwork","ComputeNetwork":{"name":"computenetwork-y2ahqwjdyidky3i","namespace":"y2ahqwjdyidky3i"},"namespace":"y2ahqwjdyidky3i","name":"computenetwork-y2ahqwjdyidky3i","reconcileID":"171232b2-64cc-43dc-afcb-d90ac3b8c17d","object.kind":"ComputeNetwork","object.name":"computenetwork-y2ahqwjdyidky3i","result":{"Requeue":false,"RequeueAfter":0},"error":null}
{"severity":"info","timestamp":"2025-09-28T10:46:57.806Z","logger":"networkconnectivityinternalrange-deletion-defender-controller","msg":"successfully finalized deletion defense","resource":{"name":"networkconnectivityinternalrange-full-prefix-y2ahqwjdyidky3i","namespace":"y2ahqwjdyidky3i"}}
{"severity":"info","timestamp":"2025-09-28T10:46:57.806Z","msg":"processing request","operation":"UPDATE","handler":"unknown fields validation","kind":"ComputeNetwork","resource":{"name":"computenetwork-y2ahqwjdyidky3i","namespace":"y2ahqwjdyidky3i"}}
{"severity":"info","timestamp":"2025-09-28T10:46:57.806Z","msg":"processing request","operation":"UPDATE","handler":"state-into-spec validation","kind":"ComputeNetwork","resource":{"name":"computenetwork-y2ahqwjdyidky3i","namespace":"y2ahqwjdyidky3i"}}
{"severity":"info","timestamp":"2025-09-28T10:46:57.806Z","msg":"done processing request","operation":"UPDATE","handler":"state-into-spec validation","kind":"ComputeNetwork","resource":{"name":"computenetwork-y2ahqwjdyidky3i","namespace":"y2ahqwjdyidky3i"},"result-code":200,"result-reason":""}
{"severity":"info","timestamp":"2025-09-28T10:46:57.806Z","msg":"done processing request","operation":"UPDATE","handler":"unknown fields validation","kind":"ComputeNetwork","resource":{"name":"computenetwork-y2ahqwjdyidky3i","namespace":"y2ahqwjdyidky3i"},"result-code":200,"result-reason":""}
{"severity":"info","timestamp":"2025-09-28T10:46:57.809Z","msg":"parent reconciler starting","controller":"computenetwork-parent-controller","controllerGroup":"compute.cnrm.cloud.google.com","controllerKind":"ComputeNetwork","ComputeNetwork":{"name":"computenetwork-y2ahqwjdyidky3i","namespace":"y2ahqwjdyidky3i"},"namespace":"y2ahqwjdyidky3i","name":"computenetwork-y2ahqwjdyidky3i","reconcileID":"35e5c829-27c0-4a1a-a8b2-8390f9c783ab","resource":{"name":"computenetwork-y2ahqwjdyidky3i","namespace":"y2ahqwjdyidky3i"}}
{"severity":"info","timestamp":"2025-09-28T10:46:57.809Z","logger":"computenetwork-deletion-defender-controller","msg":"successfully finalized deletion defense","resource":{"name":"computenetwork-y2ahqwjdyidky3i","namespace":"y2ahqwjdyidky3i"}}
I0928 10:46:57.812216 1461598 kccstate.go:38] configconnector.core.cnrm.cloud.google.com object is not found
{"severity":"info","timestamp":"2025-09-28T10:46:57.812Z","msg":"routing to controller","controller":"computenetwork-parent-controller","controllerGroup":"compute.cnrm.cloud.google.com","controllerKind":"ComputeNetwork","ComputeNetwork":{"name":"computenetwork-y2ahqwjdyidky3i","namespace":"y2ahqwjdyidky3i"},"namespace":"y2ahqwjdyidky3i","name":"computenetwork-y2ahqwjdyidky3i","reconcileID":"35e5c829-27c0-4a1a-a8b2-8390f9c783ab","type":"tf"}
{"severity":"info","timestamp":"2025-09-28T10:46:57.812Z","msg":"routing to TF reconciler","controller":"computenetwork-parent-controller","controllerGroup":"compute.cnrm.cloud.google.com","controllerKind":"ComputeNetwork","ComputeNetwork":{"name":"computenetwork-y2ahqwjdyidky3i","namespace":"y2ahqwjdyidky3i"},"namespace":"y2ahqwjdyidky3i","name":"computenetwork-y2ahqwjdyidky3i","reconcileID":"35e5c829-27c0-4a1a-a8b2-8390f9c783ab"}
{"severity":"info","timestamp":"2025-09-28T10:46:57.812Z","logger":"computenetwork-controller","msg":"starting reconcile","controllerType":"terraform","resource":{"name":"computenetwork-y2ahqwjdyidky3i","namespace":"y2ahqwjdyidky3i"}}
{"severity":"info","timestamp":"2025-09-28T10:46:57.815Z","msg":"structuredreporting OnReconcileStart","controller":"computenetwork-parent-controller","controllerGroup":"compute.cnrm.cloud.google.com","controllerKind":"ComputeNetwork","ComputeNetwork":{"name":"computenetwork-y2ahqwjdyidky3i","namespace":"y2ahqwjdyidky3i"},"namespace":"y2ahqwjdyidky3i","name":"computenetwork-y2ahqwjdyidky3i","reconcileID":"35e5c829-27c0-4a1a-a8b2-8390f9c783ab","object.kind":"ComputeNetwork","object.name":"computenetwork-y2ahqwjdyidky3i"}
I0928 10:46:57.817761 1461598 kccstate.go:38] configconnector.core.cnrm.cloud.google.com object is not found
{"severity":"info","timestamp":"2025-09-28T10:46:57.817Z","logger":"computenetwork-controller","msg":"finalizing resource deletion","controllerType":"terraform","resource":{"name":"computenetwork-y2ahqwjdyidky3i","namespace":"y2ahqwjdyidky3i"}}
2025/09/28 10:46:57 [DEBUG] matching ID projects/cnrm-katriel/global/networks/computenetwork-y2ahqwjdyidky3i to regex projects/(?P<project>[^/]+)/global/networks/(?P<name>[^/]+).
2025/09/28 10:46:57 [DEBUG] importing project = cnrm-katriel
2025/09/28 10:46:57 [DEBUG] importing name = computenetwork-y2ahqwjdyidky3i
2025/09/28 10:46:57 [DEBUG] Waiting for state to become: [success]
2025/09/28 10:46:57 [DEBUG] Retry Transport: starting RoundTrip retry loop
2025/09/28 10:46:57 [DEBUG] Retry Transport: request attempt 0
2025/09/28 10:46:58 [DEBUG] Retry Transport: Stopping retries, last request was successful
2025/09/28 10:46:58 [DEBUG] Retry Transport: Returning after 1 attempts
{"severity":"info","timestamp":"2025-09-28T10:46:58.129Z","logger":"computenetwork-controller","msg":"deleting underlying resource","controllerType":"terraform","resource":{"name":"computenetwork-y2ahqwjdyidky3i","namespace":"y2ahqwjdyidky3i"}}
2025/09/28 10:46:58 [DEBUG] Deleting Network "projects/cnrm-katriel/global/networks/computenetwork-y2ahqwjdyidky3i"
2025/09/28 10:46:58 [DEBUG] Waiting for state to become: [success]
2025/09/28 10:46:58 [DEBUG] Retry Transport: starting RoundTrip retry loop
2025/09/28 10:46:58 [DEBUG] Retry Transport: request attempt 0
{"severity":"info","timestamp":"2025-09-28T10:46:58.451Z","msg":"finalizing resource deletion","controller":"networkconnectivityinternalrange-parent-controller","controllerGroup":"networkconnectivity.cnrm.cloud.google.com","controllerKind":"NetworkConnectivityInternalRange","NetworkConnectivityInternalRange":{"name":"networkconnectivityinternalrange-full-prefix-y2ahqwjdyidky3i","namespace":"y2ahqwjdyidky3i"},"namespace":"y2ahqwjdyidky3i","name":"networkconnectivityinternalrange-full-prefix-y2ahqwjdyidky3i","reconcileID":"cffbdc09-662a-49db-bc5d-b07752e23279","resource":{"name":"networkconnectivityinternalrange-full-prefix-y2ahqwjdyidky3i","namespace":"y2ahqwjdyidky3i"}}
{"severity":"info","timestamp":"2025-09-28T10:46:58.451Z","msg":"deletion defender has not yet finalized; cannot delete yet","controller":"networkconnectivityinternalrange-parent-controller","controllerGroup":"networkconnectivity.cnrm.cloud.google.com","controllerKind":"NetworkConnectivityInternalRange","NetworkConnectivityInternalRange":{"name":"networkconnectivityinternalrange-full-prefix-y2ahqwjdyidky3i","namespace":"y2ahqwjdyidky3i"},"namespace":"y2ahqwjdyidky3i","name":"networkconnectivityinternalrange-full-prefix-y2ahqwjdyidky3i","reconcileID":"cffbdc09-662a-49db-bc5d-b07752e23279","resource":{"name":"networkconnectivityinternalrange-full-prefix-y2ahqwjdyidky3i","namespace":"y2ahqwjdyidky3i"}}
{"severity":"info","timestamp":"2025-09-28T10:46:58.451Z","msg":"structuredreporting OnReconcileEnd","controller":"networkconnectivityinternalrange-parent-controller","controllerGroup":"networkconnectivity.cnrm.cloud.google.com","controllerKind":"NetworkConnectivityInternalRange","NetworkConnectivityInternalRange":{"name":"networkconnectivityinternalrange-full-prefix-y2ahqwjdyidky3i","namespace":"y2ahqwjdyidky3i"},"namespace":"y2ahqwjdyidky3i","name":"networkconnectivityinternalrange-full-prefix-y2ahqwjdyidky3i","reconcileID":"cffbdc09-662a-49db-bc5d-b07752e23279","object.kind":"NetworkConnectivityInternalRange","object.name":"networkconnectivityinternalrange-full-prefix-y2ahqwjdyidky3i","result":{"Requeue":false,"RequeueAfter":0},"error":null}
{"severity":"info","timestamp":"2025-09-28T10:46:58.451Z","msg":"parent reconciler starting","controller":"networkconnectivityinternalrange-parent-controller","controllerGroup":"networkconnectivity.cnrm.cloud.google.com","controllerKind":"NetworkConnectivityInternalRange","NetworkConnectivityInternalRange":{"name":"networkconnectivityinternalrange-full-prefix-y2ahqwjdyidky3i","namespace":"y2ahqwjdyidky3i"},"namespace":"y2ahqwjdyidky3i","name":"networkconnectivityinternalrange-full-prefix-y2ahqwjdyidky3i","reconcileID":"5d9e1fae-9d2b-494e-946d-4785acc4049f","resource":{"name":"networkconnectivityinternalrange-full-prefix-y2ahqwjdyidky3i","namespace":"y2ahqwjdyidky3i"}}
I0928 10:46:58.456669 1461598 kccstate.go:38] configconnector.core.cnrm.cloud.google.com object is not found
{"severity":"info","timestamp":"2025-09-28T10:46:58.456Z","msg":"routing to controller","controller":"networkconnectivityinternalrange-parent-controller","controllerGroup":"networkconnectivity.cnrm.cloud.google.com","controllerKind":"NetworkConnectivityInternalRange","NetworkConnectivityInternalRange":{"name":"networkconnectivityinternalrange-full-prefix-y2ahqwjdyidky3i","namespace":"y2ahqwjdyidky3i"},"namespace":"y2ahqwjdyidky3i","name":"networkconnectivityinternalrange-full-prefix-y2ahqwjdyidky3i","reconcileID":"5d9e1fae-9d2b-494e-946d-4785acc4049f","type":"direct"}
{"severity":"info","timestamp":"2025-09-28T10:46:58.456Z","msg":"routing to Direct reconciler","controller":"networkconnectivityinternalrange-parent-controller","controllerGroup":"networkconnectivity.cnrm.cloud.google.com","controllerKind":"NetworkConnectivityInternalRange","NetworkConnectivityInternalRange":{"name":"networkconnectivityinternalrange-full-prefix-y2ahqwjdyidky3i","namespace":"y2ahqwjdyidky3i"},"namespace":"y2ahqwjdyidky3i","name":"networkconnectivityinternalrange-full-prefix-y2ahqwjdyidky3i","reconcileID":"5d9e1fae-9d2b-494e-946d-4785acc4049f"}
{"severity":"info","timestamp":"2025-09-28T10:46:58.456Z","msg":"Running reconcile","controller":"networkconnectivityinternalrange-parent-controller","controllerGroup":"networkconnectivity.cnrm.cloud.google.com","controllerKind":"NetworkConnectivityInternalRange","NetworkConnectivityInternalRange":{"name":"networkconnectivityinternalrange-full-prefix-y2ahqwjdyidky3i","namespace":"y2ahqwjdyidky3i"},"namespace":"y2ahqwjdyidky3i","name":"networkconnectivityinternalrange-full-prefix-y2ahqwjdyidky3i","reconcileID":"5d9e1fae-9d2b-494e-946d-4785acc4049f","resource":{"name":"networkconnectivityinternalrange-full-prefix-y2ahqwjdyidky3i","namespace":"y2ahqwjdyidky3i"}}
{"severity":"info","timestamp":"2025-09-28T10:46:58.460Z","msg":"structuredreporting OnReconcileStart","controller":"networkconnectivityinternalrange-parent-controller","controllerGroup":"networkconnectivity.cnrm.cloud.google.com","controllerKind":"NetworkConnectivityInternalRange","NetworkConnectivityInternalRange":{"name":"networkconnectivityinternalrange-full-prefix-y2ahqwjdyidky3i","namespace":"y2ahqwjdyidky3i"},"namespace":"y2ahqwjdyidky3i","name":"networkconnectivityinternalrange-full-prefix-y2ahqwjdyidky3i","reconcileID":"5d9e1fae-9d2b-494e-946d-4785acc4049f","object.kind":"NetworkConnectivityInternalRange","object.name":"networkconnectivityinternalrange-full-prefix-y2ahqwjdyidky3i"}
I0928 10:46:58.460707 1461598 kccstate.go:38] configconnector.core.cnrm.cloud.google.com object is not found
2025/09/28 10:46:58 [DEBUG] Retry Transport: Stopping retries, last request was successful
2025/09/28 10:46:58 [DEBUG] Retry Transport: Returning after 1 attempts
2025/09/28 10:46:58 [INFO] Instantiating GCE client for path https://compute.googleapis.com/compute/beta/
2025/09/28 10:46:58 [DEBUG] Waiting for state to become: [DONE]
2025/09/28 10:46:58 [DEBUG] Retry Transport: starting RoundTrip retry loop
2025/09/28 10:46:58 [DEBUG] Retry Transport: request attempt 0
{"severity":"info","timestamp":"2025-09-28T10:46:58.713Z","msg":"finalizing resource deletion","controller":"networkconnectivityinternalrange-parent-controller","controllerGroup":"networkconnectivity.cnrm.cloud.google.com","controllerKind":"NetworkConnectivityInternalRange","NetworkConnectivityInternalRange":{"name":"networkconnectivityinternalrange-full-prefix-y2ahqwjdyidky3i","namespace":"y2ahqwjdyidky3i"},"namespace":"y2ahqwjdyidky3i","name":"networkconnectivityinternalrange-full-prefix-y2ahqwjdyidky3i","reconcileID":"5d9e1fae-9d2b-494e-946d-4785acc4049f","resource":{"name":"networkconnectivityinternalrange-full-prefix-y2ahqwjdyidky3i","namespace":"y2ahqwjdyidky3i"}}
{"severity":"info","timestamp":"2025-09-28T10:46:58.713Z","msg":"deleting underlying resource","controller":"networkconnectivityinternalrange-parent-controller","controllerGroup":"networkconnectivity.cnrm.cloud.google.com","controllerKind":"NetworkConnectivityInternalRange","NetworkConnectivityInternalRange":{"name":"networkconnectivityinternalrange-full-prefix-y2ahqwjdyidky3i","namespace":"y2ahqwjdyidky3i"},"namespace":"y2ahqwjdyidky3i","name":"networkconnectivityinternalrange-full-prefix-y2ahqwjdyidky3i","reconcileID":"5d9e1fae-9d2b-494e-946d-4785acc4049f","resource":{"name":"networkconnectivityinternalrange-full-prefix-y2ahqwjdyidky3i","namespace":"y2ahqwjdyidky3i"}}
2025/09/28 10:46:58 [DEBUG] Retry Transport: Stopping retries, last request was successful
2025/09/28 10:46:58 [DEBUG] Retry Transport: Returning after 1 attempts
2025/09/28 10:46:58 [DEBUG] Got RUNNING while polling for operation operation-1759056418183-63fda3cf217db-809dc67a-3121eb30's status
2025/09/28 10:46:58 [TRACE] Waiting 10s before next try
{"severity":"info","timestamp":"2025-09-28T10:47:03.149Z","msg":"processing request","operation":"UPDATE","handler":"state-into-spec validation","kind":"NetworkConnectivityInternalRange","resource":{"name":"networkconnectivityinternalrange-full-prefix-y2ahqwjdyidky3i","namespace":"y2ahqwjdyidky3i"}}
{"severity":"info","timestamp":"2025-09-28T10:47:03.149Z","msg":"processing request","operation":"UPDATE","handler":"unknown fields validation","kind":"NetworkConnectivityInternalRange","resource":{"name":"networkconnectivityinternalrange-full-prefix-y2ahqwjdyidky3i","namespace":"y2ahqwjdyidky3i"}}
{"severity":"info","timestamp":"2025-09-28T10:47:03.149Z","msg":"done processing request","operation":"UPDATE","handler":"state-into-spec validation","kind":"NetworkConnectivityInternalRange","resource":{"name":"networkconnectivityinternalrange-full-prefix-y2ahqwjdyidky3i","namespace":"y2ahqwjdyidky3i"},"result-code":200,"result-reason":""}
{"severity":"info","timestamp":"2025-09-28T10:47:03.150Z","msg":"done processing request","operation":"UPDATE","handler":"unknown fields validation","kind":"NetworkConnectivityInternalRange","resource":{"name":"networkconnectivityinternalrange-full-prefix-y2ahqwjdyidky3i","namespace":"y2ahqwjdyidky3i"},"result-code":200,"result-reason":""}
{"severity":"info","timestamp":"2025-09-28T10:47:03.154Z","msg":"processing request","operation":"UPDATE","handler":"unknown fields validation","kind":"NetworkConnectivityInternalRange","resource":{"name":"networkconnectivityinternalrange-full-prefix-y2ahqwjdyidky3i","namespace":"y2ahqwjdyidky3i"}}
{"severity":"info","timestamp":"2025-09-28T10:47:03.155Z","msg":"processing request","operation":"UPDATE","handler":"state-into-spec validation","kind":"NetworkConnectivityInternalRange","resource":{"name":"networkconnectivityinternalrange-full-prefix-y2ahqwjdyidky3i","namespace":"y2ahqwjdyidky3i"}}
{"severity":"info","timestamp":"2025-09-28T10:47:03.155Z","msg":"done processing request","operation":"UPDATE","handler":"unknown fields validation","kind":"NetworkConnectivityInternalRange","resource":{"name":"networkconnectivityinternalrange-full-prefix-y2ahqwjdyidky3i","namespace":"y2ahqwjdyidky3i"},"result-code":200,"result-reason":""}
{"severity":"info","timestamp":"2025-09-28T10:47:03.155Z","msg":"done processing request","operation":"UPDATE","handler":"state-into-spec validation","kind":"NetworkConnectivityInternalRange","resource":{"name":"networkconnectivityinternalrange-full-prefix-y2ahqwjdyidky3i","namespace":"y2ahqwjdyidky3i"},"result-code":200,"result-reason":""}
{"severity":"info","timestamp":"2025-09-28T10:47:03.158Z","msg":"successfully finished reconcile","controller":"networkconnectivityinternalrange-parent-controller","controllerGroup":"networkconnectivity.cnrm.cloud.google.com","controllerKind":"NetworkConnectivityInternalRange","NetworkConnectivityInternalRange":{"name":"networkconnectivityinternalrange-full-prefix-y2ahqwjdyidky3i","namespace":"y2ahqwjdyidky3i"},"namespace":"y2ahqwjdyidky3i","name":"networkconnectivityinternalrange-full-prefix-y2ahqwjdyidky3i","reconcileID":"5d9e1fae-9d2b-494e-946d-4785acc4049f","resource":{"name":"networkconnectivityinternalrange-full-prefix-y2ahqwjdyidky3i","namespace":"y2ahqwjdyidky3i"},"time to next reconciliation":"11m54.444235519s"}
{"severity":"info","timestamp":"2025-09-28T10:47:03.159Z","msg":"structuredreporting OnReconcileEnd","controller":"networkconnectivityinternalrange-parent-controller","controllerGroup":"networkconnectivity.cnrm.cloud.google.com","controllerKind":"NetworkConnectivityInternalRange","NetworkConnectivityInternalRange":{"name":"networkconnectivityinternalrange-full-prefix-y2ahqwjdyidky3i","namespace":"y2ahqwjdyidky3i"},"namespace":"y2ahqwjdyidky3i","name":"networkconnectivityinternalrange-full-prefix-y2ahqwjdyidky3i","reconcileID":"5d9e1fae-9d2b-494e-946d-4785acc4049f","object.kind":"NetworkConnectivityInternalRange","object.name":"networkconnectivityinternalrange-full-prefix-y2ahqwjdyidky3i","result":{"Requeue":false,"RequeueAfter":0},"error":null}
{"severity":"info","timestamp":"2025-09-28T10:47:03.160Z","logger":"networkconnectivityinternalrange-deletion-defender-controller","msg":"resource not found in API server; finishing reconcile","resource":{"name":"networkconnectivityinternalrange-full-prefix-y2ahqwjdyidky3i","namespace":"y2ahqwjdyidky3i"}}
{"severity":"info","timestamp":"2025-09-28T10:47:03.803Z","msg":"Done waiting for resource to delete","kind":"NetworkConnectivityInternalRange","name":"networkconnectivityinternalrange-full-prefix-y2ahqwjdyidky3i"}
2025/09/28 10:47:08 [DEBUG] Retry Transport: starting RoundTrip retry loop
2025/09/28 10:47:08 [DEBUG] Retry Transport: request attempt 0
2025/09/28 10:47:09 [DEBUG] Retry Transport: Stopping retries, last request was successful
2025/09/28 10:47:09 [DEBUG] Retry Transport: Returning after 1 attempts
2025/09/28 10:47:09 [DEBUG] Got RUNNING while polling for operation operation-1759056418183-63fda3cf217db-809dc67a-3121eb30's status
2025/09/28 10:47:09 [TRACE] Waiting 10s before next try
2025/09/28 10:47:19 [DEBUG] Retry Transport: starting RoundTrip retry loop
2025/09/28 10:47:19 [DEBUG] Retry Transport: request attempt 0
2025/09/28 10:47:19 [DEBUG] Retry Transport: Stopping retries, last request was successful
2025/09/28 10:47:19 [DEBUG] Retry Transport: Returning after 1 attempts
2025/09/28 10:47:19 [DEBUG] Got DONE while polling for operation operation-1759056418183-63fda3cf217db-809dc67a-3121eb30's status
2025/09/28 10:47:19 [DEBUG] Finished deleting Network "projects/cnrm-katriel/global/networks/computenetwork-y2ahqwjdyidky3i": map[string]interface {}{"id":"4828104819328986317", "insertTime":"2025-09-28T03:46:58.459-07:00", "kind":"compute#operation", "name":"operation-1759056418183-63fda3cf217db-809dc67a-3121eb30", "operationType":"delete", "progress":0, "selfLink":"https://www.googleapis.com/compute/beta/projects/cnrm-katriel/global/operations/operation-1759056418183-63fda3cf217db-809dc67a-3121eb30", "startTime":"2025-09-28T03:46:58.462-07:00", "status":"RUNNING", "targetId":"656817686507203818", "targetLink":"https://www.googleapis.com/compute/beta/projects/cnrm-katriel/global/networks/computenetwork-y2ahqwjdyidky3i", "user":"katriel@google.com"}
{"severity":"info","timestamp":"2025-09-28T10:47:19.574Z","msg":"processing request","operation":"UPDATE","handler":"unknown fields validation","kind":"ComputeNetwork","resource":{"name":"computenetwork-y2ahqwjdyidky3i","namespace":"y2ahqwjdyidky3i"}}
{"severity":"info","timestamp":"2025-09-28T10:47:19.574Z","msg":"processing request","operation":"UPDATE","handler":"state-into-spec validation","kind":"ComputeNetwork","resource":{"name":"computenetwork-y2ahqwjdyidky3i","namespace":"y2ahqwjdyidky3i"}}
{"severity":"info","timestamp":"2025-09-28T10:47:19.574Z","msg":"done processing request","operation":"UPDATE","handler":"unknown fields validation","kind":"ComputeNetwork","resource":{"name":"computenetwork-y2ahqwjdyidky3i","namespace":"y2ahqwjdyidky3i"},"result-code":200,"result-reason":""}
{"severity":"info","timestamp":"2025-09-28T10:47:19.575Z","msg":"done processing request","operation":"UPDATE","handler":"state-into-spec validation","kind":"ComputeNetwork","resource":{"name":"computenetwork-y2ahqwjdyidky3i","namespace":"y2ahqwjdyidky3i"},"result-code":200,"result-reason":""}
{"severity":"info","timestamp":"2025-09-28T10:47:19.578Z","msg":"processing request","operation":"UPDATE","handler":"unknown fields validation","kind":"ComputeNetwork","resource":{"name":"computenetwork-y2ahqwjdyidky3i","namespace":"y2ahqwjdyidky3i"}}
{"severity":"info","timestamp":"2025-09-28T10:47:19.578Z","msg":"processing request","operation":"UPDATE","handler":"state-into-spec validation","kind":"ComputeNetwork","resource":{"name":"computenetwork-y2ahqwjdyidky3i","namespace":"y2ahqwjdyidky3i"}}
{"severity":"info","timestamp":"2025-09-28T10:47:19.579Z","msg":"done processing request","operation":"UPDATE","handler":"state-into-spec validation","kind":"ComputeNetwork","resource":{"name":"computenetwork-y2ahqwjdyidky3i","namespace":"y2ahqwjdyidky3i"},"result-code":200,"result-reason":""}
{"severity":"info","timestamp":"2025-09-28T10:47:19.579Z","msg":"done processing request","operation":"UPDATE","handler":"unknown fields validation","kind":"ComputeNetwork","resource":{"name":"computenetwork-y2ahqwjdyidky3i","namespace":"y2ahqwjdyidky3i"},"result-code":200,"result-reason":""}
{"severity":"info","timestamp":"2025-09-28T10:47:19.583Z","logger":"computenetwork-controller","msg":"successfully finished reconcile","controllerType":"terraform","resource":{"name":"computenetwork-y2ahqwjdyidky3i","namespace":"y2ahqwjdyidky3i"},"time to next reconciliation":"5m10.136804081s"}
{"severity":"info","timestamp":"2025-09-28T10:47:19.583Z","msg":"structuredreporting OnReconcileEnd","controller":"computenetwork-parent-controller","controllerGroup":"compute.cnrm.cloud.google.com","controllerKind":"ComputeNetwork","ComputeNetwork":{"name":"computenetwork-y2ahqwjdyidky3i","namespace":"y2ahqwjdyidky3i"},"namespace":"y2ahqwjdyidky3i","name":"computenetwork-y2ahqwjdyidky3i","reconcileID":"35e5c829-27c0-4a1a-a8b2-8390f9c783ab","object.kind":"ComputeNetwork","object.name":"computenetwork-y2ahqwjdyidky3i","result":{"Requeue":false,"RequeueAfter":0},"error":null}
{"severity":"info","timestamp":"2025-09-28T10:47:19.583Z","msg":"parent reconciler starting","controller":"computenetwork-parent-controller","controllerGroup":"compute.cnrm.cloud.google.com","controllerKind":"ComputeNetwork","ComputeNetwork":{"name":"computenetwork-y2ahqwjdyidky3i","namespace":"y2ahqwjdyidky3i"},"namespace":"y2ahqwjdyidky3i","name":"computenetwork-y2ahqwjdyidky3i","reconcileID":"cb497fc2-3e2a-476f-a45b-f086c75cd3d6","resource":{"name":"computenetwork-y2ahqwjdyidky3i","namespace":"y2ahqwjdyidky3i"}}
{"severity":"info","timestamp":"2025-09-28T10:47:19.585Z","logger":"computenetwork-deletion-defender-controller","msg":"resource not found in API server; finishing reconcile","resource":{"name":"computenetwork-y2ahqwjdyidky3i","namespace":"y2ahqwjdyidky3i"}}
{"severity":"info","timestamp":"2025-09-28T10:47:19.802Z","msg":"Done waiting for resource to delete","kind":"ComputeNetwork","name":"computenetwork-y2ahqwjdyidky3i"}
    harness.go:713: waiting for controller-runtime manager shutdown
{"severity":"info","timestamp":"2025-09-28T10:47:19.803Z","msg":"Stopping and waiting for non leader election runnables"}
2025/09/28 10:47:19 [DEBUG] parent context canceled, cleaning up batcher batches
2025/09/28 10:47:19 [DEBUG] Stopping batcher "IAM"
{"severity":"info","timestamp":"2025-09-28T10:47:19.803Z","msg":"Stopping and waiting for leader election runnables"}
2025/09/28 10:47:19 [DEBUG] parent context canceled, cleaning up batcher batches
2025/09/28 10:47:19 [DEBUG] Stopping batcher "Service Usage"
{"severity":"info","timestamp":"2025-09-28T10:47:19.803Z","logger":"controller-runtime.webhook","msg":"Shutting down webhook server with timeout of 1 minute"}
W0928 10:47:19.803871 1461598 reflector.go:492] pkg/mod/k8s.io/client-go@v0.32.1/tools/cache/reflector.go:251: watch of *v1beta1.ConfigConnector ended with: an error on the server ("unable to decode an event from the watch stream: context canceled") has prevented the request from succeeding
{"severity":"info","timestamp":"2025-09-28T10:47:19.803Z","msg":"Stopping and waiting for caches"}
{"severity":"info","timestamp":"2025-09-28T10:47:19.804Z","msg":"Stopping and waiting for webhooks"}
{"severity":"info","timestamp":"2025-09-28T10:47:19.804Z","msg":"Stopping and waiting for HTTP servers"}
{"severity":"info","timestamp":"2025-09-28T10:47:19.804Z","msg":"Wait completed, proceeding to shutdown the manager"}
    harness.go:715: controller-runtime manager is shutdown
=== RUN   TestAllInSeries/fixtures/networkconnectivityinternalrange-minimal
    unified_test.go:250: not yet using SSA for create of resources in group "networkconnectivity.cnrm.cloud.google.com"
    harness.go:243: starting envtest apiserver
{"severity":"info","timestamp":"2025-09-28T10:47:28.376Z","msg":"env var ARTIFACTS is not set; will not record http log"}
    harness.go:461: targeting real GCP
2025/09/28 10:47:33 [INFO] Authenticating using DefaultClient...
2025/09/28 10:47:33 [INFO]   -- Scopes: [https://www.googleapis.com/auth/cloud-platform https://www.googleapis.com/auth/userinfo.email https://www.googleapis.com/auth/drive.readonly]
2025/09/28 10:47:33 [INFO] Authenticating using DefaultClient...
2025/09/28 10:47:33 [INFO]   -- Scopes: [https://www.googleapis.com/auth/cloud-platform https://www.googleapis.com/auth/userinfo.email https://www.googleapis.com/auth/drive.readonly]
2025/09/28 10:47:33 [DEBUG] Waiting for state to become: [success]
2025/09/28 10:47:33 [INFO] Terraform is using this identity: katriel@google.com
{"severity":"info","timestamp":"2025-09-28T10:47:33.838Z","logger":"controller-runtime.webhook","msg":"Registering webhook","path":"/deny-unknown-fields"}
{"severity":"info","timestamp":"2025-09-28T10:47:33.838Z","logger":"controller-runtime.webhook","msg":"Registering webhook","path":"/iam-validation"}
{"severity":"info","timestamp":"2025-09-28T10:47:33.838Z","logger":"controller-runtime.webhook","msg":"Registering webhook","path":"/iam-defaulter"}
{"severity":"info","timestamp":"2025-09-28T10:47:33.838Z","logger":"controller-runtime.webhook","msg":"Registering webhook","path":"/container-annotation-handler"}
{"severity":"info","timestamp":"2025-09-28T10:47:33.844Z","logger":"controller-runtime.webhook","msg":"Registering webhook","path":"/management-conflict-annotation-defaulter"}
{"severity":"info","timestamp":"2025-09-28T10:47:33.844Z","logger":"controller-runtime.webhook","msg":"Registering webhook","path":"/generic-defaulter"}
{"severity":"info","timestamp":"2025-09-28T10:47:33.844Z","logger":"controller-runtime.webhook","msg":"Registering webhook","path":"/resource-validation"}
{"severity":"info","timestamp":"2025-09-28T10:47:33.844Z","logger":"controller-runtime.webhook","msg":"Registering webhook","path":"/state-into-spec-validation"}
    harness.go:762: waiting for webhook to start (webhook server has not been started yet)
{"severity":"info","timestamp":"2025-09-28T10:47:33.844Z","logger":"controller-runtime.webhook","msg":"Starting webhook server"}
{"severity":"info","timestamp":"2025-09-28T10:47:33.845Z","logger":"controller-runtime.certwatcher","msg":"Updated current TLS certificate"}
{"severity":"info","timestamp":"2025-09-28T10:47:33.845Z","logger":"controller-runtime.webhook","msg":"Serving webhook server","host":"127.0.0.1","port":36703}
{"severity":"info","timestamp":"2025-09-28T10:47:33.845Z","logger":"controller-runtime.certwatcher","msg":"Starting certificate poll+watcher","interval":"10s"}
    unified_test.go:250: not yet using SSA for create of resources in group "networkconnectivity.cnrm.cloud.google.com"
    samples.go:132: using legacy create to create object (should ideally use server-side apply) GVK compute.cnrm.cloud.google.com/v1beta1, Kind=ComputeNetwork name computenetwork-oqtbvbp6a7fjl2a
{"severity":"info","timestamp":"2025-09-28T10:47:34.014Z","msg":"processing request","operation":"CREATE","handler":"container annotation handler","kind":"ComputeNetwork","resource":{"name":"computenetwork-oqtbvbp6a7fjl2a","namespace":"oqtbvbp6a7fjl2a"}}
{"severity":"info","timestamp":"2025-09-28T10:47:34.019Z","msg":"done processing request","operation":"CREATE","handler":"container annotation handler","kind":"ComputeNetwork","resource":{"name":"computenetwork-oqtbvbp6a7fjl2a","namespace":"oqtbvbp6a7fjl2a"}}
{"severity":"info","timestamp":"2025-09-28T10:47:34.022Z","msg":"processing request","operation":"CREATE","handler":"generic defaulter","kind":"ComputeNetwork","resource":{"name":"computenetwork-oqtbvbp6a7fjl2a","namespace":"oqtbvbp6a7fjl2a"}}
{"severity":"info","timestamp":"2025-09-28T10:47:34.022Z","msg":"done processing request","operation":"CREATE","handler":"generic defaulter","kind":"ComputeNetwork","resource":{"name":"computenetwork-oqtbvbp6a7fjl2a","namespace":"oqtbvbp6a7fjl2a"},"result-code":200,"result-reason":""}
{"severity":"info","timestamp":"2025-09-28T10:47:34.023Z","msg":"processing request","operation":"CREATE","handler":"management conflict annotation defaulter","kind":"ComputeNetwork","resource":{"name":"computenetwork-oqtbvbp6a7fjl2a","namespace":"oqtbvbp6a7fjl2a"}}
{"severity":"info","timestamp":"2025-09-28T10:47:34.026Z","msg":"done processing request","operation":"CREATE","handler":"management conflict annotation defaulter","kind":"ComputeNetwork","resource":{"name":"computenetwork-oqtbvbp6a7fjl2a","namespace":"oqtbvbp6a7fjl2a"}}
{"severity":"info","timestamp":"2025-09-28T10:47:34.028Z","msg":"processing request","operation":"CREATE","handler":"state-into-spec validation","kind":"ComputeNetwork","resource":{"name":"computenetwork-oqtbvbp6a7fjl2a","namespace":"oqtbvbp6a7fjl2a"}}
{"severity":"info","timestamp":"2025-09-28T10:47:34.028Z","msg":"done processing request","operation":"CREATE","handler":"state-into-spec validation","kind":"ComputeNetwork","resource":{"name":"computenetwork-oqtbvbp6a7fjl2a","namespace":"oqtbvbp6a7fjl2a"},"result-code":200,"result-reason":""}
{"severity":"info","timestamp":"2025-09-28T10:47:34.029Z","msg":"processing request","operation":"CREATE","handler":"unknown fields validation","kind":"ComputeNetwork","resource":{"name":"computenetwork-oqtbvbp6a7fjl2a","namespace":"oqtbvbp6a7fjl2a"}}
{"severity":"info","timestamp":"2025-09-28T10:47:34.030Z","msg":"done processing request","operation":"CREATE","handler":"unknown fields validation","kind":"ComputeNetwork","resource":{"name":"computenetwork-oqtbvbp6a7fjl2a","namespace":"oqtbvbp6a7fjl2a"},"result-code":200,"result-reason":""}
    samples.go:132: using legacy create to create object (should ideally use server-side apply) GVK networkconnectivity.cnrm.cloud.google.com/v1alpha1, Kind=NetworkConnectivityInternalRange name networkconnectivityinternalrange-minimal-oqtbvbp6a7fjl2a
{"severity":"info","timestamp":"2025-09-28T10:47:34.039Z","msg":"processing request","operation":"CREATE","handler":"state-into-spec validation","kind":"NetworkConnectivityInternalRange","resource":{"name":"networkconnectivityinternalrange-minimal-oqtbvbp6a7fjl2a","namespace":"oqtbvbp6a7fjl2a"}}
{"severity":"info","timestamp":"2025-09-28T10:47:34.039Z","msg":"done processing request","operation":"CREATE","handler":"state-into-spec validation","kind":"NetworkConnectivityInternalRange","resource":{"name":"networkconnectivityinternalrange-minimal-oqtbvbp6a7fjl2a","namespace":"oqtbvbp6a7fjl2a"},"result-code":200,"result-reason":""}
{"severity":"info","timestamp":"2025-09-28T10:47:34.039Z","msg":"processing request","operation":"CREATE","handler":"unknown fields validation","kind":"NetworkConnectivityInternalRange","resource":{"name":"networkconnectivityinternalrange-minimal-oqtbvbp6a7fjl2a","namespace":"oqtbvbp6a7fjl2a"}}
{"severity":"info","timestamp":"2025-09-28T10:47:34.040Z","msg":"done processing request","operation":"CREATE","handler":"unknown fields validation","kind":"NetworkConnectivityInternalRange","resource":{"name":"networkconnectivityinternalrange-minimal-oqtbvbp6a7fjl2a","namespace":"oqtbvbp6a7fjl2a"},"result-code":200,"result-reason":""}
{"severity":"info","timestamp":"2025-09-28T10:47:34.045Z","msg":"resource does not yet have status","kind":"ComputeNetwork","name":"computenetwork-oqtbvbp6a7fjl2a"}
{"severity":"info","timestamp":"2025-09-28T10:47:34.045Z","msg":"resource does not yet have status","kind":"NetworkConnectivityInternalRange","name":"networkconnectivityinternalrange-minimal-oqtbvbp6a7fjl2a"}
{"severity":"info","timestamp":"2025-09-28T10:47:34.049Z","msg":"parent reconciler starting","controller":"computenetwork-parent-controller","controllerGroup":"compute.cnrm.cloud.google.com","controllerKind":"ComputeNetwork","ComputeNetwork":{"name":"computenetwork-oqtbvbp6a7fjl2a","namespace":"oqtbvbp6a7fjl2a"},"namespace":"oqtbvbp6a7fjl2a","name":"computenetwork-oqtbvbp6a7fjl2a","reconcileID":"275bf5c1-0d2f-475b-9df3-09f5a657cd5e","resource":{"name":"computenetwork-oqtbvbp6a7fjl2a","namespace":"oqtbvbp6a7fjl2a"}}
{"severity":"info","timestamp":"2025-09-28T10:47:34.050Z","msg":"parent reconciler starting","controller":"networkconnectivityinternalrange-parent-controller","controllerGroup":"networkconnectivity.cnrm.cloud.google.com","controllerKind":"NetworkConnectivityInternalRange","NetworkConnectivityInternalRange":{"name":"networkconnectivityinternalrange-minimal-oqtbvbp6a7fjl2a","namespace":"oqtbvbp6a7fjl2a"},"namespace":"oqtbvbp6a7fjl2a","name":"networkconnectivityinternalrange-minimal-oqtbvbp6a7fjl2a","reconcileID":"8b408431-6416-44b3-bd23-12a6b8ae2763","resource":{"name":"networkconnectivityinternalrange-minimal-oqtbvbp6a7fjl2a","namespace":"oqtbvbp6a7fjl2a"}}
I0928 10:47:34.155457 1461598 kccstate.go:38] configconnector.core.cnrm.cloud.google.com object is not found
{"severity":"info","timestamp":"2025-09-28T10:47:34.155Z","msg":"routing to controller","controller":"networkconnectivityinternalrange-parent-controller","controllerGroup":"networkconnectivity.cnrm.cloud.google.com","controllerKind":"NetworkConnectivityInternalRange","NetworkConnectivityInternalRange":{"name":"networkconnectivityinternalrange-minimal-oqtbvbp6a7fjl2a","namespace":"oqtbvbp6a7fjl2a"},"namespace":"oqtbvbp6a7fjl2a","name":"networkconnectivityinternalrange-minimal-oqtbvbp6a7fjl2a","reconcileID":"8b408431-6416-44b3-bd23-12a6b8ae2763","type":"direct"}
I0928 10:47:34.155556 1461598 kccstate.go:38] configconnector.core.cnrm.cloud.google.com object is not found
{"severity":"info","timestamp":"2025-09-28T10:47:34.155Z","msg":"routing to Direct reconciler","controller":"networkconnectivityinternalrange-parent-controller","controllerGroup":"networkconnectivity.cnrm.cloud.google.com","controllerKind":"NetworkConnectivityInternalRange","NetworkConnectivityInternalRange":{"name":"networkconnectivityinternalrange-minimal-oqtbvbp6a7fjl2a","namespace":"oqtbvbp6a7fjl2a"},"namespace":"oqtbvbp6a7fjl2a","name":"networkconnectivityinternalrange-minimal-oqtbvbp6a7fjl2a","reconcileID":"8b408431-6416-44b3-bd23-12a6b8ae2763"}
{"severity":"info","timestamp":"2025-09-28T10:47:34.155Z","msg":"Running reconcile","controller":"networkconnectivityinternalrange-parent-controller","controllerGroup":"networkconnectivity.cnrm.cloud.google.com","controllerKind":"NetworkConnectivityInternalRange","NetworkConnectivityInternalRange":{"name":"networkconnectivityinternalrange-minimal-oqtbvbp6a7fjl2a","namespace":"oqtbvbp6a7fjl2a"},"namespace":"oqtbvbp6a7fjl2a","name":"networkconnectivityinternalrange-minimal-oqtbvbp6a7fjl2a","reconcileID":"8b408431-6416-44b3-bd23-12a6b8ae2763","resource":{"name":"networkconnectivityinternalrange-minimal-oqtbvbp6a7fjl2a","namespace":"oqtbvbp6a7fjl2a"}}
{"severity":"info","timestamp":"2025-09-28T10:47:34.155Z","msg":"routing to controller","controller":"computenetwork-parent-controller","controllerGroup":"compute.cnrm.cloud.google.com","controllerKind":"ComputeNetwork","ComputeNetwork":{"name":"computenetwork-oqtbvbp6a7fjl2a","namespace":"oqtbvbp6a7fjl2a"},"namespace":"oqtbvbp6a7fjl2a","name":"computenetwork-oqtbvbp6a7fjl2a","reconcileID":"275bf5c1-0d2f-475b-9df3-09f5a657cd5e","type":"tf"}
{"severity":"info","timestamp":"2025-09-28T10:47:34.155Z","msg":"routing to TF reconciler","controller":"computenetwork-parent-controller","controllerGroup":"compute.cnrm.cloud.google.com","controllerKind":"ComputeNetwork","ComputeNetwork":{"name":"computenetwork-oqtbvbp6a7fjl2a","namespace":"oqtbvbp6a7fjl2a"},"namespace":"oqtbvbp6a7fjl2a","name":"computenetwork-oqtbvbp6a7fjl2a","reconcileID":"275bf5c1-0d2f-475b-9df3-09f5a657cd5e"}
{"severity":"info","timestamp":"2025-09-28T10:47:34.155Z","logger":"computenetwork-controller","msg":"starting reconcile","controllerType":"terraform","resource":{"name":"computenetwork-oqtbvbp6a7fjl2a","namespace":"oqtbvbp6a7fjl2a"}}
{"severity":"info","timestamp":"2025-09-28T10:47:34.158Z","msg":"structuredreporting OnReconcileStart","controller":"computenetwork-parent-controller","controllerGroup":"compute.cnrm.cloud.google.com","controllerKind":"ComputeNetwork","ComputeNetwork":{"name":"computenetwork-oqtbvbp6a7fjl2a","namespace":"oqtbvbp6a7fjl2a"},"namespace":"oqtbvbp6a7fjl2a","name":"computenetwork-oqtbvbp6a7fjl2a","reconcileID":"275bf5c1-0d2f-475b-9df3-09f5a657cd5e","object.kind":"ComputeNetwork","object.name":"computenetwork-oqtbvbp6a7fjl2a"}
{"severity":"info","timestamp":"2025-09-28T10:47:34.158Z","msg":"structuredreporting OnReconcileStart","controller":"networkconnectivityinternalrange-parent-controller","controllerGroup":"networkconnectivity.cnrm.cloud.google.com","controllerKind":"NetworkConnectivityInternalRange","NetworkConnectivityInternalRange":{"name":"networkconnectivityinternalrange-minimal-oqtbvbp6a7fjl2a","namespace":"oqtbvbp6a7fjl2a"},"namespace":"oqtbvbp6a7fjl2a","name":"networkconnectivityinternalrange-minimal-oqtbvbp6a7fjl2a","reconcileID":"8b408431-6416-44b3-bd23-12a6b8ae2763","object.kind":"NetworkConnectivityInternalRange","object.name":"networkconnectivityinternalrange-minimal-oqtbvbp6a7fjl2a"}
I0928 10:47:34.159005 1461598 kccstate.go:38] configconnector.core.cnrm.cloud.google.com object is not found
I0928 10:47:34.159023 1461598 kccstate.go:38] configconnector.core.cnrm.cloud.google.com object is not found
{"severity":"info","timestamp":"2025-09-28T10:47:34.162Z","msg":"processing request","operation":"UPDATE","handler":"unknown fields validation","kind":"ComputeNetwork","resource":{"name":"computenetwork-oqtbvbp6a7fjl2a","namespace":"oqtbvbp6a7fjl2a"}}
{"severity":"info","timestamp":"2025-09-28T10:47:34.162Z","msg":"processing request","operation":"UPDATE","handler":"state-into-spec validation","kind":"ComputeNetwork","resource":{"name":"computenetwork-oqtbvbp6a7fjl2a","namespace":"oqtbvbp6a7fjl2a"}}
{"severity":"info","timestamp":"2025-09-28T10:47:34.162Z","msg":"done processing request","operation":"UPDATE","handler":"state-into-spec validation","kind":"ComputeNetwork","resource":{"name":"computenetwork-oqtbvbp6a7fjl2a","namespace":"oqtbvbp6a7fjl2a"},"result-code":200,"result-reason":""}
{"severity":"info","timestamp":"2025-09-28T10:47:34.162Z","msg":"done processing request","operation":"UPDATE","handler":"unknown fields validation","kind":"ComputeNetwork","resource":{"name":"computenetwork-oqtbvbp6a7fjl2a","namespace":"oqtbvbp6a7fjl2a"},"result-code":200,"result-reason":""}
I0928 10:47:34.167770 1461598 kccstate.go:38] configconnector.core.cnrm.cloud.google.com object is not found
2025/09/28 10:47:34 [DEBUG] matching ID projects/cnrm-katriel/global/networks/computenetwork-oqtbvbp6a7fjl2a to regex projects/(?P<project>[^/]+)/global/networks/(?P<name>[^/]+).
2025/09/28 10:47:34 [DEBUG] importing project = cnrm-katriel
2025/09/28 10:47:34 [DEBUG] importing name = computenetwork-oqtbvbp6a7fjl2a
2025/09/28 10:47:34 [DEBUG] Waiting for state to become: [success]
2025/09/28 10:47:34 [DEBUG] Retry Transport: starting RoundTrip retry loop
2025/09/28 10:47:34 [DEBUG] Retry Transport: request attempt 0
2025/09/28 10:47:34 [DEBUG] Retry Transport: Stopping retries, last request failed with non-retryable error: googleapi: got HTTP response code 404 with body: HTTP/2.0 404 Not Found
Content-Type: application/json; charset=UTF-8
Date: Sun, 28 Sep 2025 10:47:34 GMT
Server: ESF
Vary: Origin
Vary: X-Origin
Vary: Referer
X-Content-Type-Options: nosniff
X-Frame-Options: SAMEORIGIN
X-Xss-Protection: 0

{
  "error": {
    "code": 404,
    "message": "The resource 'projects/cnrm-katriel/global/networks/computenetwork-oqtbvbp6a7fjl2a' was not found",
    "errors": [
      {
        "message": "The resource 'projects/cnrm-katriel/global/networks/computenetwork-oqtbvbp6a7fjl2a' was not found",
        "domain": "global",
        "reason": "notFound",
        "debugInfo": "java.lang.Exception\n\tat com.google.cloud.control.common.publicerrors.PublicErrorProtoUtils.newErrorBuilder(PublicErrorProtoUtils.java:2292)\n\tat com.google.cloud.control.common.publicerrors.PublicErrorProtoUtils.newErrorBuilder(PublicErrorProtoUtils.java:2284)\n\tat com.google.cloud.control.common.publicerrors.PublicErrorProtoUtils.createResourceNotFoundError(PublicErrorProtoUtils.java:203)\n\tat com.google.cloud.control.frontend.PublicResourceRepository.getEntityKeyOrThrow(PublicResourceRepository.java:242)\n\tat com.google.cloud.control.frontend.PublicResourceRepository.loadResource(PublicResourceRepository.java:185)\n\tat com.google.cloud.control.frontend.action.SimpleCustomMixerGetActionHandler.getTargetEntity(SimpleCustomMixerGetActionHandler.java:97)\n\tat com.google.cloud.control.frontend.action.SimpleCustomMixerGetActionHandler.performRead(SimpleCustomMixerGetActionHandler.java:113)\n\tat com.google.cloud.control.frontend.action.CustomMixerReadActionExecutor$InnerHandler.runAttempt(CustomMixerReadActionExecutor.java:355)\n\tat com.google.cloud.control.frontend.action.CustomMixerReadActionExecutor$InnerHandler.runAttempt(CustomMixerReadActionExecutor.java:258)\n\tat com.google.cloud.cluster.metastore.RetryingMetastoreTransactionExecutor$1.runAttempt(RetryingMetastoreTransactionExecutor.java:94)\n\tat com.google.cloud.cluster.metastore.MetastoreRetryLoop.runHandler(MetastoreRetryLoop.java:524)\n\t...Stack trace is shortened.\n"
      }
    ]
  }
}
2025/09/28 10:47:34 [DEBUG] Retry Transport: Returning after 1 attempts
2025/09/28 10:47:34 [WARN] Removing ComputeNetwork "projects/cnrm-katriel/global/networks/computenetwork-oqtbvbp6a7fjl2a" because it's gone
{"severity":"info","timestamp":"2025-09-28T10:47:34.483Z","msg":"processing request","operation":"UPDATE","handler":"state-into-spec validation","kind":"ComputeNetwork","resource":{"name":"computenetwork-oqtbvbp6a7fjl2a","namespace":"oqtbvbp6a7fjl2a"}}
{"severity":"info","timestamp":"2025-09-28T10:47:34.484Z","msg":"done processing request","operation":"UPDATE","handler":"state-into-spec validation","kind":"ComputeNetwork","resource":{"name":"computenetwork-oqtbvbp6a7fjl2a","namespace":"oqtbvbp6a7fjl2a"},"result-code":200,"result-reason":""}
{"severity":"info","timestamp":"2025-09-28T10:47:34.484Z","msg":"processing request","operation":"UPDATE","handler":"unknown fields validation","kind":"ComputeNetwork","resource":{"name":"computenetwork-oqtbvbp6a7fjl2a","namespace":"oqtbvbp6a7fjl2a"}}
{"severity":"info","timestamp":"2025-09-28T10:47:34.484Z","msg":"done processing request","operation":"UPDATE","handler":"unknown fields validation","kind":"ComputeNetwork","resource":{"name":"computenetwork-oqtbvbp6a7fjl2a","namespace":"oqtbvbp6a7fjl2a"},"result-code":200,"result-reason":""}
{"severity":"info","timestamp":"2025-09-28T10:47:34.493Z","msg":"structuredreporting OnDiff","controller":"computenetwork-parent-controller","controllerGroup":"compute.cnrm.cloud.google.com","controllerKind":"ComputeNetwork","ComputeNetwork":{"name":"computenetwork-oqtbvbp6a7fjl2a","namespace":"oqtbvbp6a7fjl2a"},"namespace":"oqtbvbp6a7fjl2a","name":"computenetwork-oqtbvbp6a7fjl2a","reconcileID":"275bf5c1-0d2f-475b-9df3-09f5a657cd5e","diff.fields":[{"ID":"routing_mode","Old":"","New":""},{"ID":"project","Old":"","New":"cnrm-katriel"},{"ID":"self_link","Old":"","New":""},{"ID":"auto_create_subnetworks","Old":"","New":"false"},{"ID":"mtu","Old":"","New":""},{"ID":"internal_ipv6_range","Old":"","New":""},{"ID":"delete_default_routes_on_create","Old":"","New":"false"},{"ID":"name","Old":"","New":"computenetwork-oqtbvbp6a7fjl2a"},{"ID":"network_firewall_policy_enforcement_order","Old":"","New":"AFTER_CLASSIC_FIREWALL"},{"ID":"gateway_ipv4","Old":"","New":""}],"diff.isNewObject":true}
{"severity":"info","timestamp":"2025-09-28T10:47:34.493Z","logger":"computenetwork-controller","msg":"creating/updating underlying resource","controllerType":"terraform","resource":{"name":"computenetwork-oqtbvbp6a7fjl2a","namespace":"oqtbvbp6a7fjl2a"}}
2025/09/28 10:47:34 [DEBUG] Creating new Network: map[string]interface {}{"autoCreateSubnetworks":false, "name":"computenetwork-oqtbvbp6a7fjl2a", "networkFirewallPolicyEnforcementOrder":"AFTER_CLASSIC_FIREWALL"}
2025/09/28 10:47:34 [DEBUG] Waiting for state to become: [success]
2025/09/28 10:47:34 [DEBUG] Retry Transport: starting RoundTrip retry loop
2025/09/28 10:47:34 [DEBUG] Retry Transport: request attempt 0
{"severity":"info","timestamp":"2025-09-28T10:47:34.881Z","msg":"processing request","operation":"UPDATE","handler":"state-into-spec validation","kind":"NetworkConnectivityInternalRange","resource":{"name":"networkconnectivityinternalrange-minimal-oqtbvbp6a7fjl2a","namespace":"oqtbvbp6a7fjl2a"}}
{"severity":"info","timestamp":"2025-09-28T10:47:34.881Z","msg":"processing request","operation":"UPDATE","handler":"unknown fields validation","kind":"NetworkConnectivityInternalRange","resource":{"name":"networkconnectivityinternalrange-minimal-oqtbvbp6a7fjl2a","namespace":"oqtbvbp6a7fjl2a"}}
{"severity":"info","timestamp":"2025-09-28T10:47:34.881Z","msg":"done processing request","operation":"UPDATE","handler":"state-into-spec validation","kind":"NetworkConnectivityInternalRange","resource":{"name":"networkconnectivityinternalrange-minimal-oqtbvbp6a7fjl2a","namespace":"oqtbvbp6a7fjl2a"},"result-code":200,"result-reason":""}
{"severity":"info","timestamp":"2025-09-28T10:47:34.882Z","msg":"done processing request","operation":"UPDATE","handler":"unknown fields validation","kind":"NetworkConnectivityInternalRange","resource":{"name":"networkconnectivityinternalrange-minimal-oqtbvbp6a7fjl2a","namespace":"oqtbvbp6a7fjl2a"},"result-code":200,"result-reason":""}
2025/09/28 10:47:35 [DEBUG] Retry Transport: Stopping retries, last request was successful
2025/09/28 10:47:35 [DEBUG] Retry Transport: Returning after 1 attempts
2025/09/28 10:47:35 [INFO] Instantiating GCE client for path https://compute.googleapis.com/compute/beta/
2025/09/28 10:47:35 [DEBUG] Waiting for state to become: [DONE]
2025/09/28 10:47:35 [DEBUG] Retry Transport: starting RoundTrip retry loop
2025/09/28 10:47:35 [DEBUG] Retry Transport: request attempt 0
{"severity":"info","timestamp":"2025-09-28T10:47:35.050Z","msg":"resource does not yet have status","kind":"NetworkConnectivityInternalRange","name":"networkconnectivityinternalrange-minimal-oqtbvbp6a7fjl2a"}
{"severity":"info","timestamp":"2025-09-28T10:47:35.050Z","msg":"resource is not ready","kind":"ComputeNetwork","name":"computenetwork-oqtbvbp6a7fjl2a","conditions":[{"lastTransitionTime":"2025-09-28T10:47:34Z","message":"Update in progress","reason":"Updating","status":"False","type":"Ready"}]}
2025/09/28 10:47:35 [DEBUG] Retry Transport: Stopping retries, last request was successful
2025/09/28 10:47:35 [DEBUG] Retry Transport: Returning after 1 attempts
2025/09/28 10:47:35 [DEBUG] Got RUNNING while polling for operation operation-1759056454554-63fda3f1d143b-23a53df1-e9ee3085's status
2025/09/28 10:47:35 [TRACE] Waiting 10s before next try
{"severity":"info","timestamp":"2025-09-28T10:47:36.049Z","msg":"resource does not yet have status","kind":"NetworkConnectivityInternalRange","name":"networkconnectivityinternalrange-minimal-oqtbvbp6a7fjl2a"}
{"severity":"info","timestamp":"2025-09-28T10:47:36.050Z","msg":"resource is not ready","kind":"ComputeNetwork","name":"computenetwork-oqtbvbp6a7fjl2a","conditions":[{"lastTransitionTime":"2025-09-28T10:47:34Z","message":"Update in progress","reason":"Updating","status":"False","type":"Ready"}]}
{"severity":"info","timestamp":"2025-09-28T10:47:37.054Z","msg":"resource does not yet have status","kind":"NetworkConnectivityInternalRange","name":"networkconnectivityinternalrange-minimal-oqtbvbp6a7fjl2a"}
{"severity":"info","timestamp":"2025-09-28T10:47:37.054Z","msg":"resource is not ready","kind":"ComputeNetwork","name":"computenetwork-oqtbvbp6a7fjl2a","conditions":[{"lastTransitionTime":"2025-09-28T10:47:34Z","message":"Update in progress","reason":"Updating","status":"False","type":"Ready"}]}
{"severity":"info","timestamp":"2025-09-28T10:47:38.050Z","msg":"resource is not ready","kind":"ComputeNetwork","name":"computenetwork-oqtbvbp6a7fjl2a","conditions":[{"lastTransitionTime":"2025-09-28T10:47:34Z","message":"Update in progress","reason":"Updating","status":"False","type":"Ready"}]}
{"severity":"info","timestamp":"2025-09-28T10:47:38.050Z","msg":"resource does not yet have status","kind":"NetworkConnectivityInternalRange","name":"networkconnectivityinternalrange-minimal-oqtbvbp6a7fjl2a"}
{"severity":"info","timestamp":"2025-09-28T10:47:39.051Z","msg":"resource does not yet have status","kind":"NetworkConnectivityInternalRange","name":"networkconnectivityinternalrange-minimal-oqtbvbp6a7fjl2a"}
{"severity":"info","timestamp":"2025-09-28T10:47:39.051Z","msg":"resource is not ready","kind":"ComputeNetwork","name":"computenetwork-oqtbvbp6a7fjl2a","conditions":[{"lastTransitionTime":"2025-09-28T10:47:34Z","message":"Update in progress","reason":"Updating","status":"False","type":"Ready"}]}
{"severity":"info","timestamp":"2025-09-28T10:47:40.049Z","msg":"resource does not yet have conditions","kind":"NetworkConnectivityInternalRange","name":"networkconnectivityinternalrange-minimal-oqtbvbp6a7fjl2a"}
{"severity":"info","timestamp":"2025-09-28T10:47:40.050Z","msg":"resource is not ready","kind":"ComputeNetwork","name":"computenetwork-oqtbvbp6a7fjl2a","conditions":[{"lastTransitionTime":"2025-09-28T10:47:34Z","message":"Update in progress","reason":"Updating","status":"False","type":"Ready"}]}
{"severity":"info","timestamp":"2025-09-28T10:47:40.053Z","msg":"processing request","operation":"UPDATE","handler":"state-into-spec validation","kind":"NetworkConnectivityInternalRange","resource":{"name":"networkconnectivityinternalrange-minimal-oqtbvbp6a7fjl2a","namespace":"oqtbvbp6a7fjl2a"}}
{"severity":"info","timestamp":"2025-09-28T10:47:40.053Z","msg":"processing request","operation":"UPDATE","handler":"unknown fields validation","kind":"NetworkConnectivityInternalRange","resource":{"name":"networkconnectivityinternalrange-minimal-oqtbvbp6a7fjl2a","namespace":"oqtbvbp6a7fjl2a"}}
{"severity":"info","timestamp":"2025-09-28T10:47:40.053Z","msg":"done processing request","operation":"UPDATE","handler":"state-into-spec validation","kind":"NetworkConnectivityInternalRange","resource":{"name":"networkconnectivityinternalrange-minimal-oqtbvbp6a7fjl2a","namespace":"oqtbvbp6a7fjl2a"},"result-code":200,"result-reason":""}
{"severity":"info","timestamp":"2025-09-28T10:47:40.053Z","msg":"done processing request","operation":"UPDATE","handler":"unknown fields validation","kind":"NetworkConnectivityInternalRange","resource":{"name":"networkconnectivityinternalrange-minimal-oqtbvbp6a7fjl2a","namespace":"oqtbvbp6a7fjl2a"},"result-code":200,"result-reason":""}
{"severity":"info","timestamp":"2025-09-28T10:47:40.063Z","msg":"successfully finished reconcile","controller":"networkconnectivityinternalrange-parent-controller","controllerGroup":"networkconnectivity.cnrm.cloud.google.com","controllerKind":"NetworkConnectivityInternalRange","NetworkConnectivityInternalRange":{"name":"networkconnectivityinternalrange-minimal-oqtbvbp6a7fjl2a","namespace":"oqtbvbp6a7fjl2a"},"namespace":"oqtbvbp6a7fjl2a","name":"networkconnectivityinternalrange-minimal-oqtbvbp6a7fjl2a","reconcileID":"8b408431-6416-44b3-bd23-12a6b8ae2763","resource":{"name":"networkconnectivityinternalrange-minimal-oqtbvbp6a7fjl2a","namespace":"oqtbvbp6a7fjl2a"},"time to next reconciliation":"9m2.4106042s"}
{"severity":"info","timestamp":"2025-09-28T10:47:40.063Z","msg":"structuredreporting OnReconcileEnd","controller":"networkconnectivityinternalrange-parent-controller","controllerGroup":"networkconnectivity.cnrm.cloud.google.com","controllerKind":"NetworkConnectivityInternalRange","NetworkConnectivityInternalRange":{"name":"networkconnectivityinternalrange-minimal-oqtbvbp6a7fjl2a","namespace":"oqtbvbp6a7fjl2a"},"namespace":"oqtbvbp6a7fjl2a","name":"networkconnectivityinternalrange-minimal-oqtbvbp6a7fjl2a","reconcileID":"8b408431-6416-44b3-bd23-12a6b8ae2763","object.kind":"NetworkConnectivityInternalRange","object.name":"networkconnectivityinternalrange-minimal-oqtbvbp6a7fjl2a","result":{"Requeue":false,"RequeueAfter":0},"error":null}
{"severity":"info","timestamp":"2025-09-28T10:47:41.050Z","msg":"resource is ready","kind":"NetworkConnectivityInternalRange","name":"networkconnectivityinternalrange-minimal-oqtbvbp6a7fjl2a"}
{"severity":"info","timestamp":"2025-09-28T10:47:41.051Z","msg":"resource is not ready","kind":"ComputeNetwork","name":"computenetwork-oqtbvbp6a7fjl2a","conditions":[{"lastTransitionTime":"2025-09-28T10:47:34Z","message":"Update in progress","reason":"Updating","status":"False","type":"Ready"}]}
{"severity":"info","timestamp":"2025-09-28T10:47:42.050Z","msg":"resource is not ready","kind":"ComputeNetwork","name":"computenetwork-oqtbvbp6a7fjl2a","conditions":[{"lastTransitionTime":"2025-09-28T10:47:34Z","message":"Update in progress","reason":"Updating","status":"False","type":"Ready"}]}
{"severity":"info","timestamp":"2025-09-28T10:47:43.050Z","msg":"resource is not ready","kind":"ComputeNetwork","name":"computenetwork-oqtbvbp6a7fjl2a","conditions":[{"lastTransitionTime":"2025-09-28T10:47:34Z","message":"Update in progress","reason":"Updating","status":"False","type":"Ready"}]}
{"severity":"info","timestamp":"2025-09-28T10:47:44.051Z","msg":"resource is not ready","kind":"ComputeNetwork","name":"computenetwork-oqtbvbp6a7fjl2a","conditions":[{"lastTransitionTime":"2025-09-28T10:47:34Z","message":"Update in progress","reason":"Updating","status":"False","type":"Ready"}]}
{"severity":"info","timestamp":"2025-09-28T10:47:45.051Z","msg":"resource is not ready","kind":"ComputeNetwork","name":"computenetwork-oqtbvbp6a7fjl2a","conditions":[{"lastTransitionTime":"2025-09-28T10:47:34Z","message":"Update in progress","reason":"Updating","status":"False","type":"Ready"}]}
2025/09/28 10:47:45 [DEBUG] Retry Transport: starting RoundTrip retry loop
2025/09/28 10:47:45 [DEBUG] Retry Transport: request attempt 0
2025/09/28 10:47:45 [DEBUG] Retry Transport: Stopping retries, last request was successful
2025/09/28 10:47:45 [DEBUG] Retry Transport: Returning after 1 attempts
2025/09/28 10:47:45 [DEBUG] Got RUNNING while polling for operation operation-1759056454554-63fda3f1d143b-23a53df1-e9ee3085's status
2025/09/28 10:47:45 [TRACE] Waiting 10s before next try
{"severity":"info","timestamp":"2025-09-28T10:47:46.051Z","msg":"resource is not ready","kind":"ComputeNetwork","name":"computenetwork-oqtbvbp6a7fjl2a","conditions":[{"lastTransitionTime":"2025-09-28T10:47:34Z","message":"Update in progress","reason":"Updating","status":"False","type":"Ready"}]}
{"severity":"info","timestamp":"2025-09-28T10:47:47.050Z","msg":"resource is not ready","kind":"ComputeNetwork","name":"computenetwork-oqtbvbp6a7fjl2a","conditions":[{"lastTransitionTime":"2025-09-28T10:47:34Z","message":"Update in progress","reason":"Updating","status":"False","type":"Ready"}]}
{"severity":"info","timestamp":"2025-09-28T10:47:48.051Z","msg":"resource is not ready","kind":"ComputeNetwork","name":"computenetwork-oqtbvbp6a7fjl2a","conditions":[{"lastTransitionTime":"2025-09-28T10:47:34Z","message":"Update in progress","reason":"Updating","status":"False","type":"Ready"}]}
{"severity":"info","timestamp":"2025-09-28T10:47:49.051Z","msg":"resource is not ready","kind":"ComputeNetwork","name":"computenetwork-oqtbvbp6a7fjl2a","conditions":[{"lastTransitionTime":"2025-09-28T10:47:34Z","message":"Update in progress","reason":"Updating","status":"False","type":"Ready"}]}
{"severity":"info","timestamp":"2025-09-28T10:47:50.052Z","msg":"resource is not ready","kind":"ComputeNetwork","name":"computenetwork-oqtbvbp6a7fjl2a","conditions":[{"lastTransitionTime":"2025-09-28T10:47:34Z","message":"Update in progress","reason":"Updating","status":"False","type":"Ready"}]}
{"severity":"info","timestamp":"2025-09-28T10:47:51.050Z","msg":"resource is not ready","kind":"ComputeNetwork","name":"computenetwork-oqtbvbp6a7fjl2a","conditions":[{"lastTransitionTime":"2025-09-28T10:47:34Z","message":"Update in progress","reason":"Updating","status":"False","type":"Ready"}]}
{"severity":"info","timestamp":"2025-09-28T10:47:52.051Z","msg":"resource is not ready","kind":"ComputeNetwork","name":"computenetwork-oqtbvbp6a7fjl2a","conditions":[{"lastTransitionTime":"2025-09-28T10:47:34Z","message":"Update in progress","reason":"Updating","status":"False","type":"Ready"}]}
{"severity":"info","timestamp":"2025-09-28T10:47:53.052Z","msg":"resource is not ready","kind":"ComputeNetwork","name":"computenetwork-oqtbvbp6a7fjl2a","conditions":[{"lastTransitionTime":"2025-09-28T10:47:34Z","message":"Update in progress","reason":"Updating","status":"False","type":"Ready"}]}
{"severity":"info","timestamp":"2025-09-28T10:47:54.051Z","msg":"resource is not ready","kind":"ComputeNetwork","name":"computenetwork-oqtbvbp6a7fjl2a","conditions":[{"lastTransitionTime":"2025-09-28T10:47:34Z","message":"Update in progress","reason":"Updating","status":"False","type":"Ready"}]}
{"severity":"info","timestamp":"2025-09-28T10:47:55.050Z","msg":"resource is not ready","kind":"ComputeNetwork","name":"computenetwork-oqtbvbp6a7fjl2a","conditions":[{"lastTransitionTime":"2025-09-28T10:47:34Z","message":"Update in progress","reason":"Updating","status":"False","type":"Ready"}]}
2025/09/28 10:47:55 [DEBUG] Retry Transport: starting RoundTrip retry loop
2025/09/28 10:47:55 [DEBUG] Retry Transport: request attempt 0
2025/09/28 10:47:56 [DEBUG] Retry Transport: Stopping retries, last request was successful
2025/09/28 10:47:56 [DEBUG] Retry Transport: Returning after 1 attempts
2025/09/28 10:47:56 [DEBUG] Got DONE while polling for operation operation-1759056454554-63fda3f1d143b-23a53df1-e9ee3085's status
2025/09/28 10:47:56 [DEBUG] Finished creating Network "projects/cnrm-katriel/global/networks/computenetwork-oqtbvbp6a7fjl2a": map[string]interface {}{"id":"5578451458664475817", "insertTime":"2025-09-28T03:47:34.856-07:00", "kind":"compute#operation", "name":"operation-1759056454554-63fda3f1d143b-23a53df1-e9ee3085", "operationType":"insert", "progress":0, "selfLink":"https://www.googleapis.com/compute/beta/projects/cnrm-katriel/global/operations/operation-1759056454554-63fda3f1d143b-23a53df1-e9ee3085", "startTime":"2025-09-28T03:47:34.858-07:00", "status":"RUNNING", "targetId":"2293600439925779625", "targetLink":"https://www.googleapis.com/compute/beta/projects/cnrm-katriel/global/networks/computenetwork-oqtbvbp6a7fjl2a", "user":"katriel@google.com"}
2025/09/28 10:47:56 [DEBUG] Waiting for state to become: [success]
2025/09/28 10:47:56 [DEBUG] Retry Transport: starting RoundTrip retry loop
2025/09/28 10:47:56 [DEBUG] Retry Transport: request attempt 0
{"severity":"info","timestamp":"2025-09-28T10:47:56.051Z","msg":"resource is not ready","kind":"ComputeNetwork","name":"computenetwork-oqtbvbp6a7fjl2a","conditions":[{"lastTransitionTime":"2025-09-28T10:47:34Z","message":"Update in progress","reason":"Updating","status":"False","type":"Ready"}]}
2025/09/28 10:47:56 [DEBUG] Retry Transport: Stopping retries, last request was successful
2025/09/28 10:47:56 [DEBUG] Retry Transport: Returning after 1 attempts
{"severity":"info","timestamp":"2025-09-28T10:47:56.389Z","msg":"processing request","operation":"UPDATE","handler":"unknown fields validation","kind":"ComputeNetwork","resource":{"name":"computenetwork-oqtbvbp6a7fjl2a","namespace":"oqtbvbp6a7fjl2a"}}
{"severity":"info","timestamp":"2025-09-28T10:47:56.389Z","msg":"processing request","operation":"UPDATE","handler":"state-into-spec validation","kind":"ComputeNetwork","resource":{"name":"computenetwork-oqtbvbp6a7fjl2a","namespace":"oqtbvbp6a7fjl2a"}}
{"severity":"info","timestamp":"2025-09-28T10:47:56.389Z","msg":"done processing request","operation":"UPDATE","handler":"unknown fields validation","kind":"ComputeNetwork","resource":{"name":"computenetwork-oqtbvbp6a7fjl2a","namespace":"oqtbvbp6a7fjl2a"},"result-code":200,"result-reason":""}
{"severity":"info","timestamp":"2025-09-28T10:47:56.389Z","msg":"done processing request","operation":"UPDATE","handler":"state-into-spec validation","kind":"ComputeNetwork","resource":{"name":"computenetwork-oqtbvbp6a7fjl2a","namespace":"oqtbvbp6a7fjl2a"},"result-code":200,"result-reason":""}
{"severity":"info","timestamp":"2025-09-28T10:47:56.400Z","logger":"computenetwork-controller","msg":"successfully finished reconcile","controllerType":"terraform","resource":{"name":"computenetwork-oqtbvbp6a7fjl2a","namespace":"oqtbvbp6a7fjl2a"},"time to next reconciliation":"11m58.015785257s"}
{"severity":"info","timestamp":"2025-09-28T10:47:56.400Z","msg":"structuredreporting OnReconcileEnd","controller":"computenetwork-parent-controller","controllerGroup":"compute.cnrm.cloud.google.com","controllerKind":"ComputeNetwork","ComputeNetwork":{"name":"computenetwork-oqtbvbp6a7fjl2a","namespace":"oqtbvbp6a7fjl2a"},"namespace":"oqtbvbp6a7fjl2a","name":"computenetwork-oqtbvbp6a7fjl2a","reconcileID":"275bf5c1-0d2f-475b-9df3-09f5a657cd5e","object.kind":"ComputeNetwork","object.name":"computenetwork-oqtbvbp6a7fjl2a","result":{"Requeue":false,"RequeueAfter":0},"error":null}
{"severity":"info","timestamp":"2025-09-28T10:47:56.400Z","msg":"parent reconciler starting","controller":"computenetwork-parent-controller","controllerGroup":"compute.cnrm.cloud.google.com","controllerKind":"ComputeNetwork","ComputeNetwork":{"name":"computenetwork-oqtbvbp6a7fjl2a","namespace":"oqtbvbp6a7fjl2a"},"namespace":"oqtbvbp6a7fjl2a","name":"computenetwork-oqtbvbp6a7fjl2a","reconcileID":"42b449cd-a8aa-473a-80c1-322329bf0296","resource":{"name":"computenetwork-oqtbvbp6a7fjl2a","namespace":"oqtbvbp6a7fjl2a"}}
I0928 10:47:56.404037 1461598 kccstate.go:38] configconnector.core.cnrm.cloud.google.com object is not found
{"severity":"info","timestamp":"2025-09-28T10:47:56.404Z","msg":"routing to controller","controller":"computenetwork-parent-controller","controllerGroup":"compute.cnrm.cloud.google.com","controllerKind":"ComputeNetwork","ComputeNetwork":{"name":"computenetwork-oqtbvbp6a7fjl2a","namespace":"oqtbvbp6a7fjl2a"},"namespace":"oqtbvbp6a7fjl2a","name":"computenetwork-oqtbvbp6a7fjl2a","reconcileID":"42b449cd-a8aa-473a-80c1-322329bf0296","type":"tf"}
{"severity":"info","timestamp":"2025-09-28T10:47:56.404Z","msg":"routing to TF reconciler","controller":"computenetwork-parent-controller","controllerGroup":"compute.cnrm.cloud.google.com","controllerKind":"ComputeNetwork","ComputeNetwork":{"name":"computenetwork-oqtbvbp6a7fjl2a","namespace":"oqtbvbp6a7fjl2a"},"namespace":"oqtbvbp6a7fjl2a","name":"computenetwork-oqtbvbp6a7fjl2a","reconcileID":"42b449cd-a8aa-473a-80c1-322329bf0296"}
{"severity":"info","timestamp":"2025-09-28T10:47:56.404Z","logger":"computenetwork-controller","msg":"starting reconcile","controllerType":"terraform","resource":{"name":"computenetwork-oqtbvbp6a7fjl2a","namespace":"oqtbvbp6a7fjl2a"}}
{"severity":"info","timestamp":"2025-09-28T10:47:56.407Z","msg":"structuredreporting OnReconcileStart","controller":"computenetwork-parent-controller","controllerGroup":"compute.cnrm.cloud.google.com","controllerKind":"ComputeNetwork","ComputeNetwork":{"name":"computenetwork-oqtbvbp6a7fjl2a","namespace":"oqtbvbp6a7fjl2a"},"namespace":"oqtbvbp6a7fjl2a","name":"computenetwork-oqtbvbp6a7fjl2a","reconcileID":"42b449cd-a8aa-473a-80c1-322329bf0296","object.kind":"ComputeNetwork","object.name":"computenetwork-oqtbvbp6a7fjl2a"}
I0928 10:47:56.410398 1461598 kccstate.go:38] configconnector.core.cnrm.cloud.google.com object is not found
2025/09/28 10:47:56 [DEBUG] matching ID projects/cnrm-katriel/global/networks/computenetwork-oqtbvbp6a7fjl2a to regex projects/(?P<project>[^/]+)/global/networks/(?P<name>[^/]+).
2025/09/28 10:47:56 [DEBUG] importing project = cnrm-katriel
2025/09/28 10:47:56 [DEBUG] importing name = computenetwork-oqtbvbp6a7fjl2a
2025/09/28 10:47:56 [DEBUG] Waiting for state to become: [success]
2025/09/28 10:47:56 [DEBUG] Retry Transport: starting RoundTrip retry loop
2025/09/28 10:47:56 [DEBUG] Retry Transport: request attempt 0
2025/09/28 10:47:56 [DEBUG] Retry Transport: Stopping retries, last request was successful
2025/09/28 10:47:56 [DEBUG] Retry Transport: Returning after 1 attempts
{"severity":"info","timestamp":"2025-09-28T10:47:56.800Z","logger":"computenetwork-controller","msg":"underlying resource already up to date","controllerType":"terraform","resource":{"name":"computenetwork-oqtbvbp6a7fjl2a","namespace":"oqtbvbp6a7fjl2a"}}
{"severity":"info","timestamp":"2025-09-28T10:47:56.805Z","msg":"processing request","operation":"UPDATE","handler":"unknown fields validation","kind":"ComputeNetwork","resource":{"name":"computenetwork-oqtbvbp6a7fjl2a","namespace":"oqtbvbp6a7fjl2a"}}
{"severity":"info","timestamp":"2025-09-28T10:47:56.806Z","msg":"processing request","operation":"UPDATE","handler":"state-into-spec validation","kind":"ComputeNetwork","resource":{"name":"computenetwork-oqtbvbp6a7fjl2a","namespace":"oqtbvbp6a7fjl2a"}}
{"severity":"info","timestamp":"2025-09-28T10:47:56.806Z","msg":"done processing request","operation":"UPDATE","handler":"state-into-spec validation","kind":"ComputeNetwork","resource":{"name":"computenetwork-oqtbvbp6a7fjl2a","namespace":"oqtbvbp6a7fjl2a"},"result-code":200,"result-reason":""}
{"severity":"info","timestamp":"2025-09-28T10:47:56.806Z","msg":"done processing request","operation":"UPDATE","handler":"unknown fields validation","kind":"ComputeNetwork","resource":{"name":"computenetwork-oqtbvbp6a7fjl2a","namespace":"oqtbvbp6a7fjl2a"},"result-code":200,"result-reason":""}
{"severity":"info","timestamp":"2025-09-28T10:47:56.816Z","logger":"computenetwork-controller","msg":"successfully finished reconcile","controllerType":"terraform","resource":{"name":"computenetwork-oqtbvbp6a7fjl2a","namespace":"oqtbvbp6a7fjl2a"},"time to next reconciliation":"13m59.290047972s"}
{"severity":"info","timestamp":"2025-09-28T10:47:56.816Z","msg":"structuredreporting OnReconcileEnd","controller":"computenetwork-parent-controller","controllerGroup":"compute.cnrm.cloud.google.com","controllerKind":"ComputeNetwork","ComputeNetwork":{"name":"computenetwork-oqtbvbp6a7fjl2a","namespace":"oqtbvbp6a7fjl2a"},"namespace":"oqtbvbp6a7fjl2a","name":"computenetwork-oqtbvbp6a7fjl2a","reconcileID":"42b449cd-a8aa-473a-80c1-322329bf0296","object.kind":"ComputeNetwork","object.name":"computenetwork-oqtbvbp6a7fjl2a","result":{"Requeue":false,"RequeueAfter":0},"error":null}
{"severity":"info","timestamp":"2025-09-28T10:47:57.051Z","msg":"resource is ready","kind":"ComputeNetwork","name":"computenetwork-oqtbvbp6a7fjl2a"}
    samples.go:154: using server-side apply to update object
{"severity":"info","timestamp":"2025-09-28T10:47:57.056Z","msg":"processing request","operation":"UPDATE","handler":"state-into-spec validation","kind":"NetworkConnectivityInternalRange","resource":{"name":"networkconnectivityinternalrange-minimal-oqtbvbp6a7fjl2a","namespace":"oqtbvbp6a7fjl2a"}}
{"severity":"info","timestamp":"2025-09-28T10:47:57.056Z","msg":"processing request","operation":"UPDATE","handler":"unknown fields validation","kind":"NetworkConnectivityInternalRange","resource":{"name":"networkconnectivityinternalrange-minimal-oqtbvbp6a7fjl2a","namespace":"oqtbvbp6a7fjl2a"}}
{"severity":"info","timestamp":"2025-09-28T10:47:57.056Z","msg":"done processing request","operation":"UPDATE","handler":"state-into-spec validation","kind":"NetworkConnectivityInternalRange","resource":{"name":"networkconnectivityinternalrange-minimal-oqtbvbp6a7fjl2a","namespace":"oqtbvbp6a7fjl2a"},"result-code":200,"result-reason":""}
{"severity":"info","timestamp":"2025-09-28T10:47:57.056Z","msg":"done processing request","operation":"UPDATE","handler":"unknown fields validation","kind":"NetworkConnectivityInternalRange","resource":{"name":"networkconnectivityinternalrange-minimal-oqtbvbp6a7fjl2a","namespace":"oqtbvbp6a7fjl2a"},"result-code":200,"result-reason":""}
{"severity":"info","timestamp":"2025-09-28T10:47:57.060Z","msg":"parent reconciler starting","controller":"networkconnectivityinternalrange-parent-controller","controllerGroup":"networkconnectivity.cnrm.cloud.google.com","controllerKind":"NetworkConnectivityInternalRange","NetworkConnectivityInternalRange":{"name":"networkconnectivityinternalrange-minimal-oqtbvbp6a7fjl2a","namespace":"oqtbvbp6a7fjl2a"},"namespace":"oqtbvbp6a7fjl2a","name":"networkconnectivityinternalrange-minimal-oqtbvbp6a7fjl2a","reconcileID":"f556b4bf-85cf-4bed-b7c1-d650b1777949","resource":{"name":"networkconnectivityinternalrange-minimal-oqtbvbp6a7fjl2a","namespace":"oqtbvbp6a7fjl2a"}}
{"severity":"info","timestamp":"2025-09-28T10:47:57.064Z","msg":"resource status.observedGeneration is behind current generation","kind":"NetworkConnectivityInternalRange","name":"networkconnectivityinternalrange-minimal-oqtbvbp6a7fjl2a","status.observedGeneration":1,"generation":2}
I0928 10:47:57.065080 1461598 kccstate.go:38] configconnector.core.cnrm.cloud.google.com object is not found
{"severity":"info","timestamp":"2025-09-28T10:47:57.065Z","msg":"routing to controller","controller":"networkconnectivityinternalrange-parent-controller","controllerGroup":"networkconnectivity.cnrm.cloud.google.com","controllerKind":"NetworkConnectivityInternalRange","NetworkConnectivityInternalRange":{"name":"networkconnectivityinternalrange-minimal-oqtbvbp6a7fjl2a","namespace":"oqtbvbp6a7fjl2a"},"namespace":"oqtbvbp6a7fjl2a","name":"networkconnectivityinternalrange-minimal-oqtbvbp6a7fjl2a","reconcileID":"f556b4bf-85cf-4bed-b7c1-d650b1777949","type":"direct"}
{"severity":"info","timestamp":"2025-09-28T10:47:57.065Z","msg":"routing to Direct reconciler","controller":"networkconnectivityinternalrange-parent-controller","controllerGroup":"networkconnectivity.cnrm.cloud.google.com","controllerKind":"NetworkConnectivityInternalRange","NetworkConnectivityInternalRange":{"name":"networkconnectivityinternalrange-minimal-oqtbvbp6a7fjl2a","namespace":"oqtbvbp6a7fjl2a"},"namespace":"oqtbvbp6a7fjl2a","name":"networkconnectivityinternalrange-minimal-oqtbvbp6a7fjl2a","reconcileID":"f556b4bf-85cf-4bed-b7c1-d650b1777949"}
{"severity":"info","timestamp":"2025-09-28T10:47:57.065Z","msg":"Running reconcile","controller":"networkconnectivityinternalrange-parent-controller","controllerGroup":"networkconnectivity.cnrm.cloud.google.com","controllerKind":"NetworkConnectivityInternalRange","NetworkConnectivityInternalRange":{"name":"networkconnectivityinternalrange-minimal-oqtbvbp6a7fjl2a","namespace":"oqtbvbp6a7fjl2a"},"namespace":"oqtbvbp6a7fjl2a","name":"networkconnectivityinternalrange-minimal-oqtbvbp6a7fjl2a","reconcileID":"f556b4bf-85cf-4bed-b7c1-d650b1777949","resource":{"name":"networkconnectivityinternalrange-minimal-oqtbvbp6a7fjl2a","namespace":"oqtbvbp6a7fjl2a"}}
{"severity":"info","timestamp":"2025-09-28T10:47:57.068Z","msg":"structuredreporting OnReconcileStart","controller":"networkconnectivityinternalrange-parent-controller","controllerGroup":"networkconnectivity.cnrm.cloud.google.com","controllerKind":"NetworkConnectivityInternalRange","NetworkConnectivityInternalRange":{"name":"networkconnectivityinternalrange-minimal-oqtbvbp6a7fjl2a","namespace":"oqtbvbp6a7fjl2a"},"namespace":"oqtbvbp6a7fjl2a","name":"networkconnectivityinternalrange-minimal-oqtbvbp6a7fjl2a","reconcileID":"f556b4bf-85cf-4bed-b7c1-d650b1777949","object.kind":"NetworkConnectivityInternalRange","object.name":"networkconnectivityinternalrange-minimal-oqtbvbp6a7fjl2a"}
I0928 10:47:57.068334 1461598 kccstate.go:38] configconnector.core.cnrm.cloud.google.com object is not found
{"severity":"info","timestamp":"2025-09-28T10:47:58.070Z","msg":"resource status.observedGeneration is behind current generation","kind":"NetworkConnectivityInternalRange","name":"networkconnectivityinternalrange-minimal-oqtbvbp6a7fjl2a","status.observedGeneration":1,"generation":2}
{"severity":"info","timestamp":"2025-09-28T10:47:59.069Z","msg":"resource status.observedGeneration is behind current generation","kind":"NetworkConnectivityInternalRange","name":"networkconnectivityinternalrange-minimal-oqtbvbp6a7fjl2a","status.observedGeneration":1,"generation":2}
{"severity":"info","timestamp":"2025-09-28T10:48:00.070Z","msg":"resource status.observedGeneration is behind current generation","kind":"NetworkConnectivityInternalRange","name":"networkconnectivityinternalrange-minimal-oqtbvbp6a7fjl2a","status.observedGeneration":1,"generation":2}
{"severity":"info","timestamp":"2025-09-28T10:48:01.069Z","msg":"resource status.observedGeneration is behind current generation","kind":"NetworkConnectivityInternalRange","name":"networkconnectivityinternalrange-minimal-oqtbvbp6a7fjl2a","status.observedGeneration":1,"generation":2}
{"severity":"info","timestamp":"2025-09-28T10:48:02.069Z","msg":"resource status.observedGeneration is behind current generation","kind":"NetworkConnectivityInternalRange","name":"networkconnectivityinternalrange-minimal-oqtbvbp6a7fjl2a","status.observedGeneration":1,"generation":2}
{"severity":"info","timestamp":"2025-09-28T10:48:02.759Z","msg":"processing request","operation":"UPDATE","handler":"unknown fields validation","kind":"NetworkConnectivityInternalRange","resource":{"name":"networkconnectivityinternalrange-minimal-oqtbvbp6a7fjl2a","namespace":"oqtbvbp6a7fjl2a"}}
{"severity":"info","timestamp":"2025-09-28T10:48:02.759Z","msg":"processing request","operation":"UPDATE","handler":"state-into-spec validation","kind":"NetworkConnectivityInternalRange","resource":{"name":"networkconnectivityinternalrange-minimal-oqtbvbp6a7fjl2a","namespace":"oqtbvbp6a7fjl2a"}}
{"severity":"info","timestamp":"2025-09-28T10:48:02.759Z","msg":"done processing request","operation":"UPDATE","handler":"unknown fields validation","kind":"NetworkConnectivityInternalRange","resource":{"name":"networkconnectivityinternalrange-minimal-oqtbvbp6a7fjl2a","namespace":"oqtbvbp6a7fjl2a"},"result-code":200,"result-reason":""}
{"severity":"info","timestamp":"2025-09-28T10:48:02.759Z","msg":"done processing request","operation":"UPDATE","handler":"state-into-spec validation","kind":"NetworkConnectivityInternalRange","resource":{"name":"networkconnectivityinternalrange-minimal-oqtbvbp6a7fjl2a","namespace":"oqtbvbp6a7fjl2a"},"result-code":200,"result-reason":""}
{"severity":"info","timestamp":"2025-09-28T10:48:02.771Z","msg":"successfully finished reconcile","controller":"networkconnectivityinternalrange-parent-controller","controllerGroup":"networkconnectivity.cnrm.cloud.google.com","controllerKind":"NetworkConnectivityInternalRange","NetworkConnectivityInternalRange":{"name":"networkconnectivityinternalrange-minimal-oqtbvbp6a7fjl2a","namespace":"oqtbvbp6a7fjl2a"},"namespace":"oqtbvbp6a7fjl2a","name":"networkconnectivityinternalrange-minimal-oqtbvbp6a7fjl2a","reconcileID":"f556b4bf-85cf-4bed-b7c1-d650b1777949","resource":{"name":"networkconnectivityinternalrange-minimal-oqtbvbp6a7fjl2a","namespace":"oqtbvbp6a7fjl2a"},"time to next reconciliation":"14m44.386420651s"}
{"severity":"info","timestamp":"2025-09-28T10:48:02.771Z","msg":"structuredreporting OnReconcileEnd","controller":"networkconnectivityinternalrange-parent-controller","controllerGroup":"networkconnectivity.cnrm.cloud.google.com","controllerKind":"NetworkConnectivityInternalRange","NetworkConnectivityInternalRange":{"name":"networkconnectivityinternalrange-minimal-oqtbvbp6a7fjl2a","namespace":"oqtbvbp6a7fjl2a"},"namespace":"oqtbvbp6a7fjl2a","name":"networkconnectivityinternalrange-minimal-oqtbvbp6a7fjl2a","reconcileID":"f556b4bf-85cf-4bed-b7c1-d650b1777949","object.kind":"NetworkConnectivityInternalRange","object.name":"networkconnectivityinternalrange-minimal-oqtbvbp6a7fjl2a","result":{"Requeue":false,"RequeueAfter":0},"error":null}
{"severity":"info","timestamp":"2025-09-28T10:48:03.069Z","msg":"resource is ready","kind":"NetworkConnectivityInternalRange","name":"networkconnectivityinternalrange-minimal-oqtbvbp6a7fjl2a"}
    ratcheting.go:500: skipping re-reconciliation test for gvk networkconnectivity.cnrm.cloud.google.com/v1alpha1, Kind=NetworkConnectivityInternalRange
{"severity":"info","timestamp":"2025-09-28T10:48:03.069Z","msg":"Deleting resource","kind":"NetworkConnectivityInternalRange","name":"networkconnectivityinternalrange-minimal-oqtbvbp6a7fjl2a"}
{"severity":"info","timestamp":"2025-09-28T10:48:03.077Z","msg":"parent reconciler starting","controller":"networkconnectivityinternalrange-parent-controller","controllerGroup":"networkconnectivity.cnrm.cloud.google.com","controllerKind":"NetworkConnectivityInternalRange","NetworkConnectivityInternalRange":{"name":"networkconnectivityinternalrange-minimal-oqtbvbp6a7fjl2a","namespace":"oqtbvbp6a7fjl2a"},"namespace":"oqtbvbp6a7fjl2a","name":"networkconnectivityinternalrange-minimal-oqtbvbp6a7fjl2a","reconcileID":"d74595f6-ab3e-4cf6-a812-2d2f5b7e6cbc","resource":{"name":"networkconnectivityinternalrange-minimal-oqtbvbp6a7fjl2a","namespace":"oqtbvbp6a7fjl2a"}}
{"severity":"info","timestamp":"2025-09-28T10:48:03.077Z","msg":"Deleting resource","kind":"ComputeNetwork","name":"computenetwork-oqtbvbp6a7fjl2a"}
I0928 10:48:03.080837 1461598 kccstate.go:38] configconnector.core.cnrm.cloud.google.com object is not found
{"severity":"info","timestamp":"2025-09-28T10:48:03.080Z","msg":"routing to controller","controller":"networkconnectivityinternalrange-parent-controller","controllerGroup":"networkconnectivity.cnrm.cloud.google.com","controllerKind":"NetworkConnectivityInternalRange","NetworkConnectivityInternalRange":{"name":"networkconnectivityinternalrange-minimal-oqtbvbp6a7fjl2a","namespace":"oqtbvbp6a7fjl2a"},"namespace":"oqtbvbp6a7fjl2a","name":"networkconnectivityinternalrange-minimal-oqtbvbp6a7fjl2a","reconcileID":"d74595f6-ab3e-4cf6-a812-2d2f5b7e6cbc","type":"direct"}
{"severity":"info","timestamp":"2025-09-28T10:48:03.080Z","msg":"routing to Direct reconciler","controller":"networkconnectivityinternalrange-parent-controller","controllerGroup":"networkconnectivity.cnrm.cloud.google.com","controllerKind":"NetworkConnectivityInternalRange","NetworkConnectivityInternalRange":{"name":"networkconnectivityinternalrange-minimal-oqtbvbp6a7fjl2a","namespace":"oqtbvbp6a7fjl2a"},"namespace":"oqtbvbp6a7fjl2a","name":"networkconnectivityinternalrange-minimal-oqtbvbp6a7fjl2a","reconcileID":"d74595f6-ab3e-4cf6-a812-2d2f5b7e6cbc"}
{"severity":"info","timestamp":"2025-09-28T10:48:03.080Z","msg":"Running reconcile","controller":"networkconnectivityinternalrange-parent-controller","controllerGroup":"networkconnectivity.cnrm.cloud.google.com","controllerKind":"NetworkConnectivityInternalRange","NetworkConnectivityInternalRange":{"name":"networkconnectivityinternalrange-minimal-oqtbvbp6a7fjl2a","namespace":"oqtbvbp6a7fjl2a"},"namespace":"oqtbvbp6a7fjl2a","name":"networkconnectivityinternalrange-minimal-oqtbvbp6a7fjl2a","reconcileID":"d74595f6-ab3e-4cf6-a812-2d2f5b7e6cbc","resource":{"name":"networkconnectivityinternalrange-minimal-oqtbvbp6a7fjl2a","namespace":"oqtbvbp6a7fjl2a"}}
{"severity":"info","timestamp":"2025-09-28T10:48:03.080Z","logger":"networkconnectivityinternalrange-deletion-defender-controller","msg":"starting deletion defender finalization","resource":{"name":"networkconnectivityinternalrange-minimal-oqtbvbp6a7fjl2a","namespace":"oqtbvbp6a7fjl2a"}}
{"severity":"info","timestamp":"2025-09-28T10:48:03.084Z","msg":"parent reconciler starting","controller":"computenetwork-parent-controller","controllerGroup":"compute.cnrm.cloud.google.com","controllerKind":"ComputeNetwork","ComputeNetwork":{"name":"computenetwork-oqtbvbp6a7fjl2a","namespace":"oqtbvbp6a7fjl2a"},"namespace":"oqtbvbp6a7fjl2a","name":"computenetwork-oqtbvbp6a7fjl2a","reconcileID":"3ecb8c38-48ac-431e-9b16-88c3bb7d464d","resource":{"name":"computenetwork-oqtbvbp6a7fjl2a","namespace":"oqtbvbp6a7fjl2a"}}
{"severity":"info","timestamp":"2025-09-28T10:48:03.086Z","msg":"structuredreporting OnReconcileStart","controller":"networkconnectivityinternalrange-parent-controller","controllerGroup":"networkconnectivity.cnrm.cloud.google.com","controllerKind":"NetworkConnectivityInternalRange","NetworkConnectivityInternalRange":{"name":"networkconnectivityinternalrange-minimal-oqtbvbp6a7fjl2a","namespace":"oqtbvbp6a7fjl2a"},"namespace":"oqtbvbp6a7fjl2a","name":"networkconnectivityinternalrange-minimal-oqtbvbp6a7fjl2a","reconcileID":"d74595f6-ab3e-4cf6-a812-2d2f5b7e6cbc","object.kind":"NetworkConnectivityInternalRange","object.name":"networkconnectivityinternalrange-minimal-oqtbvbp6a7fjl2a"}
I0928 10:48:03.086707 1461598 kccstate.go:38] configconnector.core.cnrm.cloud.google.com object is not found
{"severity":"info","timestamp":"2025-09-28T10:48:03.088Z","logger":"computenetwork-deletion-defender-controller","msg":"starting deletion defender finalization","resource":{"name":"computenetwork-oqtbvbp6a7fjl2a","namespace":"oqtbvbp6a7fjl2a"}}
I0928 10:48:03.089039 1461598 kccstate.go:38] configconnector.core.cnrm.cloud.google.com object is not found
{"severity":"info","timestamp":"2025-09-28T10:48:03.089Z","msg":"routing to controller","controller":"computenetwork-parent-controller","controllerGroup":"compute.cnrm.cloud.google.com","controllerKind":"ComputeNetwork","ComputeNetwork":{"name":"computenetwork-oqtbvbp6a7fjl2a","namespace":"oqtbvbp6a7fjl2a"},"namespace":"oqtbvbp6a7fjl2a","name":"computenetwork-oqtbvbp6a7fjl2a","reconcileID":"3ecb8c38-48ac-431e-9b16-88c3bb7d464d","type":"tf"}
{"severity":"info","timestamp":"2025-09-28T10:48:03.089Z","msg":"routing to TF reconciler","controller":"computenetwork-parent-controller","controllerGroup":"compute.cnrm.cloud.google.com","controllerKind":"ComputeNetwork","ComputeNetwork":{"name":"computenetwork-oqtbvbp6a7fjl2a","namespace":"oqtbvbp6a7fjl2a"},"namespace":"oqtbvbp6a7fjl2a","name":"computenetwork-oqtbvbp6a7fjl2a","reconcileID":"3ecb8c38-48ac-431e-9b16-88c3bb7d464d"}
{"severity":"info","timestamp":"2025-09-28T10:48:03.089Z","logger":"computenetwork-controller","msg":"starting reconcile","controllerType":"terraform","resource":{"name":"computenetwork-oqtbvbp6a7fjl2a","namespace":"oqtbvbp6a7fjl2a"}}
{"severity":"info","timestamp":"2025-09-28T10:48:03.091Z","msg":"structuredreporting OnReconcileStart","controller":"computenetwork-parent-controller","controllerGroup":"compute.cnrm.cloud.google.com","controllerKind":"ComputeNetwork","ComputeNetwork":{"name":"computenetwork-oqtbvbp6a7fjl2a","namespace":"oqtbvbp6a7fjl2a"},"namespace":"oqtbvbp6a7fjl2a","name":"computenetwork-oqtbvbp6a7fjl2a","reconcileID":"3ecb8c38-48ac-431e-9b16-88c3bb7d464d","object.kind":"ComputeNetwork","object.name":"computenetwork-oqtbvbp6a7fjl2a"}
{"severity":"info","timestamp":"2025-09-28T10:48:03.092Z","msg":"processing request","operation":"UPDATE","handler":"state-into-spec validation","kind":"NetworkConnectivityInternalRange","resource":{"name":"networkconnectivityinternalrange-minimal-oqtbvbp6a7fjl2a","namespace":"oqtbvbp6a7fjl2a"}}
{"severity":"info","timestamp":"2025-09-28T10:48:03.092Z","msg":"processing request","operation":"UPDATE","handler":"unknown fields validation","kind":"NetworkConnectivityInternalRange","resource":{"name":"networkconnectivityinternalrange-minimal-oqtbvbp6a7fjl2a","namespace":"oqtbvbp6a7fjl2a"}}
{"severity":"info","timestamp":"2025-09-28T10:48:03.092Z","msg":"done processing request","operation":"UPDATE","handler":"state-into-spec validation","kind":"NetworkConnectivityInternalRange","resource":{"name":"networkconnectivityinternalrange-minimal-oqtbvbp6a7fjl2a","namespace":"oqtbvbp6a7fjl2a"},"result-code":200,"result-reason":""}
{"severity":"info","timestamp":"2025-09-28T10:48:03.092Z","msg":"done processing request","operation":"UPDATE","handler":"unknown fields validation","kind":"NetworkConnectivityInternalRange","resource":{"name":"networkconnectivityinternalrange-minimal-oqtbvbp6a7fjl2a","namespace":"oqtbvbp6a7fjl2a"},"result-code":200,"result-reason":""}
I0928 10:48:03.094776 1461598 kccstate.go:38] configconnector.core.cnrm.cloud.google.com object is not found
{"severity":"info","timestamp":"2025-09-28T10:48:03.094Z","logger":"computenetwork-controller","msg":"finalizing resource deletion","controllerType":"terraform","resource":{"name":"computenetwork-oqtbvbp6a7fjl2a","namespace":"oqtbvbp6a7fjl2a"}}
{"severity":"info","timestamp":"2025-09-28T10:48:03.094Z","logger":"computenetwork-controller","msg":"deletion defender has not yet been finalized; requeuing","controllerType":"terraform","resource":{"name":"computenetwork-oqtbvbp6a7fjl2a","namespace":"oqtbvbp6a7fjl2a"}}
{"severity":"info","timestamp":"2025-09-28T10:48:03.094Z","msg":"structuredreporting OnReconcileEnd","controller":"computenetwork-parent-controller","controllerGroup":"compute.cnrm.cloud.google.com","controllerKind":"ComputeNetwork","ComputeNetwork":{"name":"computenetwork-oqtbvbp6a7fjl2a","namespace":"oqtbvbp6a7fjl2a"},"namespace":"oqtbvbp6a7fjl2a","name":"computenetwork-oqtbvbp6a7fjl2a","reconcileID":"3ecb8c38-48ac-431e-9b16-88c3bb7d464d","object.kind":"ComputeNetwork","object.name":"computenetwork-oqtbvbp6a7fjl2a","result":{"Requeue":false,"RequeueAfter":0},"error":null}
{"severity":"info","timestamp":"2025-09-28T10:48:03.096Z","msg":"processing request","operation":"UPDATE","handler":"state-into-spec validation","kind":"ComputeNetwork","resource":{"name":"computenetwork-oqtbvbp6a7fjl2a","namespace":"oqtbvbp6a7fjl2a"}}
{"severity":"info","timestamp":"2025-09-28T10:48:03.096Z","msg":"processing request","operation":"UPDATE","handler":"unknown fields validation","kind":"ComputeNetwork","resource":{"name":"computenetwork-oqtbvbp6a7fjl2a","namespace":"oqtbvbp6a7fjl2a"}}
{"severity":"info","timestamp":"2025-09-28T10:48:03.096Z","msg":"done processing request","operation":"UPDATE","handler":"state-into-spec validation","kind":"ComputeNetwork","resource":{"name":"computenetwork-oqtbvbp6a7fjl2a","namespace":"oqtbvbp6a7fjl2a"},"result-code":200,"result-reason":""}
{"severity":"info","timestamp":"2025-09-28T10:48:03.096Z","logger":"networkconnectivityinternalrange-deletion-defender-controller","msg":"successfully finalized deletion defense","resource":{"name":"networkconnectivityinternalrange-minimal-oqtbvbp6a7fjl2a","namespace":"oqtbvbp6a7fjl2a"}}
{"severity":"info","timestamp":"2025-09-28T10:48:03.096Z","msg":"done processing request","operation":"UPDATE","handler":"unknown fields validation","kind":"ComputeNetwork","resource":{"name":"computenetwork-oqtbvbp6a7fjl2a","namespace":"oqtbvbp6a7fjl2a"},"result-code":200,"result-reason":""}
{"severity":"info","timestamp":"2025-09-28T10:48:03.100Z","msg":"parent reconciler starting","controller":"computenetwork-parent-controller","controllerGroup":"compute.cnrm.cloud.google.com","controllerKind":"ComputeNetwork","ComputeNetwork":{"name":"computenetwork-oqtbvbp6a7fjl2a","namespace":"oqtbvbp6a7fjl2a"},"namespace":"oqtbvbp6a7fjl2a","name":"computenetwork-oqtbvbp6a7fjl2a","reconcileID":"88ee7010-08cc-4911-a05c-1f08d9169e8f","resource":{"name":"computenetwork-oqtbvbp6a7fjl2a","namespace":"oqtbvbp6a7fjl2a"}}
{"severity":"info","timestamp":"2025-09-28T10:48:03.100Z","logger":"computenetwork-deletion-defender-controller","msg":"successfully finalized deletion defense","resource":{"name":"computenetwork-oqtbvbp6a7fjl2a","namespace":"oqtbvbp6a7fjl2a"}}
I0928 10:48:03.103158 1461598 kccstate.go:38] configconnector.core.cnrm.cloud.google.com object is not found
{"severity":"info","timestamp":"2025-09-28T10:48:03.103Z","msg":"routing to controller","controller":"computenetwork-parent-controller","controllerGroup":"compute.cnrm.cloud.google.com","controllerKind":"ComputeNetwork","ComputeNetwork":{"name":"computenetwork-oqtbvbp6a7fjl2a","namespace":"oqtbvbp6a7fjl2a"},"namespace":"oqtbvbp6a7fjl2a","name":"computenetwork-oqtbvbp6a7fjl2a","reconcileID":"88ee7010-08cc-4911-a05c-1f08d9169e8f","type":"tf"}
{"severity":"info","timestamp":"2025-09-28T10:48:03.103Z","msg":"routing to TF reconciler","controller":"computenetwork-parent-controller","controllerGroup":"compute.cnrm.cloud.google.com","controllerKind":"ComputeNetwork","ComputeNetwork":{"name":"computenetwork-oqtbvbp6a7fjl2a","namespace":"oqtbvbp6a7fjl2a"},"namespace":"oqtbvbp6a7fjl2a","name":"computenetwork-oqtbvbp6a7fjl2a","reconcileID":"88ee7010-08cc-4911-a05c-1f08d9169e8f"}
{"severity":"info","timestamp":"2025-09-28T10:48:03.103Z","logger":"computenetwork-controller","msg":"starting reconcile","controllerType":"terraform","resource":{"name":"computenetwork-oqtbvbp6a7fjl2a","namespace":"oqtbvbp6a7fjl2a"}}
{"severity":"info","timestamp":"2025-09-28T10:48:03.106Z","msg":"structuredreporting OnReconcileStart","controller":"computenetwork-parent-controller","controllerGroup":"compute.cnrm.cloud.google.com","controllerKind":"ComputeNetwork","ComputeNetwork":{"name":"computenetwork-oqtbvbp6a7fjl2a","namespace":"oqtbvbp6a7fjl2a"},"namespace":"oqtbvbp6a7fjl2a","name":"computenetwork-oqtbvbp6a7fjl2a","reconcileID":"88ee7010-08cc-4911-a05c-1f08d9169e8f","object.kind":"ComputeNetwork","object.name":"computenetwork-oqtbvbp6a7fjl2a"}
I0928 10:48:03.109612 1461598 kccstate.go:38] configconnector.core.cnrm.cloud.google.com object is not found
{"severity":"info","timestamp":"2025-09-28T10:48:03.109Z","logger":"computenetwork-controller","msg":"finalizing resource deletion","controllerType":"terraform","resource":{"name":"computenetwork-oqtbvbp6a7fjl2a","namespace":"oqtbvbp6a7fjl2a"}}
2025/09/28 10:48:03 [DEBUG] matching ID projects/cnrm-katriel/global/networks/computenetwork-oqtbvbp6a7fjl2a to regex projects/(?P<project>[^/]+)/global/networks/(?P<name>[^/]+).
2025/09/28 10:48:03 [DEBUG] importing project = cnrm-katriel
2025/09/28 10:48:03 [DEBUG] importing name = computenetwork-oqtbvbp6a7fjl2a
2025/09/28 10:48:03 [DEBUG] Waiting for state to become: [success]
2025/09/28 10:48:03 [DEBUG] Retry Transport: starting RoundTrip retry loop
2025/09/28 10:48:03 [DEBUG] Retry Transport: request attempt 0
2025/09/28 10:48:03 [DEBUG] Retry Transport: Stopping retries, last request was successful
2025/09/28 10:48:03 [DEBUG] Retry Transport: Returning after 1 attempts
{"severity":"info","timestamp":"2025-09-28T10:48:03.436Z","logger":"computenetwork-controller","msg":"deleting underlying resource","controllerType":"terraform","resource":{"name":"computenetwork-oqtbvbp6a7fjl2a","namespace":"oqtbvbp6a7fjl2a"}}
2025/09/28 10:48:03 [DEBUG] Deleting Network "projects/cnrm-katriel/global/networks/computenetwork-oqtbvbp6a7fjl2a"
2025/09/28 10:48:03 [DEBUG] Waiting for state to become: [success]
2025/09/28 10:48:03 [DEBUG] Retry Transport: starting RoundTrip retry loop
2025/09/28 10:48:03 [DEBUG] Retry Transport: request attempt 0
{"severity":"info","timestamp":"2025-09-28T10:48:03.787Z","msg":"finalizing resource deletion","controller":"networkconnectivityinternalrange-parent-controller","controllerGroup":"networkconnectivity.cnrm.cloud.google.com","controllerKind":"NetworkConnectivityInternalRange","NetworkConnectivityInternalRange":{"name":"networkconnectivityinternalrange-minimal-oqtbvbp6a7fjl2a","namespace":"oqtbvbp6a7fjl2a"},"namespace":"oqtbvbp6a7fjl2a","name":"networkconnectivityinternalrange-minimal-oqtbvbp6a7fjl2a","reconcileID":"d74595f6-ab3e-4cf6-a812-2d2f5b7e6cbc","resource":{"name":"networkconnectivityinternalrange-minimal-oqtbvbp6a7fjl2a","namespace":"oqtbvbp6a7fjl2a"}}
{"severity":"info","timestamp":"2025-09-28T10:48:03.787Z","msg":"deletion defender has not yet finalized; cannot delete yet","controller":"networkconnectivityinternalrange-parent-controller","controllerGroup":"networkconnectivity.cnrm.cloud.google.com","controllerKind":"NetworkConnectivityInternalRange","NetworkConnectivityInternalRange":{"name":"networkconnectivityinternalrange-minimal-oqtbvbp6a7fjl2a","namespace":"oqtbvbp6a7fjl2a"},"namespace":"oqtbvbp6a7fjl2a","name":"networkconnectivityinternalrange-minimal-oqtbvbp6a7fjl2a","reconcileID":"d74595f6-ab3e-4cf6-a812-2d2f5b7e6cbc","resource":{"name":"networkconnectivityinternalrange-minimal-oqtbvbp6a7fjl2a","namespace":"oqtbvbp6a7fjl2a"}}
{"severity":"info","timestamp":"2025-09-28T10:48:03.787Z","msg":"structuredreporting OnReconcileEnd","controller":"networkconnectivityinternalrange-parent-controller","controllerGroup":"networkconnectivity.cnrm.cloud.google.com","controllerKind":"NetworkConnectivityInternalRange","NetworkConnectivityInternalRange":{"name":"networkconnectivityinternalrange-minimal-oqtbvbp6a7fjl2a","namespace":"oqtbvbp6a7fjl2a"},"namespace":"oqtbvbp6a7fjl2a","name":"networkconnectivityinternalrange-minimal-oqtbvbp6a7fjl2a","reconcileID":"d74595f6-ab3e-4cf6-a812-2d2f5b7e6cbc","object.kind":"NetworkConnectivityInternalRange","object.name":"networkconnectivityinternalrange-minimal-oqtbvbp6a7fjl2a","result":{"Requeue":false,"RequeueAfter":0},"error":null}
{"severity":"info","timestamp":"2025-09-28T10:48:03.787Z","msg":"parent reconciler starting","controller":"networkconnectivityinternalrange-parent-controller","controllerGroup":"networkconnectivity.cnrm.cloud.google.com","controllerKind":"NetworkConnectivityInternalRange","NetworkConnectivityInternalRange":{"name":"networkconnectivityinternalrange-minimal-oqtbvbp6a7fjl2a","namespace":"oqtbvbp6a7fjl2a"},"namespace":"oqtbvbp6a7fjl2a","name":"networkconnectivityinternalrange-minimal-oqtbvbp6a7fjl2a","reconcileID":"948a1b5b-f2c3-41d3-be89-5506b3c4b9bf","resource":{"name":"networkconnectivityinternalrange-minimal-oqtbvbp6a7fjl2a","namespace":"oqtbvbp6a7fjl2a"}}
I0928 10:48:03.791733 1461598 kccstate.go:38] configconnector.core.cnrm.cloud.google.com object is not found
{"severity":"info","timestamp":"2025-09-28T10:48:03.791Z","msg":"routing to controller","controller":"networkconnectivityinternalrange-parent-controller","controllerGroup":"networkconnectivity.cnrm.cloud.google.com","controllerKind":"NetworkConnectivityInternalRange","NetworkConnectivityInternalRange":{"name":"networkconnectivityinternalrange-minimal-oqtbvbp6a7fjl2a","namespace":"oqtbvbp6a7fjl2a"},"namespace":"oqtbvbp6a7fjl2a","name":"networkconnectivityinternalrange-minimal-oqtbvbp6a7fjl2a","reconcileID":"948a1b5b-f2c3-41d3-be89-5506b3c4b9bf","type":"direct"}
{"severity":"info","timestamp":"2025-09-28T10:48:03.791Z","msg":"routing to Direct reconciler","controller":"networkconnectivityinternalrange-parent-controller","controllerGroup":"networkconnectivity.cnrm.cloud.google.com","controllerKind":"NetworkConnectivityInternalRange","NetworkConnectivityInternalRange":{"name":"networkconnectivityinternalrange-minimal-oqtbvbp6a7fjl2a","namespace":"oqtbvbp6a7fjl2a"},"namespace":"oqtbvbp6a7fjl2a","name":"networkconnectivityinternalrange-minimal-oqtbvbp6a7fjl2a","reconcileID":"948a1b5b-f2c3-41d3-be89-5506b3c4b9bf"}
{"severity":"info","timestamp":"2025-09-28T10:48:03.791Z","msg":"Running reconcile","controller":"networkconnectivityinternalrange-parent-controller","controllerGroup":"networkconnectivity.cnrm.cloud.google.com","controllerKind":"NetworkConnectivityInternalRange","NetworkConnectivityInternalRange":{"name":"networkconnectivityinternalrange-minimal-oqtbvbp6a7fjl2a","namespace":"oqtbvbp6a7fjl2a"},"namespace":"oqtbvbp6a7fjl2a","name":"networkconnectivityinternalrange-minimal-oqtbvbp6a7fjl2a","reconcileID":"948a1b5b-f2c3-41d3-be89-5506b3c4b9bf","resource":{"name":"networkconnectivityinternalrange-minimal-oqtbvbp6a7fjl2a","namespace":"oqtbvbp6a7fjl2a"}}
{"severity":"info","timestamp":"2025-09-28T10:48:03.795Z","msg":"structuredreporting OnReconcileStart","controller":"networkconnectivityinternalrange-parent-controller","controllerGroup":"networkconnectivity.cnrm.cloud.google.com","controllerKind":"NetworkConnectivityInternalRange","NetworkConnectivityInternalRange":{"name":"networkconnectivityinternalrange-minimal-oqtbvbp6a7fjl2a","namespace":"oqtbvbp6a7fjl2a"},"namespace":"oqtbvbp6a7fjl2a","name":"networkconnectivityinternalrange-minimal-oqtbvbp6a7fjl2a","reconcileID":"948a1b5b-f2c3-41d3-be89-5506b3c4b9bf","object.kind":"NetworkConnectivityInternalRange","object.name":"networkconnectivityinternalrange-minimal-oqtbvbp6a7fjl2a"}
I0928 10:48:03.795503 1461598 kccstate.go:38] configconnector.core.cnrm.cloud.google.com object is not found
2025/09/28 10:48:03 [DEBUG] Retry Transport: Stopping retries, last request was successful
2025/09/28 10:48:03 [DEBUG] Retry Transport: Returning after 1 attempts
2025/09/28 10:48:03 [INFO] Instantiating GCE client for path https://compute.googleapis.com/compute/beta/
2025/09/28 10:48:03 [DEBUG] Waiting for state to become: [DONE]
2025/09/28 10:48:04 [DEBUG] Retry Transport: starting RoundTrip retry loop
2025/09/28 10:48:04 [DEBUG] Retry Transport: request attempt 0
2025/09/28 10:48:04 [DEBUG] Retry Transport: Stopping retries, last request was successful
2025/09/28 10:48:04 [DEBUG] Retry Transport: Returning after 1 attempts
2025/09/28 10:48:04 [DEBUG] Got RUNNING while polling for operation operation-1759056483490-63fda40d69c6c-0a42e0ee-42cd9cc6's status
2025/09/28 10:48:04 [TRACE] Waiting 10s before next try
{"severity":"info","timestamp":"2025-09-28T10:48:04.501Z","msg":"finalizing resource deletion","controller":"networkconnectivityinternalrange-parent-controller","controllerGroup":"networkconnectivity.cnrm.cloud.google.com","controllerKind":"NetworkConnectivityInternalRange","NetworkConnectivityInternalRange":{"name":"networkconnectivityinternalrange-minimal-oqtbvbp6a7fjl2a","namespace":"oqtbvbp6a7fjl2a"},"namespace":"oqtbvbp6a7fjl2a","name":"networkconnectivityinternalrange-minimal-oqtbvbp6a7fjl2a","reconcileID":"948a1b5b-f2c3-41d3-be89-5506b3c4b9bf","resource":{"name":"networkconnectivityinternalrange-minimal-oqtbvbp6a7fjl2a","namespace":"oqtbvbp6a7fjl2a"}}
{"severity":"info","timestamp":"2025-09-28T10:48:04.501Z","msg":"deleting underlying resource","controller":"networkconnectivityinternalrange-parent-controller","controllerGroup":"networkconnectivity.cnrm.cloud.google.com","controllerKind":"NetworkConnectivityInternalRange","NetworkConnectivityInternalRange":{"name":"networkconnectivityinternalrange-minimal-oqtbvbp6a7fjl2a","namespace":"oqtbvbp6a7fjl2a"},"namespace":"oqtbvbp6a7fjl2a","name":"networkconnectivityinternalrange-minimal-oqtbvbp6a7fjl2a","reconcileID":"948a1b5b-f2c3-41d3-be89-5506b3c4b9bf","resource":{"name":"networkconnectivityinternalrange-minimal-oqtbvbp6a7fjl2a","namespace":"oqtbvbp6a7fjl2a"}}
{"severity":"info","timestamp":"2025-09-28T10:48:08.799Z","msg":"processing request","operation":"UPDATE","handler":"state-into-spec validation","kind":"NetworkConnectivityInternalRange","resource":{"name":"networkconnectivityinternalrange-minimal-oqtbvbp6a7fjl2a","namespace":"oqtbvbp6a7fjl2a"}}
{"severity":"info","timestamp":"2025-09-28T10:48:08.799Z","msg":"processing request","operation":"UPDATE","handler":"unknown fields validation","kind":"NetworkConnectivityInternalRange","resource":{"name":"networkconnectivityinternalrange-minimal-oqtbvbp6a7fjl2a","namespace":"oqtbvbp6a7fjl2a"}}
{"severity":"info","timestamp":"2025-09-28T10:48:08.799Z","msg":"done processing request","operation":"UPDATE","handler":"state-into-spec validation","kind":"NetworkConnectivityInternalRange","resource":{"name":"networkconnectivityinternalrange-minimal-oqtbvbp6a7fjl2a","namespace":"oqtbvbp6a7fjl2a"},"result-code":200,"result-reason":""}
{"severity":"info","timestamp":"2025-09-28T10:48:08.800Z","msg":"done processing request","operation":"UPDATE","handler":"unknown fields validation","kind":"NetworkConnectivityInternalRange","resource":{"name":"networkconnectivityinternalrange-minimal-oqtbvbp6a7fjl2a","namespace":"oqtbvbp6a7fjl2a"},"result-code":200,"result-reason":""}
{"severity":"info","timestamp":"2025-09-28T10:48:08.804Z","msg":"processing request","operation":"UPDATE","handler":"state-into-spec validation","kind":"NetworkConnectivityInternalRange","resource":{"name":"networkconnectivityinternalrange-minimal-oqtbvbp6a7fjl2a","namespace":"oqtbvbp6a7fjl2a"}}
{"severity":"info","timestamp":"2025-09-28T10:48:08.804Z","msg":"processing request","operation":"UPDATE","handler":"unknown fields validation","kind":"NetworkConnectivityInternalRange","resource":{"name":"networkconnectivityinternalrange-minimal-oqtbvbp6a7fjl2a","namespace":"oqtbvbp6a7fjl2a"}}
{"severity":"info","timestamp":"2025-09-28T10:48:08.804Z","msg":"done processing request","operation":"UPDATE","handler":"state-into-spec validation","kind":"NetworkConnectivityInternalRange","resource":{"name":"networkconnectivityinternalrange-minimal-oqtbvbp6a7fjl2a","namespace":"oqtbvbp6a7fjl2a"},"result-code":200,"result-reason":""}
{"severity":"info","timestamp":"2025-09-28T10:48:08.805Z","msg":"done processing request","operation":"UPDATE","handler":"unknown fields validation","kind":"NetworkConnectivityInternalRange","resource":{"name":"networkconnectivityinternalrange-minimal-oqtbvbp6a7fjl2a","namespace":"oqtbvbp6a7fjl2a"},"result-code":200,"result-reason":""}
{"severity":"info","timestamp":"2025-09-28T10:48:08.808Z","msg":"successfully finished reconcile","controller":"networkconnectivityinternalrange-parent-controller","controllerGroup":"networkconnectivity.cnrm.cloud.google.com","controllerKind":"NetworkConnectivityInternalRange","NetworkConnectivityInternalRange":{"name":"networkconnectivityinternalrange-minimal-oqtbvbp6a7fjl2a","namespace":"oqtbvbp6a7fjl2a"},"namespace":"oqtbvbp6a7fjl2a","name":"networkconnectivityinternalrange-minimal-oqtbvbp6a7fjl2a","reconcileID":"948a1b5b-f2c3-41d3-be89-5506b3c4b9bf","resource":{"name":"networkconnectivityinternalrange-minimal-oqtbvbp6a7fjl2a","namespace":"oqtbvbp6a7fjl2a"},"time to next reconciliation":"7m5.437345015s"}
{"severity":"info","timestamp":"2025-09-28T10:48:08.808Z","msg":"structuredreporting OnReconcileEnd","controller":"networkconnectivityinternalrange-parent-controller","controllerGroup":"networkconnectivity.cnrm.cloud.google.com","controllerKind":"NetworkConnectivityInternalRange","NetworkConnectivityInternalRange":{"name":"networkconnectivityinternalrange-minimal-oqtbvbp6a7fjl2a","namespace":"oqtbvbp6a7fjl2a"},"namespace":"oqtbvbp6a7fjl2a","name":"networkconnectivityinternalrange-minimal-oqtbvbp6a7fjl2a","reconcileID":"948a1b5b-f2c3-41d3-be89-5506b3c4b9bf","object.kind":"NetworkConnectivityInternalRange","object.name":"networkconnectivityinternalrange-minimal-oqtbvbp6a7fjl2a","result":{"Requeue":false,"RequeueAfter":0},"error":null}
{"severity":"info","timestamp":"2025-09-28T10:48:08.810Z","logger":"networkconnectivityinternalrange-deletion-defender-controller","msg":"resource not found in API server; finishing reconcile","resource":{"name":"networkconnectivityinternalrange-minimal-oqtbvbp6a7fjl2a","namespace":"oqtbvbp6a7fjl2a"}}
{"severity":"info","timestamp":"2025-09-28T10:48:09.090Z","msg":"Done waiting for resource to delete","kind":"NetworkConnectivityInternalRange","name":"networkconnectivityinternalrange-minimal-oqtbvbp6a7fjl2a"}
2025/09/28 10:48:14 [DEBUG] Retry Transport: starting RoundTrip retry loop
2025/09/28 10:48:14 [DEBUG] Retry Transport: request attempt 0
2025/09/28 10:48:14 [DEBUG] Retry Transport: Stopping retries, last request was successful
2025/09/28 10:48:14 [DEBUG] Retry Transport: Returning after 1 attempts
2025/09/28 10:48:14 [DEBUG] Got RUNNING while polling for operation operation-1759056483490-63fda40d69c6c-0a42e0ee-42cd9cc6's status
2025/09/28 10:48:14 [TRACE] Waiting 10s before next try
2025/09/28 10:48:24 [DEBUG] Retry Transport: starting RoundTrip retry loop
2025/09/28 10:48:24 [DEBUG] Retry Transport: request attempt 0
2025/09/28 10:48:24 [DEBUG] Retry Transport: Stopping retries, last request was successful
2025/09/28 10:48:24 [DEBUG] Retry Transport: Returning after 1 attempts
2025/09/28 10:48:24 [DEBUG] Got DONE while polling for operation operation-1759056483490-63fda40d69c6c-0a42e0ee-42cd9cc6's status
2025/09/28 10:48:24 [DEBUG] Finished deleting Network "projects/cnrm-katriel/global/networks/computenetwork-oqtbvbp6a7fjl2a": map[string]interface {}{"id":"7167590642379697292", "insertTime":"2025-09-28T03:48:03.793-07:00", "kind":"compute#operation", "name":"operation-1759056483490-63fda40d69c6c-0a42e0ee-42cd9cc6", "operationType":"delete", "progress":0, "selfLink":"https://www.googleapis.com/compute/beta/projects/cnrm-katriel/global/operations/operation-1759056483490-63fda40d69c6c-0a42e0ee-42cd9cc6", "startTime":"2025-09-28T03:48:03.796-07:00", "status":"RUNNING", "targetId":"2293600439925779625", "targetLink":"https://www.googleapis.com/compute/beta/projects/cnrm-katriel/global/networks/computenetwork-oqtbvbp6a7fjl2a", "user":"katriel@google.com"}
{"severity":"info","timestamp":"2025-09-28T10:48:24.995Z","msg":"processing request","operation":"UPDATE","handler":"unknown fields validation","kind":"ComputeNetwork","resource":{"name":"computenetwork-oqtbvbp6a7fjl2a","namespace":"oqtbvbp6a7fjl2a"}}
{"severity":"info","timestamp":"2025-09-28T10:48:24.995Z","msg":"processing request","operation":"UPDATE","handler":"state-into-spec validation","kind":"ComputeNetwork","resource":{"name":"computenetwork-oqtbvbp6a7fjl2a","namespace":"oqtbvbp6a7fjl2a"}}
{"severity":"info","timestamp":"2025-09-28T10:48:24.996Z","msg":"done processing request","operation":"UPDATE","handler":"unknown fields validation","kind":"ComputeNetwork","resource":{"name":"computenetwork-oqtbvbp6a7fjl2a","namespace":"oqtbvbp6a7fjl2a"},"result-code":200,"result-reason":""}
{"severity":"info","timestamp":"2025-09-28T10:48:24.996Z","msg":"done processing request","operation":"UPDATE","handler":"state-into-spec validation","kind":"ComputeNetwork","resource":{"name":"computenetwork-oqtbvbp6a7fjl2a","namespace":"oqtbvbp6a7fjl2a"},"result-code":200,"result-reason":""}
{"severity":"info","timestamp":"2025-09-28T10:48:24.999Z","msg":"processing request","operation":"UPDATE","handler":"state-into-spec validation","kind":"ComputeNetwork","resource":{"name":"computenetwork-oqtbvbp6a7fjl2a","namespace":"oqtbvbp6a7fjl2a"}}
{"severity":"info","timestamp":"2025-09-28T10:48:24.999Z","msg":"processing request","operation":"UPDATE","handler":"unknown fields validation","kind":"ComputeNetwork","resource":{"name":"computenetwork-oqtbvbp6a7fjl2a","namespace":"oqtbvbp6a7fjl2a"}}
{"severity":"info","timestamp":"2025-09-28T10:48:25.000Z","msg":"done processing request","operation":"UPDATE","handler":"state-into-spec validation","kind":"ComputeNetwork","resource":{"name":"computenetwork-oqtbvbp6a7fjl2a","namespace":"oqtbvbp6a7fjl2a"},"result-code":200,"result-reason":""}
{"severity":"info","timestamp":"2025-09-28T10:48:25.000Z","msg":"done processing request","operation":"UPDATE","handler":"unknown fields validation","kind":"ComputeNetwork","resource":{"name":"computenetwork-oqtbvbp6a7fjl2a","namespace":"oqtbvbp6a7fjl2a"},"result-code":200,"result-reason":""}
{"severity":"info","timestamp":"2025-09-28T10:48:25.003Z","logger":"computenetwork-controller","msg":"successfully finished reconcile","controllerType":"terraform","resource":{"name":"computenetwork-oqtbvbp6a7fjl2a","namespace":"oqtbvbp6a7fjl2a"},"time to next reconciliation":"14m3.342183229s"}
{"severity":"info","timestamp":"2025-09-28T10:48:25.003Z","msg":"structuredreporting OnReconcileEnd","controller":"computenetwork-parent-controller","controllerGroup":"compute.cnrm.cloud.google.com","controllerKind":"ComputeNetwork","ComputeNetwork":{"name":"computenetwork-oqtbvbp6a7fjl2a","namespace":"oqtbvbp6a7fjl2a"},"namespace":"oqtbvbp6a7fjl2a","name":"computenetwork-oqtbvbp6a7fjl2a","reconcileID":"88ee7010-08cc-4911-a05c-1f08d9169e8f","object.kind":"ComputeNetwork","object.name":"computenetwork-oqtbvbp6a7fjl2a","result":{"Requeue":false,"RequeueAfter":0},"error":null}
{"severity":"info","timestamp":"2025-09-28T10:48:25.003Z","msg":"parent reconciler starting","controller":"computenetwork-parent-controller","controllerGroup":"compute.cnrm.cloud.google.com","controllerKind":"ComputeNetwork","ComputeNetwork":{"name":"computenetwork-oqtbvbp6a7fjl2a","namespace":"oqtbvbp6a7fjl2a"},"namespace":"oqtbvbp6a7fjl2a","name":"computenetwork-oqtbvbp6a7fjl2a","reconcileID":"4c5d7f02-c220-4e37-8176-bdd7a751c3c0","resource":{"name":"computenetwork-oqtbvbp6a7fjl2a","namespace":"oqtbvbp6a7fjl2a"}}
{"severity":"info","timestamp":"2025-09-28T10:48:25.006Z","logger":"computenetwork-deletion-defender-controller","msg":"resource not found in API server; finishing reconcile","resource":{"name":"computenetwork-oqtbvbp6a7fjl2a","namespace":"oqtbvbp6a7fjl2a"}}
{"severity":"info","timestamp":"2025-09-28T10:48:25.090Z","msg":"Done waiting for resource to delete","kind":"ComputeNetwork","name":"computenetwork-oqtbvbp6a7fjl2a"}
    harness.go:713: waiting for controller-runtime manager shutdown
{"severity":"info","timestamp":"2025-09-28T10:48:25.090Z","msg":"Stopping and waiting for non leader election runnables"}
{"severity":"info","timestamp":"2025-09-28T10:48:25.090Z","msg":"Stopping and waiting for leader election runnables"}
2025/09/28 10:48:25 [DEBUG] parent context canceled, cleaning up batcher batches
2025/09/28 10:48:25 [DEBUG] parent context canceled, cleaning up batcher batches
{"severity":"info","timestamp":"2025-09-28T10:48:25.091Z","logger":"controller-runtime.webhook","msg":"Shutting down webhook server with timeout of 1 minute"}
2025/09/28 10:48:25 [DEBUG] Stopping batcher "IAM"
2025/09/28 10:48:25 [DEBUG] Stopping batcher "Service Usage"
{"severity":"info","timestamp":"2025-09-28T10:48:25.091Z","msg":"Stopping and waiting for caches"}
{"severity":"info","timestamp":"2025-09-28T10:48:25.091Z","msg":"Stopping and waiting for webhooks"}
{"severity":"info","timestamp":"2025-09-28T10:48:25.091Z","msg":"Stopping and waiting for HTTP servers"}
{"severity":"info","timestamp":"2025-09-28T10:48:25.091Z","msg":"Wait completed, proceeding to shutdown the manager"}
    harness.go:715: controller-runtime manager is shutdown
=== NAME  TestAllInSeries
    unified_test.go:150: shutting down manager
--- PASS: TestAllInSeries (201.84s)
    --- PASS: TestAllInSeries/fixtures (201.84s)
        --- PASS: TestAllInSeries/fixtures/networkconnectivityinternalrange-full-ipcidrrange (68.75s)
        --- PASS: TestAllInSeries/fixtures/networkconnectivityinternalrange-full-prefix (67.43s)
        --- PASS: TestAllInSeries/fixtures/networkconnectivityinternalrange-minimal (65.33s)
PASS
ok  	github.com/GoogleCloudPlatform/k8s-config-connector/tests/e2e	203.381s
